Archive member included to satisfy reference by file (symbol)

C:/Program Files/avr-gcc-15.2.0-x64-windows/avr-gcc-15.2.0-x64-windows/bin/../lib/gcc/avr/15.2.0/avr5\libgcc.a(_exit.o)
                              C:/Program Files/avr-gcc-15.2.0-x64-windows/avr-gcc-15.2.0-x64-windows/bin/../lib/gcc/avr/15.2.0/../../../../avr/lib/avr5/crtatmega328p.o (exit)
C:/Program Files/avr-gcc-15.2.0-x64-windows/avr-gcc-15.2.0-x64-windows/bin/../lib/gcc/avr/15.2.0/avr5\libgcc.a(_copy_data.o)
                              main.o (__do_copy_data)
C:/Program Files/avr-gcc-15.2.0-x64-windows/avr-gcc-15.2.0-x64-windows/bin/../lib/gcc/avr/15.2.0/avr5\libgcc.a(_clear_bss.o)
                              main.o (__do_clear_bss)
C:/Program Files/avr-gcc-15.2.0-x64-windows/avr-gcc-15.2.0-x64-windows/bin/../lib/gcc/avr/15.2.0/../../../../avr/lib/avr5\libc.a(iob.o)
                              usart.o (__iob)
C:/Program Files/avr-gcc-15.2.0-x64-windows/avr-gcc-15.2.0-x64-windows/bin/../lib/gcc/avr/15.2.0/../../../../avr/lib/avr5\libc.a(puts.o)
                              main.o (puts)

There are no discarded input sections

Memory Configuration

Name             Origin             Length             Attributes
text             0x00000000         0x00008000         xr
data             0x00800100         0x00000800         rw!x
eeprom           0x00810000         0x00000400         rw!x
fuse             0x00820000         0x00000003         rw!x
lock             0x00830000         0x00000400         rw!x
signature        0x00840000         0x00000400         rw!x
user_signatures  0x00850000         0x00000400         rw!x
*default*        0x00000000         0xffffffff

Linker script and memory map

Address of section .data set to 0x800100
LOAD C:/Program Files/avr-gcc-15.2.0-x64-windows/avr-gcc-15.2.0-x64-windows/bin/../lib/gcc/avr/15.2.0/../../../../avr/lib/avr5/crtatmega328p.o
LOAD main.o
LOAD usart.o
LOAD lcd.o
LOAD pushbutton.o
LOAD SoftwareUart.o
START GROUP
LOAD C:/Program Files/avr-gcc-15.2.0-x64-windows/avr-gcc-15.2.0-x64-windows/bin/../lib/gcc/avr/15.2.0/avr5\libgcc.a
LOAD C:/Program Files/avr-gcc-15.2.0-x64-windows/avr-gcc-15.2.0-x64-windows/bin/../lib/gcc/avr/15.2.0/../../../../avr/lib/avr5\libm.a
LOAD C:/Program Files/avr-gcc-15.2.0-x64-windows/avr-gcc-15.2.0-x64-windows/bin/../lib/gcc/avr/15.2.0/../../../../avr/lib/avr5\libc.a
LOAD C:/Program Files/avr-gcc-15.2.0-x64-windows/avr-gcc-15.2.0-x64-windows/bin/../lib/gcc/avr/15.2.0/../../../../avr/lib/avr5\libatmega328p.a
END GROUP
                [0x00000000]                      __TEXT_REGION_ORIGIN__ = DEFINED (__TEXT_REGION_ORIGIN__)?__TEXT_REGION_ORIGIN__:0x0
                [0x00008000]                      __TEXT_REGION_LENGTH__ = DEFINED (__TEXT_REGION_LENGTH__)?__TEXT_REGION_LENGTH__:0x20000
                [0x00800100]                      __DATA_REGION_ORIGIN__ = DEFINED (__DATA_REGION_ORIGIN__)?__DATA_REGION_ORIGIN__:0x800060
                [0x00000800]                      __DATA_REGION_LENGTH__ = DEFINED (__DATA_REGION_LENGTH__)?__DATA_REGION_LENGTH__:0xffa0
                [0x00000400]                      __EEPROM_REGION_LENGTH__ = DEFINED (__EEPROM_REGION_LENGTH__)?__EEPROM_REGION_LENGTH__:0x10000
                [0x00000003]                      __FUSE_REGION_LENGTH__ = DEFINED (__FUSE_REGION_LENGTH__)?__FUSE_REGION_LENGTH__:0x400
                0x00000400                        __LOCK_REGION_LENGTH__ = DEFINED (__LOCK_REGION_LENGTH__)?__LOCK_REGION_LENGTH__:0x400
                0x00000400                        __SIGNATURE_REGION_LENGTH__ = DEFINED (__SIGNATURE_REGION_LENGTH__)?__SIGNATURE_REGION_LENGTH__:0x400
                0x00000400                        __USER_SIGNATURE_REGION_LENGTH__ = DEFINED (__USER_SIGNATURE_REGION_LENGTH__)?__USER_SIGNATURE_REGION_LENGTH__:0x400

.hash
 *(.hash)

.dynsym
 *(.dynsym)

.dynstr
 *(.dynstr)

.gnu.version
 *(.gnu.version)

.gnu.version_d
 *(.gnu.version_d)

.gnu.version_r
 *(.gnu.version_r)

.rel.init
 *(.rel.init)

.rela.init
 *(.rela.init)

.rel.text
 *(.rel.text)
 *(.rel.text.*)
 *(.rel.gnu.linkonce.t*)

.rela.text
 *(.rela.text)
 *(.rela.text.*)
 *(.rela.gnu.linkonce.t*)

.rel.fini
 *(.rel.fini)

.rela.fini
 *(.rela.fini)

.rel.rodata
 *(.rel.rodata)
 *(.rel.rodata.*)
 *(.rel.gnu.linkonce.r*)

.rela.rodata
 *(.rela.rodata)
 *(.rela.rodata.*)
 *(.rela.gnu.linkonce.r*)

.rel.data
 *(.rel.data)
 *(.rel.data.*)
 *(.rel.gnu.linkonce.d*)

.rela.data
 *(.rela.data)
 *(.rela.data.*)
 *(.rela.gnu.linkonce.d*)

.rel.ctors
 *(.rel.ctors)

.rela.ctors
 *(.rela.ctors)

.rel.dtors
 *(.rel.dtors)

.rela.dtors
 *(.rela.dtors)

.rel.got
 *(.rel.got)

.rela.got
 *(.rela.got)

.rel.bss
 *(.rel.bss)

.rela.bss
 *(.rela.bss)

.rel.plt
 *(.rel.plt)

.rela.plt
 *(.rela.plt)

.text           0x00000000      0x772
 *(.vectors)
 .vectors       0x00000000       0x68 C:/Program Files/avr-gcc-15.2.0-x64-windows/avr-gcc-15.2.0-x64-windows/bin/../lib/gcc/avr/15.2.0/../../../../avr/lib/avr5/crtatmega328p.o
                0x00000000                __vector_default
                0x00000000                __vectors
 *(.vectors)
                0x00000068                        __progmem_start = .
 *(.progmem)
 *(.progmem.*)
                0x00000068                        __progmem_end = .
                0x00000001                        ASSERT (((__progmem_start == __progmem_end) || (__progmem_end <= 0x10000)), .progmem section exceeds 0x10000)
                0x00000068                        . = ALIGN (0x2)
                0x00000068                        __trampolines_start = .
 *(.trampolines)
 .trampolines   0x00000068        0x0 linker stubs
 *(.trampolines*)
                0x00000068                        __trampolines_end = .
                0x00000068                        . = ALIGN (0x2)
 *(.lowtext)
 *(.lowtext*)
                0x00000068                        __ctors_start = .
 *(.ctors)
                0x00000068                        __ctors_end = .
                0x00000068                        __dtors_start = .
 *(.dtors)
                0x00000068                        __dtors_end = .
 SORT_BY_NAME(*)(.ctors)
 SORT_BY_NAME(*)(.dtors)
 *(.init0)
 .init0         0x00000068        0x0 C:/Program Files/avr-gcc-15.2.0-x64-windows/avr-gcc-15.2.0-x64-windows/bin/../lib/gcc/avr/15.2.0/../../../../avr/lib/avr5/crtatmega328p.o
                0x00000068                __init
 *(.init0)
 *(.init1)
 *(.init1)
 *(.init2)
 .init2         0x00000068        0xc C:/Program Files/avr-gcc-15.2.0-x64-windows/avr-gcc-15.2.0-x64-windows/bin/../lib/gcc/avr/15.2.0/../../../../avr/lib/avr5/crtatmega328p.o
 *(.init2)
 *(.init3)
 *(.init3)
 *(.init4)
 .init4         0x00000074       0x16 C:/Program Files/avr-gcc-15.2.0-x64-windows/avr-gcc-15.2.0-x64-windows/bin/../lib/gcc/avr/15.2.0/avr5\libgcc.a(_copy_data.o)
                0x00000074                __do_copy_data
 .init4         0x0000008a       0x10 C:/Program Files/avr-gcc-15.2.0-x64-windows/avr-gcc-15.2.0-x64-windows/bin/../lib/gcc/avr/15.2.0/avr5\libgcc.a(_clear_bss.o)
                0x0000008a                __do_clear_bss
 *(.init4)
 *(.init5)
 *(.init5)
 *(.init6)
 *(.init6)
 *(.init7)
 *(.init7)
 *(.init8)
 *(.init8)
 *(.init9)
 .init9         0x0000009a        0x8 C:/Program Files/avr-gcc-15.2.0-x64-windows/avr-gcc-15.2.0-x64-windows/bin/../lib/gcc/avr/15.2.0/../../../../avr/lib/avr5/crtatmega328p.o
 *(.init9)
 *(.text)
 .text          0x000000a2        0x4 C:/Program Files/avr-gcc-15.2.0-x64-windows/avr-gcc-15.2.0-x64-windows/bin/../lib/gcc/avr/15.2.0/../../../../avr/lib/avr5/crtatmega328p.o
                0x000000a2                __vector_22
                0x000000a2                __vector_1
                0x000000a2                __vector_24
                0x000000a2                __vector_12
                0x000000a2                __bad_interrupt
                0x000000a2                __vector_6
                0x000000a2                __vector_3
                0x000000a2                __vector_23
                0x000000a2                __vector_25
                0x000000a2                __vector_11
                0x000000a2                __vector_13
                0x000000a2                __vector_17
                0x000000a2                __vector_19
                0x000000a2                __vector_7
                0x000000a2                __vector_5
                0x000000a2                __vector_4
                0x000000a2                __vector_9
                0x000000a2                __vector_2
                0x000000a2                __vector_21
                0x000000a2                __vector_15
                0x000000a2                __vector_8
                0x000000a2                __vector_14
                0x000000a2                __vector_10
                0x000000a2                __vector_16
                0x000000a2                __vector_18
                0x000000a2                __vector_20
 .text          0x000000a6      0x2f0 main.o
                0x000000a6                update_lcd
                0x000000da                stop_car
                0x00000114                toggle_mode
                0x0000015a                swap_page
                0x000001aa                forward_and_pi_rad
                0x00000212                back_and_p1
                0x00000276                left_and_p2
                0x000002da                right_and_p3
                0x0000033e                check_press
                0x00000374                Configure_Pins
 .text          0x00000396      0x110 usart.o
                0x00000396                usart_init
                0x000003d0                usart_putchar
                0x000003de                usart_putchar_printf
                0x00000406                usart_getchar
                0x00000414                usart_kbhit
                0x00000420                usart_pstr
                0x0000043a                usart_gets
 .text          0x000004a6      0x16c lcd.o
                0x000004a6                LCD_pulse
                0x000004b4                LCD_byte
                0x0000051a                WriteData
                0x0000052e                WriteCommand
                0x00000542                LCD_4BIT
                0x0000058e                LCDprint
 .text          0x00000612        0x0 pushbutton.o
 .text          0x00000612       0xb4 SoftwareUart.o
                0x00000612                IR_Init
                0x00000644                IR_On
                0x00000656                IR_Off
                0x00000664                SendByte
                0x000006ac                SendString
 .text          0x000006c6        0x0 C:/Program Files/avr-gcc-15.2.0-x64-windows/avr-gcc-15.2.0-x64-windows/bin/../lib/gcc/avr/15.2.0/avr5\libgcc.a(_exit.o)
 .text          0x000006c6        0x0 C:/Program Files/avr-gcc-15.2.0-x64-windows/avr-gcc-15.2.0-x64-windows/bin/../lib/gcc/avr/15.2.0/avr5\libgcc.a(_copy_data.o)
 .text          0x000006c6        0x0 C:/Program Files/avr-gcc-15.2.0-x64-windows/avr-gcc-15.2.0-x64-windows/bin/../lib/gcc/avr/15.2.0/avr5\libgcc.a(_clear_bss.o)
 .text          0x000006c6        0x0 C:/Program Files/avr-gcc-15.2.0-x64-windows/avr-gcc-15.2.0-x64-windows/bin/../lib/gcc/avr/15.2.0/../../../../avr/lib/avr5\libc.a(iob.o)
 .text          0x000006c6        0x0 C:/Program Files/avr-gcc-15.2.0-x64-windows/avr-gcc-15.2.0-x64-windows/bin/../lib/gcc/avr/15.2.0/../../../../avr/lib/avr5\libc.a(puts.o)
                0x000006c6                        . = ALIGN (0x2)
 *(.text.*)
 .text.startup  0x000006c6       0x50 main.o
                0x000006c6                main
 .text.libgcc.mul
                0x00000716        0x0 C:/Program Files/avr-gcc-15.2.0-x64-windows/avr-gcc-15.2.0-x64-windows/bin/../lib/gcc/avr/15.2.0/avr5\libgcc.a(_exit.o)
 .text.libgcc.div
                0x00000716        0x0 C:/Program Files/avr-gcc-15.2.0-x64-windows/avr-gcc-15.2.0-x64-windows/bin/../lib/gcc/avr/15.2.0/avr5\libgcc.a(_exit.o)
 .text.libgcc   0x00000716        0x0 C:/Program Files/avr-gcc-15.2.0-x64-windows/avr-gcc-15.2.0-x64-windows/bin/../lib/gcc/avr/15.2.0/avr5\libgcc.a(_exit.o)
 .text.libgcc.prologue
                0x00000716        0x0 C:/Program Files/avr-gcc-15.2.0-x64-windows/avr-gcc-15.2.0-x64-windows/bin/../lib/gcc/avr/15.2.0/avr5\libgcc.a(_exit.o)
 .text.libgcc.builtins
                0x00000716        0x0 C:/Program Files/avr-gcc-15.2.0-x64-windows/avr-gcc-15.2.0-x64-windows/bin/../lib/gcc/avr/15.2.0/avr5\libgcc.a(_exit.o)
 .text.libgcc.fmul
                0x00000716        0x0 C:/Program Files/avr-gcc-15.2.0-x64-windows/avr-gcc-15.2.0-x64-windows/bin/../lib/gcc/avr/15.2.0/avr5\libgcc.a(_exit.o)
 .text.libgcc.fixed
                0x00000716        0x0 C:/Program Files/avr-gcc-15.2.0-x64-windows/avr-gcc-15.2.0-x64-windows/bin/../lib/gcc/avr/15.2.0/avr5\libgcc.a(_exit.o)
 .text.libgcc.mul
                0x00000716        0x0 C:/Program Files/avr-gcc-15.2.0-x64-windows/avr-gcc-15.2.0-x64-windows/bin/../lib/gcc/avr/15.2.0/avr5\libgcc.a(_copy_data.o)
 .text.libgcc.div
                0x00000716        0x0 C:/Program Files/avr-gcc-15.2.0-x64-windows/avr-gcc-15.2.0-x64-windows/bin/../lib/gcc/avr/15.2.0/avr5\libgcc.a(_copy_data.o)
 .text.libgcc   0x00000716        0x0 C:/Program Files/avr-gcc-15.2.0-x64-windows/avr-gcc-15.2.0-x64-windows/bin/../lib/gcc/avr/15.2.0/avr5\libgcc.a(_copy_data.o)
 .text.libgcc.prologue
                0x00000716        0x0 C:/Program Files/avr-gcc-15.2.0-x64-windows/avr-gcc-15.2.0-x64-windows/bin/../lib/gcc/avr/15.2.0/avr5\libgcc.a(_copy_data.o)
 .text.libgcc.builtins
                0x00000716        0x0 C:/Program Files/avr-gcc-15.2.0-x64-windows/avr-gcc-15.2.0-x64-windows/bin/../lib/gcc/avr/15.2.0/avr5\libgcc.a(_copy_data.o)
 .text.libgcc.fmul
                0x00000716        0x0 C:/Program Files/avr-gcc-15.2.0-x64-windows/avr-gcc-15.2.0-x64-windows/bin/../lib/gcc/avr/15.2.0/avr5\libgcc.a(_copy_data.o)
 .text.libgcc.fixed
                0x00000716        0x0 C:/Program Files/avr-gcc-15.2.0-x64-windows/avr-gcc-15.2.0-x64-windows/bin/../lib/gcc/avr/15.2.0/avr5\libgcc.a(_copy_data.o)
 .text.libgcc.mul
                0x00000716        0x0 C:/Program Files/avr-gcc-15.2.0-x64-windows/avr-gcc-15.2.0-x64-windows/bin/../lib/gcc/avr/15.2.0/avr5\libgcc.a(_clear_bss.o)
 .text.libgcc.div
                0x00000716        0x0 C:/Program Files/avr-gcc-15.2.0-x64-windows/avr-gcc-15.2.0-x64-windows/bin/../lib/gcc/avr/15.2.0/avr5\libgcc.a(_clear_bss.o)
 .text.libgcc   0x00000716        0x0 C:/Program Files/avr-gcc-15.2.0-x64-windows/avr-gcc-15.2.0-x64-windows/bin/../lib/gcc/avr/15.2.0/avr5\libgcc.a(_clear_bss.o)
 .text.libgcc.prologue
                0x00000716        0x0 C:/Program Files/avr-gcc-15.2.0-x64-windows/avr-gcc-15.2.0-x64-windows/bin/../lib/gcc/avr/15.2.0/avr5\libgcc.a(_clear_bss.o)
 .text.libgcc.builtins
                0x00000716        0x0 C:/Program Files/avr-gcc-15.2.0-x64-windows/avr-gcc-15.2.0-x64-windows/bin/../lib/gcc/avr/15.2.0/avr5\libgcc.a(_clear_bss.o)
 .text.libgcc.fmul
                0x00000716        0x0 C:/Program Files/avr-gcc-15.2.0-x64-windows/avr-gcc-15.2.0-x64-windows/bin/../lib/gcc/avr/15.2.0/avr5\libgcc.a(_clear_bss.o)
 .text.libgcc.fixed
                0x00000716        0x0 C:/Program Files/avr-gcc-15.2.0-x64-windows/avr-gcc-15.2.0-x64-windows/bin/../lib/gcc/avr/15.2.0/avr5\libgcc.a(_clear_bss.o)
 .text.avr-libc
                0x00000716       0x58 C:/Program Files/avr-gcc-15.2.0-x64-windows/avr-gcc-15.2.0-x64-windows/bin/../lib/gcc/avr/15.2.0/../../../../avr/lib/avr5\libc.a(puts.o)
                0x00000716                puts
                0x0000076e                        . = ALIGN (0x2)
 *(.fini9)
 .fini9         0x0000076e        0x0 C:/Program Files/avr-gcc-15.2.0-x64-windows/avr-gcc-15.2.0-x64-windows/bin/../lib/gcc/avr/15.2.0/avr5\libgcc.a(_exit.o)
                0x0000076e                _exit
                0x0000076e                exit
 *(.fini9)
 *(.fini8)
 *(.fini8)
 *(.fini7)
 *(.fini7)
 *(.fini6)
 *(.fini6)
 *(.fini5)
 *(.fini5)
 *(.fini4)
 *(.fini4)
 *(.fini3)
 *(.fini3)
 *(.fini2)
 *(.fini2)
 *(.fini1)
 *(.fini1)
 *(.fini0)
 .fini0         0x0000076e        0x4 C:/Program Files/avr-gcc-15.2.0-x64-windows/avr-gcc-15.2.0-x64-windows/bin/../lib/gcc/avr/15.2.0/avr5\libgcc.a(_exit.o)
 *(.fini0)
 *(.hightext)
 *(.hightext*)
 *(.progmemx)
 *(.progmemx.*)
                0x00000772                        . = ALIGN (0x2)
 *(.jumptables)
 *(.jumptables*)
                0x00000772                        _etext = .

.data           0x00800100       0xd8 load address 0x00000772
                0x00800100                        PROVIDE (__data_start = .)
 *(.data)
 .data          0x00800100        0x0 C:/Program Files/avr-gcc-15.2.0-x64-windows/avr-gcc-15.2.0-x64-windows/bin/../lib/gcc/avr/15.2.0/../../../../avr/lib/avr5/crtatmega328p.o
 .data          0x00800100        0x8 main.o
                0x00800100                one80
                0x00800101                right
                0x00800102                left
                0x00800103                backward
                0x00800104                forward
                0x00800105                autoP3
                0x00800106                autoP2
                0x00800107                autoP1
 .data          0x00800108        0xe usart.o
 .data          0x00800116        0x0 lcd.o
 .data          0x00800116        0x0 pushbutton.o
 .data          0x00800116        0x0 SoftwareUart.o
 .data          0x00800116        0x0 C:/Program Files/avr-gcc-15.2.0-x64-windows/avr-gcc-15.2.0-x64-windows/bin/../lib/gcc/avr/15.2.0/avr5\libgcc.a(_exit.o)
 .data          0x00800116        0x0 C:/Program Files/avr-gcc-15.2.0-x64-windows/avr-gcc-15.2.0-x64-windows/bin/../lib/gcc/avr/15.2.0/avr5\libgcc.a(_copy_data.o)
 .data          0x00800116        0x0 C:/Program Files/avr-gcc-15.2.0-x64-windows/avr-gcc-15.2.0-x64-windows/bin/../lib/gcc/avr/15.2.0/avr5\libgcc.a(_clear_bss.o)
 .data          0x00800116        0x0 C:/Program Files/avr-gcc-15.2.0-x64-windows/avr-gcc-15.2.0-x64-windows/bin/../lib/gcc/avr/15.2.0/../../../../avr/lib/avr5\libc.a(iob.o)
 .data          0x00800116        0x0 C:/Program Files/avr-gcc-15.2.0-x64-windows/avr-gcc-15.2.0-x64-windows/bin/../lib/gcc/avr/15.2.0/../../../../avr/lib/avr5\libc.a(puts.o)
 *(.data*)
 *(.gnu.linkonce.d*)
 *(.rodata)
 *(.rodata*)
 .rodata.str1.1
                0x00800116       0xc2 main.o
 *(.gnu.linkonce.r*)
                0x008001d8                        . = ALIGN (0x2)
                0x008001d8                        _edata = .
                0x008001d8                        PROVIDE (__data_end = .)

.bss            0x008001d8        0xe
                0x008001d8                        PROVIDE (__bss_start = .)
 *(.bss)
 .bss           0x008001d8        0x0 C:/Program Files/avr-gcc-15.2.0-x64-windows/avr-gcc-15.2.0-x64-windows/bin/../lib/gcc/avr/15.2.0/../../../../avr/lib/avr5/crtatmega328p.o
 .bss           0x008001d8        0x7 main.o
                0x008001d8                stop
                0x008001d9                LCD_update_request
                0x008001db                page
                0x008001dd                mode
 .bss           0x008001df        0x0 usart.o
 .bss           0x008001df        0x0 lcd.o
 .bss           0x008001df        0x0 pushbutton.o
 .bss           0x008001df        0x1 SoftwareUart.o
                0x008001df                echo
 .bss           0x008001e0        0x0 C:/Program Files/avr-gcc-15.2.0-x64-windows/avr-gcc-15.2.0-x64-windows/bin/../lib/gcc/avr/15.2.0/avr5\libgcc.a(_exit.o)
 .bss           0x008001e0        0x0 C:/Program Files/avr-gcc-15.2.0-x64-windows/avr-gcc-15.2.0-x64-windows/bin/../lib/gcc/avr/15.2.0/avr5\libgcc.a(_copy_data.o)
 .bss           0x008001e0        0x0 C:/Program Files/avr-gcc-15.2.0-x64-windows/avr-gcc-15.2.0-x64-windows/bin/../lib/gcc/avr/15.2.0/avr5\libgcc.a(_clear_bss.o)
 .bss           0x008001e0        0x6 C:/Program Files/avr-gcc-15.2.0-x64-windows/avr-gcc-15.2.0-x64-windows/bin/../lib/gcc/avr/15.2.0/../../../../avr/lib/avr5\libc.a(iob.o)
                0x008001e0                __iob
 .bss           0x008001e6        0x0 C:/Program Files/avr-gcc-15.2.0-x64-windows/avr-gcc-15.2.0-x64-windows/bin/../lib/gcc/avr/15.2.0/../../../../avr/lib/avr5\libc.a(puts.o)
 *(.bss*)
 *(COMMON)
                0x008001e6                        PROVIDE (__bss_end = .)
                0x00000772                        __data_load_start = LOADADDR (.data)
                0x0000084a                        __data_load_end = (__data_load_start + SIZEOF (.data))

.noinit         0x008001e6        0x0
                [!provide]                        PROVIDE (__noinit_start = .)
 *(.noinit .noinit.* .gnu.linkonce.n.*)
                [!provide]                        PROVIDE (__noinit_end = .)
                0x008001e6                        _end = .
                [!provide]                        PROVIDE (__heap_start = .)
                0x00000000                        __flmap_init_label = DEFINED (__flmap_noinit_start)?__flmap_noinit_start:0x0
                0x00000000                        __flmap = DEFINED (__flmap)?__flmap:0x0

.eeprom         0x00810000        0x0
 *(.eeprom*)
                0x00810000                        __eeprom_end = .

.fuse
 *(.fuse)
 *(.lfuse)
 *(.hfuse)
 *(.efuse)

.lock
 *(.lock*)

.signature
 *(.signature*)

.stab
 *(.stab)

.stabstr
 *(.stabstr)

.stab.excl
 *(.stab.excl)

.stab.exclstr
 *(.stab.exclstr)

.stab.index
 *(.stab.index)

.stab.indexstr
 *(.stab.indexstr)

.comment        0x00000000       0x12
 *(.comment)
 .comment       0x00000000       0x12 main.o
                                 0x13 (size before relaxing)
 .comment       0x00000012        0x0 usart.o
                                 0x13 (size before relaxing)
 .comment       0x00000012        0x0 lcd.o
                                 0x13 (size before relaxing)
 .comment       0x00000012        0x0 pushbutton.o
                                 0x13 (size before relaxing)
 .comment       0x00000012        0x0 SoftwareUart.o
                                 0x13 (size before relaxing)
 .comment       0x00000012        0x0 C:/Program Files/avr-gcc-15.2.0-x64-windows/avr-gcc-15.2.0-x64-windows/bin/../lib/gcc/avr/15.2.0/../../../../avr/lib/avr5\libc.a(iob.o)
                                 0x13 (size before relaxing)
 .comment       0x00000012        0x0 C:/Program Files/avr-gcc-15.2.0-x64-windows/avr-gcc-15.2.0-x64-windows/bin/../lib/gcc/avr/15.2.0/../../../../avr/lib/avr5\libc.a(puts.o)
                                 0x13 (size before relaxing)

.note.gnu.avr.deviceinfo
                0x00000000       0x40
 .note.gnu.avr.deviceinfo
                0x00000000       0x40 C:/Program Files/avr-gcc-15.2.0-x64-windows/avr-gcc-15.2.0-x64-windows/bin/../lib/gcc/avr/15.2.0/../../../../avr/lib/avr5/crtatmega328p.o

.gnu.build.attributes
 *(.gnu.build.attributes .gnu.build.attributes.*)

.note.gnu.build-id
 *(.note.gnu.build-id)

.debug
 *(.debug)

.line
 *(.line)

.debug_srcinfo
 *(.debug_srcinfo)

.debug_sfnames
 *(.debug_sfnames)

.debug_aranges  0x00000000      0x100
 *(.debug_aranges)
 .debug_aranges
                0x00000000       0x28 main.o
 .debug_aranges
                0x00000028       0x20 usart.o
 .debug_aranges
                0x00000048       0x20 lcd.o
 .debug_aranges
                0x00000068       0x18 pushbutton.o
 .debug_aranges
                0x00000080       0x20 SoftwareUart.o
 .debug_aranges
                0x000000a0       0x20 C:/Program Files/avr-gcc-15.2.0-x64-windows/avr-gcc-15.2.0-x64-windows/bin/../lib/gcc/avr/15.2.0/avr5\libgcc.a(_exit.o)
 .debug_aranges
                0x000000c0       0x20 C:/Program Files/avr-gcc-15.2.0-x64-windows/avr-gcc-15.2.0-x64-windows/bin/../lib/gcc/avr/15.2.0/avr5\libgcc.a(_copy_data.o)
 .debug_aranges
                0x000000e0       0x20 C:/Program Files/avr-gcc-15.2.0-x64-windows/avr-gcc-15.2.0-x64-windows/bin/../lib/gcc/avr/15.2.0/avr5\libgcc.a(_clear_bss.o)

.debug_pubnames
 *(.debug_pubnames)

.debug_info     0x00000000     0x19a8
 *(.debug_info .gnu.linkonce.wi.*)
 .debug_info    0x00000000      0x5f4 C:/Program Files/avr-gcc-15.2.0-x64-windows/avr-gcc-15.2.0-x64-windows/bin/../lib/gcc/avr/15.2.0/../../../../avr/lib/avr5/crtatmega328p.o
 .debug_info    0x000005f4      0x916 main.o
 .debug_info    0x00000f0a      0x2d7 usart.o
 .debug_info    0x000011e1      0x492 lcd.o
 .debug_info    0x00001673       0x63 pushbutton.o
 .debug_info    0x000016d6      0x266 SoftwareUart.o
 .debug_info    0x0000193c       0x24 C:/Program Files/avr-gcc-15.2.0-x64-windows/avr-gcc-15.2.0-x64-windows/bin/../lib/gcc/avr/15.2.0/avr5\libgcc.a(_exit.o)
 .debug_info    0x00001960       0x24 C:/Program Files/avr-gcc-15.2.0-x64-windows/avr-gcc-15.2.0-x64-windows/bin/../lib/gcc/avr/15.2.0/avr5\libgcc.a(_copy_data.o)
 .debug_info    0x00001984       0x24 C:/Program Files/avr-gcc-15.2.0-x64-windows/avr-gcc-15.2.0-x64-windows/bin/../lib/gcc/avr/15.2.0/avr5\libgcc.a(_clear_bss.o)

.debug_abbrev   0x00000000      0xcdc
 *(.debug_abbrev)
 .debug_abbrev  0x00000000      0x5a2 C:/Program Files/avr-gcc-15.2.0-x64-windows/avr-gcc-15.2.0-x64-windows/bin/../lib/gcc/avr/15.2.0/../../../../avr/lib/avr5/crtatmega328p.o
 .debug_abbrev  0x000005a2      0x1fd main.o
 .debug_abbrev  0x0000079f      0x1d0 usart.o
 .debug_abbrev  0x0000096f      0x196 lcd.o
 .debug_abbrev  0x00000b05       0x2c pushbutton.o
 .debug_abbrev  0x00000b31      0x16f SoftwareUart.o
 .debug_abbrev  0x00000ca0       0x14 C:/Program Files/avr-gcc-15.2.0-x64-windows/avr-gcc-15.2.0-x64-windows/bin/../lib/gcc/avr/15.2.0/avr5\libgcc.a(_exit.o)
 .debug_abbrev  0x00000cb4       0x14 C:/Program Files/avr-gcc-15.2.0-x64-windows/avr-gcc-15.2.0-x64-windows/bin/../lib/gcc/avr/15.2.0/avr5\libgcc.a(_copy_data.o)
 .debug_abbrev  0x00000cc8       0x14 C:/Program Files/avr-gcc-15.2.0-x64-windows/avr-gcc-15.2.0-x64-windows/bin/../lib/gcc/avr/15.2.0/avr5\libgcc.a(_clear_bss.o)

.debug_line     0x00000000     0x16c1
 *(.debug_line .debug_line.* .debug_line_end)
 .debug_line    0x00000000       0x1d C:/Program Files/avr-gcc-15.2.0-x64-windows/avr-gcc-15.2.0-x64-windows/bin/../lib/gcc/avr/15.2.0/../../../../avr/lib/avr5/crtatmega328p.o
 .debug_line    0x0000001d      0x98e main.o
 .debug_line    0x000009ab      0x309 usart.o
 .debug_line    0x00000cb4      0x530 lcd.o
 .debug_line    0x000011e4       0x31 pushbutton.o
 .debug_line    0x00001215      0x35f SoftwareUart.o
 .debug_line    0x00001574       0x51 C:/Program Files/avr-gcc-15.2.0-x64-windows/avr-gcc-15.2.0-x64-windows/bin/../lib/gcc/avr/15.2.0/avr5\libgcc.a(_exit.o)
 .debug_line    0x000015c5       0x87 C:/Program Files/avr-gcc-15.2.0-x64-windows/avr-gcc-15.2.0-x64-windows/bin/../lib/gcc/avr/15.2.0/avr5\libgcc.a(_copy_data.o)
 .debug_line    0x0000164c       0x75 C:/Program Files/avr-gcc-15.2.0-x64-windows/avr-gcc-15.2.0-x64-windows/bin/../lib/gcc/avr/15.2.0/avr5\libgcc.a(_clear_bss.o)

.debug_frame    0x00000000      0x29c
 *(.debug_frame)
 .debug_frame   0x00000000       0xc4 main.o
 .debug_frame   0x000000c4       0xc4 usart.o
 .debug_frame   0x00000188       0x98 lcd.o
 .debug_frame   0x00000220       0x7c SoftwareUart.o

.debug_str      0x00000000      0x550
 *(.debug_str)
 .debug_str     0x00000000      0x208 C:/Program Files/avr-gcc-15.2.0-x64-windows/avr-gcc-15.2.0-x64-windows/bin/../lib/gcc/avr/15.2.0/../../../../avr/lib/avr5/crtatmega328p.o
 .debug_str     0x00000208      0x348 main.o
                                0x23a (size before relaxing)
 .debug_str     0x00000550        0x0 usart.o
                                0x168 (size before relaxing)
 .debug_str     0x00000550        0x0 lcd.o
                                0x174 (size before relaxing)
 .debug_str     0x00000550        0x0 pushbutton.o
                                 0xc4 (size before relaxing)
 .debug_str     0x00000550        0x0 SoftwareUart.o
                                0x145 (size before relaxing)
 .debug_str     0x00000550        0x0 C:/Program Files/avr-gcc-15.2.0-x64-windows/avr-gcc-15.2.0-x64-windows/bin/../lib/gcc/avr/15.2.0/avr5\libgcc.a(_exit.o)
                                 0x68 (size before relaxing)
 .debug_str     0x00000550        0x0 C:/Program Files/avr-gcc-15.2.0-x64-windows/avr-gcc-15.2.0-x64-windows/bin/../lib/gcc/avr/15.2.0/avr5\libgcc.a(_copy_data.o)
                                 0x68 (size before relaxing)
 .debug_str     0x00000550        0x0 C:/Program Files/avr-gcc-15.2.0-x64-windows/avr-gcc-15.2.0-x64-windows/bin/../lib/gcc/avr/15.2.0/avr5\libgcc.a(_clear_bss.o)
                                 0x68 (size before relaxing)

.debug_loc
 *(.debug_loc)

.debug_macinfo
 *(.debug_macinfo)

.debug_weaknames
 *(.debug_weaknames)

.debug_funcnames
 *(.debug_funcnames)

.debug_typenames
 *(.debug_typenames)

.debug_varnames
 *(.debug_varnames)

.debug_pubtypes
 *(.debug_pubtypes)

.debug_ranges
 *(.debug_ranges)

.debug_addr
 *(.debug_addr)

.debug_line_str
                0x00000000      0x1cd
 *(.debug_line_str)
 .debug_line_str
                0x00000000      0x1cd main.o
                                0x1a1 (size before relaxing)
 .debug_line_str
                0x000001cd        0x0 usart.o
                                0x124 (size before relaxing)
 .debug_line_str
                0x000001cd        0x0 lcd.o
                                0x176 (size before relaxing)
 .debug_line_str
                0x000001cd        0x0 pushbutton.o
                                 0xc2 (size before relaxing)
 .debug_line_str
                0x000001cd        0x0 SoftwareUart.o
                                0x191 (size before relaxing)
 .debug_line_str
                0x000001cd        0x0 C:/Program Files/avr-gcc-15.2.0-x64-windows/avr-gcc-15.2.0-x64-windows/bin/../lib/gcc/avr/15.2.0/avr5\libgcc.a(_exit.o)
                                 0x5c (size before relaxing)
 .debug_line_str
                0x000001cd        0x0 C:/Program Files/avr-gcc-15.2.0-x64-windows/avr-gcc-15.2.0-x64-windows/bin/../lib/gcc/avr/15.2.0/avr5\libgcc.a(_copy_data.o)
                                 0x5c (size before relaxing)
 .debug_line_str
                0x000001cd        0x0 C:/Program Files/avr-gcc-15.2.0-x64-windows/avr-gcc-15.2.0-x64-windows/bin/../lib/gcc/avr/15.2.0/avr5\libgcc.a(_clear_bss.o)
                                 0x5c (size before relaxing)

.debug_loclists
                0x00000000      0x757
 *(.debug_loclists)
 .debug_loclists
                0x00000000      0x2dc main.o
 .debug_loclists
                0x000002dc      0x145 usart.o
 .debug_loclists
                0x00000421      0x220 lcd.o
 .debug_loclists
                0x00000641      0x116 SoftwareUart.o

.debug_macro
 *(.debug_macro)

.debug_names
 *(.debug_names)

.debug_rnglists
                0x00000000       0x69
 *(.debug_rnglists)
 .debug_rnglists
                0x00000000       0x56 main.o
 .debug_rnglists
                0x00000056       0x13 SoftwareUart.o

.debug_str_offsets
 *(.debug_str_offsets)

.debug_sup
 *(.debug_sup)
OUTPUT(main.elf elf32-avr)
LOAD linker stubs
