Archive member included to satisfy reference by file (symbol)

C:\Program Files (x86)\Arm\GNU Toolchain mingw-w64-i686-arm-none-eabi\arm-none-eabi\lib\thumb\v6-m\nofp\libnosys.a(errno.o)
                              newlib_stubs.o (errno)
C:\Program Files (x86)\Arm\GNU Toolchain mingw-w64-i686-arm-none-eabi\lib\gcc\arm-none-eabi\15.2.1\thumb\v6-m\nofp\libgcc.a(_divsi3.o)
                              serial.o (__aeabi_idiv)
C:\Program Files (x86)\Arm\GNU Toolchain mingw-w64-i686-arm-none-eabi\lib\gcc\arm-none-eabi\15.2.1\thumb\v6-m\nofp\libgcc.a(_dvmd_tls.o)
                              C:\Program Files (x86)\Arm\GNU Toolchain mingw-w64-i686-arm-none-eabi\lib\gcc\arm-none-eabi\15.2.1\thumb\v6-m\nofp\libgcc.a(_divsi3.o) (__aeabi_idiv0)
C:\Program Files (x86)\Arm\GNU Toolchain mingw-w64-i686-arm-none-eabi\arm-none-eabi\lib\thumb\v6-m\nofp\libc_nano.a(libc_a-nano-vfprintf_float.o)
                              (_printf_float)
C:\Program Files (x86)\Arm\GNU Toolchain mingw-w64-i686-arm-none-eabi\arm-none-eabi\lib\thumb\v6-m\nofp\libc_nano.a(libc_a-nano-vfprintf_i.o)
                              C:\Program Files (x86)\Arm\GNU Toolchain mingw-w64-i686-arm-none-eabi\arm-none-eabi\lib\thumb\v6-m\nofp\libc_nano.a(libc_a-nano-vfprintf_float.o) (_printf_common)
C:\Program Files (x86)\Arm\GNU Toolchain mingw-w64-i686-arm-none-eabi\arm-none-eabi\lib\thumb\v6-m\nofp\libc_nano.a(libc_a-localeconv.o)
                              C:\Program Files (x86)\Arm\GNU Toolchain mingw-w64-i686-arm-none-eabi\arm-none-eabi\lib\thumb\v6-m\nofp\libc_nano.a(libc_a-nano-vfprintf_float.o) (_localeconv_r)
C:\Program Files (x86)\Arm\GNU Toolchain mingw-w64-i686-arm-none-eabi\arm-none-eabi\lib\thumb\v6-m\nofp\libc_nano.a(libc_a-memchr-stub.o)
                              C:\Program Files (x86)\Arm\GNU Toolchain mingw-w64-i686-arm-none-eabi\arm-none-eabi\lib\thumb\v6-m\nofp\libc_nano.a(libc_a-nano-vfprintf_i.o) (memchr)
C:\Program Files (x86)\Arm\GNU Toolchain mingw-w64-i686-arm-none-eabi\arm-none-eabi\lib\thumb\v6-m\nofp\libc_nano.a(libc_a-strlen.o)
                              C:\Program Files (x86)\Arm\GNU Toolchain mingw-w64-i686-arm-none-eabi\arm-none-eabi\lib\thumb\v6-m\nofp\libc_nano.a(libc_a-nano-vfprintf_float.o) (strlen)
C:\Program Files (x86)\Arm\GNU Toolchain mingw-w64-i686-arm-none-eabi\arm-none-eabi\lib\thumb\v6-m\nofp\libc_nano.a(libc_a-dtoa.o)
                              C:\Program Files (x86)\Arm\GNU Toolchain mingw-w64-i686-arm-none-eabi\arm-none-eabi\lib\thumb\v6-m\nofp\libc_nano.a(libc_a-nano-vfprintf_float.o) (_dtoa_r)
C:\Program Files (x86)\Arm\GNU Toolchain mingw-w64-i686-arm-none-eabi\arm-none-eabi\lib\thumb\v6-m\nofp\libc_nano.a(libc_a-malloc.o)
                              C:\Program Files (x86)\Arm\GNU Toolchain mingw-w64-i686-arm-none-eabi\arm-none-eabi\lib\thumb\v6-m\nofp\libc_nano.a(libc_a-dtoa.o) (malloc)
C:\Program Files (x86)\Arm\GNU Toolchain mingw-w64-i686-arm-none-eabi\arm-none-eabi\lib\thumb\v6-m\nofp\libc_nano.a(libc_a-mallocr.o)
                              C:\Program Files (x86)\Arm\GNU Toolchain mingw-w64-i686-arm-none-eabi\arm-none-eabi\lib\thumb\v6-m\nofp\libc_nano.a(libc_a-malloc.o) (_malloc_r)
C:\Program Files (x86)\Arm\GNU Toolchain mingw-w64-i686-arm-none-eabi\arm-none-eabi\lib\thumb\v6-m\nofp\libc_nano.a(libc_a-mlock.o)
                              C:\Program Files (x86)\Arm\GNU Toolchain mingw-w64-i686-arm-none-eabi\arm-none-eabi\lib\thumb\v6-m\nofp\libc_nano.a(libc_a-mallocr.o) (__malloc_lock)
C:\Program Files (x86)\Arm\GNU Toolchain mingw-w64-i686-arm-none-eabi\arm-none-eabi\lib\thumb\v6-m\nofp\libc_nano.a(libc_a-mprec.o)
                              C:\Program Files (x86)\Arm\GNU Toolchain mingw-w64-i686-arm-none-eabi\arm-none-eabi\lib\thumb\v6-m\nofp\libc_nano.a(libc_a-dtoa.o) (_Balloc)
C:\Program Files (x86)\Arm\GNU Toolchain mingw-w64-i686-arm-none-eabi\arm-none-eabi\lib\thumb\v6-m\nofp\libc_nano.a(libc_a-locale.o)
                              C:\Program Files (x86)\Arm\GNU Toolchain mingw-w64-i686-arm-none-eabi\arm-none-eabi\lib\thumb\v6-m\nofp\libc_nano.a(libc_a-localeconv.o) (__global_locale)
C:\Program Files (x86)\Arm\GNU Toolchain mingw-w64-i686-arm-none-eabi\arm-none-eabi\lib\thumb\v6-m\nofp\libc_nano.a(libc_a-impure.o)
                              C:\Program Files (x86)\Arm\GNU Toolchain mingw-w64-i686-arm-none-eabi\arm-none-eabi\lib\thumb\v6-m\nofp\libc_nano.a(libc_a-malloc.o) (_impure_ptr)
C:\Program Files (x86)\Arm\GNU Toolchain mingw-w64-i686-arm-none-eabi\arm-none-eabi\lib\thumb\v6-m\nofp\libc_nano.a(libc_a-sbrkr.o)
                              C:\Program Files (x86)\Arm\GNU Toolchain mingw-w64-i686-arm-none-eabi\arm-none-eabi\lib\thumb\v6-m\nofp\libc_nano.a(libc_a-mallocr.o) (_sbrk_r)
C:\Program Files (x86)\Arm\GNU Toolchain mingw-w64-i686-arm-none-eabi\arm-none-eabi\lib\thumb\v6-m\nofp\libc_nano.a(libc_a-lock.o)
[...]
Memory Configuration

Name             Origin             Length             Attributes
flash            0x08000000         0x00010000
ram              0x20000000         0x00002000
*default*        0x00000000         0xffffffff

Linker script and memory map

LOAD main.o
LOAD robot_control.o
LOAD adc.o
LOAD startup.o
LOAD serial.o
LOAD newlib_stubs.o
LOAD C:\Program Files (x86)\Arm\GNU Toolchain mingw-w64-i686-arm-none-eabi\arm-none-eabi\lib\thumb\v6-m\nofp\libnosys.a
LOAD C:\Program Files (x86)\Arm\GNU Toolchain mingw-w64-i686-arm-none-eabi\lib\gcc\arm-none-eabi\15.2.1\thumb\v6-m\nofp\libgcc.a
START GROUP
LOAD C:\Program Files (x86)\Arm\GNU Toolchain mingw-w64-i686-arm-none-eabi\lib\gcc\arm-none-eabi\15.2.1\thumb\v6-m\nofp\libgcc.a
LOAD C:\Program Files (x86)\Arm\GNU Toolchain mingw-w64-i686-arm-none-eabi\arm-none-eabi\lib\thumb\v6-m\nofp\libc_nano.a
LOAD C:\Program Files (x86)\Arm\GNU Toolchain mingw-w64-i686-arm-none-eabi\arm-none-eabi\lib\thumb\v6-m\nofp\libm.a
END GROUP

.text           0x08000000     0x6eb4
 *(.vectors)
 .vectors       0x08000000       0xb8 startup.o
                0x08000000                Vectors
 *(.after_vectors*)
 .after_vectors
                0x080000b8       0x28 startup.o
                0x080000b8                ResetInit
 *(.text*)
 .text          0x080000e0       0x9c main.o
                0x080000e0                wait_1ms
                0x08000118                delayms
                0x0800013a                main
 .text          0x0800017c      0x6e4 robot_control.o
                0x0800017c                get_path_action
                0x080001d4                PWM_Hardware_Init
                0x08000324                TIM2_Handler
                0x08000500                motor_stop
                0x08000584                motor_forward
                0x080005c4                motor_backward
                0x08000604                motor_rotate_left
                0x08000644                motor_rotate_right
                0x08000684                motor_slight_change
                0x080006cc                execute_path_action
                0x08000730                move_forward_with_field_detection
                0x08000782                intersection_detected
                0x080007ac                auto_mode_task
                0x0800080c                manual_command_execute
 .text          0x08000860      0x190 adc.o
                0x08000860                initADC
                0x08000900                readADC
                0x0800096c                adc_read_left
                0x0800097e                adc_read_right
                0x08000990                adc_read_intersection
                0x080009a2                ADC_Pin_Init
 .text          0x080009f0      0x1a8 startup.o
                0x08000a68                initClock
                0x08000b70                EXTI2_3_Handler
                0x08000b70                TIM21_Handler
                0x08000b70                SysTick_Handler
                0x08000b70                I2C1_Handler
                0x08000b70                PendSV_Handler
                0x08000b70                NMI_Handler
                0x08000b70                WWDG_Handler
                0x08000b70                RTC_Handler
                0x08000b70                EXTI4_15_Handler
                0x08000b70                DMA_CH4_5_6_7_Handler
                0x08000b70                Default_Handler
                0x08000b70                LPUART1_Handler
                0x08000b70                FLASH_Handler
                0x08000b70                EXTI0_1_Handler
                0x08000b70                DMA_CH1_Handler
                0x08000b70                SPI2_Handler
                0x08000b70                DMA_CH2_3_Handler
                0x08000b70                I2C2_Handler
                0x08000b70                SVC_Handler
                0x08000b70                LPTIM1_Handler
                0x08000b70                USART2_Handler
                0x08000b70                SPI1_Handler
                0x08000b70                RCC_Handler
                0x08000b70                PVD_Handler
                0x08000b70                TIM6_Handler
                0x08000b70                TIM22_Handler
                0x08000b70                ADC_COMP_Handler
                0x08000b84                Hard_Fault_Handler
 .text          0x08000b98      0x5b4 serial.o
                0x08000b98                ReadCom
                0x08000c0c                WriteCom
                0x08000cac                initUART
                0x08000dfc                USART1_Handler
                0x08000e28                usart_rx
                0x08000e58                usart_tx
                0x08000ec0                PutBuf
                0x08000f22                GetBuf
                0x08000f78                GetBufCount
                0x08000f8c                eputs
                0x08000fc8                eputc
                0x08000fe6                egetc
                0x08001000                egets
                0x0800108c                egetc_echo
                0x080010b2                egets_echo
 .text          0x0800114c      0x29c newlib_stubs.o
                0x0800114c                _exit
                0x08001156                _close
                0x0800116a                _execve
                0x0800118c                _fork
                0x080011a4                _fstat
                0x080011c0                _getpid
                0x080011cc                _kill
                0x080011ec                _link
                0x0800120c                _lseek
                0x08001222                _stat
                0x0800123e                _times
                0x08001252                _unlink
                0x08001270                _wait
                0x08001290                _isatty
                0x080012b8                _sbrk
                0x0800131c                _read
                0x08001394                _write
 .text          0x080013e8        0x0 C:\Program Files (x86)\Arm\GNU Toolchain mingw-w64-i686-arm-none-eabi\arm-none-eabi\lib\thumb\v6-m\nofp\libnosys.a(errno.o)
 .text          0x080013e8      0x1d4 C:\Program Files (x86)\Arm\GNU Toolchain mingw-w64-i686-arm-none-eabi\lib\gcc\arm-none-eabi\15.2.1\thumb\v6-m\nofp\libgcc.a(_divsi3.o)
                0x080013e8                __divsi3
                0x080013e8                __aeabi_idiv
                0x080015b4                __aeabi_idivmod
 .text          0x080015bc        0x4 C:\Program Files (x86)\Arm\GNU Toolchain mingw-w64-i686-arm-none-eabi\lib\gcc\arm-none-eabi\15.2.1\thumb\v6-m\nofp\libgcc.a(_dvmd_tls.o)
                0x080015bc                __aeabi_idiv0
                0x080015bc                __aeabi_ldiv0
 .text          0x080015c0        0x0 C:\Program Files (x86)\Arm\GNU Toolchain mingw-w64-i686-arm-none-eabi\arm-none-eabi\lib\thumb\v6-m\nofp\libc_nano.a(libc_a-nano-vfprintf_float.o)
 .text.__cvt    0x080015c0       0xcc C:\Program Files (x86)\Arm\GNU Toolchain mingw-w64-i686-arm-none-eabi\arm-none-eabi\lib\thumb\v6-m\nofp\libc_nano.a(libc_a-nano-vfprintf_float.o)
                0x080015c0                __cvt
 .text.__exponent
                0x0800168c       0x82 C:\Program Files (x86)\Arm\GNU Toolchain mingw-w64-i686-arm-none-eabi\arm-none-eabi\lib\thumb\v6-m\nofp\libc_nano.a(libc_a-nano-vfprintf_float.o)
                0x0800168c                __exponent
 *fill*         0x0800170e        0x2 
 .text._printf_float
                0x08001710      0x458 C:\Program Files (x86)\Arm\GNU Toolchain mingw-w64-i686-arm-none-eabi\arm-none-eabi\lib\thumb\v6-m\nofp\libc_nano.a(libc_a-nano-vfprintf_float.o)
                0x08001710                _printf_float
 .text          0x08001b68        0x0 C:\Program Files (x86)\Arm\GNU Toolchain mingw-w64-i686-arm-none-eabi\arm-none-eabi\lib\thumb\v6-m\nofp\libc_nano.a(libc_a-nano-vfprintf_i.o)
 .text._printf_common
                0x08001b68       0xde C:\Program Files (x86)\Arm\GNU Toolchain mingw-w64-i686-arm-none-eabi\arm-none-eabi\lib\thumb\v6-m\nofp\libc_nano.a(libc_a-nano-vfprintf_i.o)
                0x08001b68                _printf_common
 *fill*         0x08001c46        0x2 
 .text._printf_i
                0x08001c48      0x214 C:\Program Files (x86)\Arm\GNU Toolchain mingw-w64-i686-arm-none-eabi\arm-none-eabi\lib\thumb\v6-m\nofp\libc_nano.a(libc_a-nano-vfprintf_i.o)
                0x08001c48                _printf_i
 .text          0x08001e5c        0x0 C:\Program Files (x86)\Arm\GNU Toolchain mingw-w64-i686-arm-none-eabi\arm-none-eabi\lib\thumb\v6-m\nofp\libc_nano.a(libc_a-localeconv.o)
 .text.__localeconv_l
                0x08001e5c        0x4 C:\Program Files (x86)\Arm\GNU Toolchain mingw-w64-i686-arm-none-eabi\arm-none-eabi\lib\thumb\v6-m\nofp\libc_nano.a(libc_a-localeconv.o)
                0x08001e5c                __localeconv_l
 .text._localeconv_r
                0x08001e60        0x8 C:\Program Files (x86)\Arm\GNU Toolchain mingw-w64-i686-arm-none-eabi\arm-none-eabi\lib\thumb\v6-m\nofp\libc_nano.a(libc_a-localeconv.o)
                0x08001e60                _localeconv_r
 .text.localeconv
                0x08001e68        0x8 C:\Program Files (x86)\Arm\GNU Toolchain mingw-w64-i686-arm-none-eabi\arm-none-eabi\lib\thumb\v6-m\nofp\libc_nano.a(libc_a-localeconv.o)
                0x08001e68                localeconv
 .text          0x08001e70        0x0 C:\Program Files (x86)\Arm\GNU Toolchain mingw-w64-i686-arm-none-eabi\arm-none-eabi\lib\thumb\v6-m\nofp\libc_nano.a(libc_a-memchr-stub.o)
 .text.memchr   0x08001e70       0x16 C:\Program Files (x86)\Arm\GNU Toolchain mingw-w64-i686-arm-none-eabi\arm-none-eabi\lib\thumb\v6-m\nofp\libc_nano.a(libc_a-memchr-stub.o)
                0x08001e70                memchr
 .text          0x08001e86        0xe C:\Program Files (x86)\Arm\GNU Toolchain mingw-w64-i686-arm-none-eabi\arm-none-eabi\lib\thumb\v6-m\nofp\libc_nano.a(libc_a-strlen.o)
                0x08001e86                strlen
 .text          0x08001e94        0x0 C:\Program Files (x86)\Arm\GNU Toolchain mingw-w64-i686-arm-none-eabi\arm-none-eabi\lib\thumb\v6-m\nofp\libc_nano.a(libc_a-dtoa.o)
 .text.quorem   0x08001e94      0x11c C:\Program Files (x86)\Arm\GNU Toolchain mingw-w64-i686-arm-none-eabi\arm-none-eabi\lib\thumb\v6-m\nofp\libc_nano.a(libc_a-dtoa.o)
 .text._dtoa_r  0x08001fb0      0xbc4 C:\Program Files (x86)\Arm\GNU Toolchain mingw-w64-i686-arm-none-eabi\arm-none-eabi\lib\thumb\v6-m\nofp\libc_nano.a(libc_a-dtoa.o)
                0x08001fb0                _dtoa_r
 .text          0x08002b74        0x0 C:\Program Files (x86)\Arm\GNU Toolchain mingw-w64-i686-arm-none-eabi\arm-none-eabi\lib\thumb\v6-m\nofp\libc_nano.a(libc_a-malloc.o)
 .text.malloc   0x08002b74       0x14 C:\Program Files (x86)\Arm\GNU Toolchain mingw-w64-i686-arm-none-eabi\arm-none-eabi\lib\thumb\v6-m\nofp\libc_nano.a(libc_a-malloc.o)
                0x08002b74                malloc
 .text.free     0x08002b88       0x14 C:\Program Files (x86)\Arm\GNU Toolchain mingw-w64-i686-arm-none-eabi\arm-none-eabi\lib\thumb\v6-m\nofp\libc_nano.a(libc_a-malloc.o)
                0x08002b88                free
 .text          0x08002b9c        0x0 C:\Program Files (x86)\Arm\GNU Toolchain mingw-w64-i686-arm-none-eabi\arm-none-eabi\lib\thumb\v6-m\nofp\libc_nano.a(libc_a-mallocr.o)
 .text.sbrk_aligned
                0x08002b9c       0x44 C:\Program Files (x86)\Arm\GNU Toolchain mingw-w64-i686-arm-none-eabi\arm-none-eabi\lib\thumb\v6-m\nofp\libc_nano.a(libc_a-mallocr.o)
 .text._malloc_r
                0x08002be0      0x100 C:\Program Files (x86)\Arm\GNU Toolchain mingw-w64-i686-arm-none-eabi\arm-none-eabi\lib\thumb\v6-m\nofp\libc_nano.a(libc_a-mallocr.o)
                0x08002be0                _malloc_r
 .text          0x08002ce0        0x0 C:\Program Files (x86)\Arm\GNU Toolchain mingw-w64-i686-arm-none-eabi\arm-none-eabi\lib\thumb\v6-m\nofp\libc_nano.a(libc_a-mlock.o)
 .text.__malloc_lock
                0x08002ce0       0x10 C:\Program Files (x86)\Arm\GNU Toolchain mingw-w64-i686-arm-none-eabi\arm-none-eabi\lib\thumb\v6-m\nofp\libc_nano.a(libc_a-mlock.o)
                0x08002ce0                __malloc_lock
 .text.__malloc_unlock
                0x08002cf0       0x10 C:\Program Files (x86)\Arm\GNU Toolchain mingw-w64-i686-arm-none-eabi\arm-none-eabi\lib\thumb\v6-m\nofp\libc_nano.a(libc_a-mlock.o)
                0x08002cf0                __malloc_unlock
 .text          0x08002d00        0x0 C:\Program Files (x86)\Arm\GNU Toolchain mingw-w64-i686-arm-none-eabi\arm-none-eabi\lib\thumb\v6-m\nofp\libc_nano.a(libc_a-mprec.o)
 .text._Balloc  0x08002d00       0x84 C:\Program Files (x86)\Arm\GNU Toolchain mingw-w64-i686-arm-none-eabi\arm-none-eabi\lib\thumb\v6-m\nofp\libc_nano.a(libc_a-mprec.o)
                0x08002d00                _Balloc
 .text._Bfree   0x08002d84       0x4c C:\Program Files (x86)\Arm\GNU Toolchain mingw-w64-i686-arm-none-eabi\arm-none-eabi\lib\thumb\v6-m\nofp\libc_nano.a(libc_a-mprec.o)
                0x08002d84                _Bfree
 .text.__multadd
                0x08002dd0       0x88 C:\Program Files (x86)\Arm\GNU Toolchain mingw-w64-i686-arm-none-eabi\arm-none-eabi\lib\thumb\v6-m\nofp\libc_nano.a(libc_a-mprec.o)
                0x08002dd0                __multadd
 .text.__s2b    0x08002e58       0x98 C:\Program Files (x86)\Arm\GNU Toolchain mingw-w64-i686-arm-none-eabi\arm-none-eabi\lib\thumb\v6-m\nofp\libc_nano.a(libc_a-mprec.o)
                0x08002e58                __s2b
 .text.__hi0bits
                0x08002ef0       0x42 C:\Program Files (x86)\Arm\GNU Toolchain mingw-w64-i686-arm-none-eabi\arm-none-eabi\lib\thumb\v6-m\nofp\libc_nano.a(libc_a-mprec.o)
                0x08002ef0                __hi0bits
 .text.__lo0bits
                0x08002f32       0x60 C:\Program Files (x86)\Arm\GNU Toolchain mingw-w64-i686-arm-none-eabi\arm-none-eabi\lib\thumb\v6-m\nofp\libc_nano.a(libc_a-mprec.o)
                0x08002f32                __lo0bits
 *fill*         0x08002f92        0x2 
 .text.__i2b    0x08002f94       0x2c C:\Program Files (x86)\Arm\GNU Toolchain mingw-w64-i686-arm-none-eabi\arm-none-eabi\lib\thumb\v6-m\nofp\libc_nano.a(libc_a-mprec.o)
                0x08002f94                __i2b
 .text.__multiply
                0x08002fc0      0x174 C:\Program Files (x86)\Arm\GNU Toolchain mingw-w64-i686-arm-none-eabi\arm-none-eabi\lib\thumb\v6-m\nofp\libc_nano.a(libc_a-mprec.o)
                0x08002fc0                __multiply
 .text.__pow5mult
                0x08003134       0xc4 C:\Program Files (x86)\Arm\GNU Toolchain mingw-w64-i686-arm-none-eabi\arm-none-eabi\lib\thumb\v6-m\nofp\libc_nano.a(libc_a-mprec.o)
                0x08003134                __pow5mult
 .text.__lshift
                0x080031f8       0xd8 C:\Program Files (x86)\Arm\GNU Toolchain mingw-w64-i686-arm-none-eabi\arm-none-eabi\lib\thumb\v6-m\nofp\libc_nano.a(libc_a-mprec.o)
                0x080031f8                __lshift
 .text.__mcmp   0x080032d0       0x34 C:\Program Files (x86)\Arm\GNU Toolchain mingw-w64-i686-arm-none-eabi\arm-none-eabi\lib\thumb\v6-m\nofp\libc_nano.a(libc_a-mprec.o)
                0x080032d0                __mcmp
 .text.__mdiff  0x08003304      0x144 C:\Program Files (x86)\Arm\GNU Toolchain mingw-w64-i686-arm-none-eabi\arm-none-eabi\lib\thumb\v6-m\nofp\libc_nano.a(libc_a-mprec.o)
                0x08003304                __mdiff
 .text.__ulp    0x08003448       0x40 C:\Program Files (x86)\Arm\GNU Toolchain mingw-w64-i686-arm-none-eabi\arm-none-eabi\lib\thumb\v6-m\nofp\libc_nano.a(libc_a-mprec.o)
                0x08003448                __ulp
 .text.__b2d    0x08003488       0x98 C:\Program Files (x86)\Arm\GNU Toolchain mingw-w64-i686-arm-none-eabi\arm-none-eabi\lib\thumb\v6-m\nofp\libc_nano.a(libc_a-mprec.o)
                0x08003488                __b2d
 .text.__d2b    0x08003520       0xc0 C:\Program Files (x86)\Arm\GNU Toolchain mingw-w64-i686-arm-none-eabi\arm-none-eabi\lib\thumb\v6-m\nofp\libc_nano.a(libc_a-mprec.o)
                0x08003520                __d2b
 .text.__ratio  0x080035e0       0x52 C:\Program Files (x86)\Arm\GNU Toolchain mingw-w64-i686-arm-none-eabi\arm-none-eabi\lib\thumb\v6-m\nofp\libc_nano.a(libc_a-mprec.o)
                0x080035e0                __ratio
 *fill*         0x08003632        0x2 
 .text._mprec_log10
                0x08003634       0x34 C:\Program Files (x86)\Arm\GNU Toolchain mingw-w64-i686-arm-none-eabi\arm-none-eabi\lib\thumb\v6-m\nofp\libc_nano.a(libc_a-mprec.o)
                0x08003634                _mprec_log10
 .text.__copybits
                0x08003668       0x42 C:\Program Files (x86)\Arm\GNU Toolchain mingw-w64-i686-arm-none-eabi\arm-none-eabi\lib\thumb\v6-m\nofp\libc_nano.a(libc_a-mprec.o)
                0x08003668                __copybits
 .text.__any_on
                0x080036aa       0x46 C:\Program Files (x86)\Arm\GNU Toolchain mingw-w64-i686-arm-none-eabi\arm-none-eabi\lib\thumb\v6-m\nofp\libc_nano.a(libc_a-mprec.o)
                0x080036aa                __any_on
 .text          0x080036f0        0x0 C:\Program Files (x86)\Arm\GNU Toolchain mingw-w64-i686-arm-none-eabi\arm-none-eabi\lib\thumb\v6-m\nofp\libc_nano.a(libc_a-locale.o)
 .text._setlocale_r
                0x080036f0       0x40 C:\Program Files (x86)\Arm\GNU Toolchain mingw-w64-i686-arm-none-eabi\arm-none-eabi\lib\thumb\v6-m\nofp\libc_nano.a(libc_a-locale.o)
                0x080036f0                _setlocale_r
 .text.__locale_mb_cur_max
                0x08003730       0x10 C:\Program Files (x86)\Arm\GNU Toolchain mingw-w64-i686-arm-none-eabi\arm-none-eabi\lib\thumb\v6-m\nofp\libc_nano.a(libc_a-locale.o)
                0x08003730                __locale_mb_cur_max
 .text.setlocale
                0x08003740       0x14 C:\Program Files (x86)\Arm\GNU Toolchain mingw-w64-i686-arm-none-eabi\arm-none-eabi\lib\thumb\v6-m\nofp\libc_nano.a(libc_a-locale.o)
                0x08003740                setlocale
 .text          0x08003754        0x0 C:\Program Files (x86)\Arm\GNU Toolchain mingw-w64-i686-arm-none-eabi\arm-none-eabi\lib\thumb\v6-m\nofp\libc_nano.a(libc_a-impure.o)
 .text          0x08003754        0x0 C:\Program Files (x86)\Arm\GNU Toolchain mingw-w64-i686-arm-none-eabi\arm-none-eabi\lib\thumb\v6-m\nofp\libc_nano.a(libc_a-sbrkr.o)
 .text._sbrk_r  0x08003754       0x24 C:\Program Files (x86)\Arm\GNU Toolchain mingw-w64-i686-arm-none-eabi\arm-none-eabi\lib\thumb\v6-m\nofp\libc_nano.a(libc_a-sbrkr.o)
                0x08003754                _sbrk_r
 .text          0x08003778        0x0 C:\Program Files (x86)\Arm\GNU Toolchain mingw-w64-i686-arm-none-eabi\arm-none-eabi\lib\thumb\v6-m\nofp\libc_nano.a(libc_a-lock.o)
 .text.__retarget_lock_init
                0x08003778        0x2 C:\Program Files (x86)\Arm\GNU Toolchain mingw-w64-i686-arm-none-eabi\arm-none-eabi\lib\thumb\v6-m\nofp\libc_nano.a(libc_a-lock.o)
                0x08003778                __retarget_lock_init
 .text.__retarget_lock_init_recursive
                0x0800377a        0x2 C:\Program Files (x86)\Arm\GNU Toolchain mingw-w64-i686-arm-none-eabi\arm-none-eabi\lib\thumb\v6-m\nofp\libc_nano.a(libc_a-lock.o)
                0x0800377a                __retarget_lock_init_recursive
 .text.__retarget_lock_close
                0x0800377c        0x2 C:\Program Files (x86)\Arm\GNU Toolchain mingw-w64-i686-arm-none-eabi\arm-none-eabi\lib\thumb\v6-m\nofp\libc_nano.a(libc_a-lock.o)
                0x0800377c                __retarget_lock_close
 .text.__retarget_lock_close_recursive
                0x0800377e        0x2 C:\Program Files (x86)\Arm\GNU Toolchain mingw-w64-i686-arm-none-eabi\arm-none-eabi\lib\thumb\v6-m\nofp\libc_nano.a(libc_a-lock.o)
                0x0800377e                __retarget_lock_close_recursive
 .text.__retarget_lock_acquire
                0x08003780        0x2 C:\Program Files (x86)\Arm\GNU Toolchain mingw-w64-i686-arm-none-eabi\arm-none-eabi\lib\thumb\v6-m\nofp\libc_nano.a(libc_a-lock.o)
                0x08003780                __retarget_lock_acquire
 .text.__retarget_lock_acquire_recursive
                0x08003782        0x2 C:\Program Files (x86)\Arm\GNU Toolchain mingw-w64-i686-arm-none-eabi\arm-none-eabi\lib\thumb\v6-m\nofp\libc_nano.a(libc_a-lock.o)
                0x08003782                __retarget_lock_acquire_recursive
 .text.__retarget_lock_try_acquire
                0x08003784        0x4 C:\Program Files (x86)\Arm\GNU Toolchain mingw-w64-i686-arm-none-eabi\arm-none-eabi\lib\thumb\v6-m\nofp\libc_nano.a(libc_a-lock.o)
                0x08003784                __retarget_lock_try_acquire
 .text.__retarget_lock_try_acquire_recursive
                0x08003788        0x4 C:\Program Files (x86)\Arm\GNU Toolchain mingw-w64-i686-arm-none-eabi\arm-none-eabi\lib\thumb\v6-m\nofp\libc_nano.a(libc_a-lock.o)
                0x08003788                __retarget_lock_try_acquire_recursive
 .text.__retarget_lock_release
                0x0800378c        0x2 C:\Program Files (x86)\Arm\GNU Toolchain mingw-w64-i686-arm-none-eabi\arm-none-eabi\lib\thumb\v6-m\nofp\libc_nano.a(libc_a-lock.o)
                0x0800378c                __retarget_lock_release
 .text.__retarget_lock_release_recursive
                0x0800378e        0x2 C:\Program Files (x86)\Arm\GNU Toolchain mingw-w64-i686-arm-none-eabi\arm-none-eabi\lib\thumb\v6-m\nofp\libc_nano.a(libc_a-lock.o)
                0x0800378e                __retarget_lock_release_recursive
 .text          0x08003790       0x14 C:\Program Files (x86)\Arm\GNU Toolchain mingw-w64-i686-arm-none-eabi\arm-none-eabi\lib\thumb\v6-m\nofp\libc_nano.a(libc_a-strcmp.o)
                0x08003790                strcmp
 .text          0x080037a4        0x0 C:\Program Files (x86)\Arm\GNU Toolchain mingw-w64-i686-arm-none-eabi\arm-none-eabi\lib\thumb\v6-m\nofp\libc_nano.a(libc_a-memcpy-stub.o)
 .text.memcpy   0x080037a4       0x12 C:\Program Files (x86)\Arm\GNU Toolchain mingw-w64-i686-arm-none-eabi\arm-none-eabi\lib\thumb\v6-m\nofp\libc_nano.a(libc_a-memcpy-stub.o)
                0x080037a4                memcpy
 .text          0x080037b6        0x0 C:\Program Files (x86)\Arm\GNU Toolchain mingw-w64-i686-arm-none-eabi\arm-none-eabi\lib\thumb\v6-m\nofp\libc_nano.a(libc_a-assert.o)
 *fill*         0x080037b6        0x2 
 .text.__assert_func
                0x080037b8       0x3c C:\Program Files (x86)\Arm\GNU Toolchain mingw-w64-i686-arm-none-eabi\arm-none-eabi\lib\thumb\v6-m\nofp\libc_nano.a(libc_a-assert.o)
                0x080037b8                __assert_func
 .text.__assert
                0x080037f4        0xa C:\Program Files (x86)\Arm\GNU Toolchain mingw-w64-i686-arm-none-eabi\arm-none-eabi\lib\thumb\v6-m\nofp\libc_nano.a(libc_a-assert.o)
                0x080037f4                __assert
 .text          0x080037fe        0x0 C:\Program Files (x86)\Arm\GNU Toolchain mingw-w64-i686-arm-none-eabi\arm-none-eabi\lib\thumb\v6-m\nofp\libc_nano.a(libc_a-callocr.o)
 .text._calloc_r
                0x080037fe       0x5a C:\Program Files (x86)\Arm\GNU Toolchain mingw-w64-i686-arm-none-eabi\arm-none-eabi\lib\thumb\v6-m\nofp\libc_nano.a(libc_a-callocr.o)
                0x080037fe                _calloc_r
 .text          0x08003858        0x0 C:\Program Files (x86)\Arm\GNU Toolchain mingw-w64-i686-arm-none-eabi\arm-none-eabi\lib\thumb\v6-m\nofp\libc_nano.a(libc_a-freer.o)
 .text._free_r  0x08003858       0x94 C:\Program Files (x86)\Arm\GNU Toolchain mingw-w64-i686-arm-none-eabi\arm-none-eabi\lib\thumb\v6-m\nofp\libc_nano.a(libc_a-freer.o)
                0x08003858                _free_r
 .text          0x080038ec        0x0 C:\Program Files (x86)\Arm\GNU Toolchain mingw-w64-i686-arm-none-eabi\arm-none-eabi\lib\thumb\v6-m\nofp\libc_nano.a(libc_a-mbtowc_r.o)
 .text._mbtowc_r
                0x080038ec       0x14 C:\Program Files (x86)\Arm\GNU Toolchain mingw-w64-i686-arm-none-eabi\arm-none-eabi\lib\thumb\v6-m\nofp\libc_nano.a(libc_a-mbtowc_r.o)
                0x080038ec                _mbtowc_r
 .text.__ascii_mbtowc
                0x08003900       0x24 C:\Program Files (x86)\Arm\GNU Toolchain mingw-w64-i686-arm-none-eabi\arm-none-eabi\lib\thumb\v6-m\nofp\libc_nano.a(libc_a-mbtowc_r.o)
                0x08003900                __ascii_mbtowc
 .text          0x08003924        0x0 C:\Program Files (x86)\Arm\GNU Toolchain mingw-w64-i686-arm-none-eabi\arm-none-eabi\lib\thumb\v6-m\nofp\libc_nano.a(libc_a-wctomb_r.o)
 .text._wctomb_r
                0x08003924       0x10 C:\Program Files (x86)\Arm\GNU Toolchain mingw-w64-i686-arm-none-eabi\arm-none-eabi\lib\thumb\v6-m\nofp\libc_nano.a(libc_a-wctomb_r.o)
                0x08003924                _wctomb_r
 .text.__ascii_wctomb
                0x08003934       0x18 C:\Program Files (x86)\Arm\GNU Toolchain mingw-w64-i686-arm-none-eabi\arm-none-eabi\lib\thumb\v6-m\nofp\libc_nano.a(libc_a-wctomb_r.o)
                0x08003934                __ascii_wctomb
 .text          0x0800394c        0x0 C:\Program Files (x86)\Arm\GNU Toolchain mingw-w64-i686-arm-none-eabi\arm-none-eabi\lib\thumb\v6-m\nofp\libc_nano.a(libc_a-ctype_.o)
 .text          0x0800394c        0x0 C:\Program Files (x86)\Arm\GNU Toolchain mingw-w64-i686-arm-none-eabi\arm-none-eabi\lib\thumb\v6-m\nofp\libc_nano.a(libc_a-fprintf.o)
 .text._fprintf_r
                0x0800394c       0x16 C:\Program Files (x86)\Arm\GNU Toolchain mingw-w64-i686-arm-none-eabi\arm-none-eabi\lib\thumb\v6-m\nofp\libc_nano.a(libc_a-fprintf.o)
                0x0800394c                _fiprintf_r
                0x0800394c                _fprintf_r
 *fill*         0x08003962        0x2 
 .text.fprintf  0x08003964       0x20 C:\Program Files (x86)\Arm\GNU Toolchain mingw-w64-i686-arm-none-eabi\arm-none-eabi\lib\thumb\v6-m\nofp\libc_nano.a(libc_a-fprintf.o)
                0x08003964                fiprintf
                0x08003964                fprintf
 .text          0x08003984        0x0 C:\Program Files (x86)\Arm\GNU Toolchain mingw-w64-i686-arm-none-eabi\arm-none-eabi\lib\thumb\v6-m\nofp\libc_nano.a(libc_a-memset.o)
 .text.memset   0x08003984       0x10 C:\Program Files (x86)\Arm\GNU Toolchain mingw-w64-i686-arm-none-eabi\arm-none-eabi\lib\thumb\v6-m\nofp\libc_nano.a(libc_a-memset.o)
                0x08003984                memset
 .text          0x08003994        0x0 C:\Program Files (x86)\Arm\GNU Toolchain mingw-w64-i686-arm-none-eabi\arm-none-eabi\lib\thumb\v6-m\nofp\libc_nano.a(libc_a-abort.o)
 .text.abort    0x08003994        0xe C:\Program Files (x86)\Arm\GNU Toolchain mingw-w64-i686-arm-none-eabi\arm-none-eabi\lib\thumb\v6-m\nofp\libc_nano.a(libc_a-abort.o)
                0x08003994                abort
 .text          0x080039a2        0x0 C:\Program Files (x86)\Arm\GNU Toolchain mingw-w64-i686-arm-none-eabi\arm-none-eabi\lib\thumb\v6-m\nofp\libc_nano.a(libc_a-nano-vfprintf.o)
 .text.__sfputc_r
                0x080039a2       0x2a C:\Program Files (x86)\Arm\GNU Toolchain mingw-w64-i686-arm-none-eabi\arm-none-eabi\lib\thumb\v6-m\nofp\libc_nano.a(libc_a-nano-vfprintf.o)
 .text.__sfputs_r
                0x080039cc       0x24 C:\Program Files (x86)\Arm\GNU Toolchain mingw-w64-i686-arm-none-eabi\arm-none-eabi\lib\thumb\v6-m\nofp\libc_nano.a(libc_a-nano-vfprintf.o)
                0x080039cc                __sfputs_r
 .text.__sprint_r
                0x080039f0       0x20 C:\Program Files (x86)\Arm\GNU Toolchain mingw-w64-i686-arm-none-eabi\arm-none-eabi\lib\thumb\v6-m\nofp\libc_nano.a(libc_a-nano-vfprintf.o)
                0x080039f0                __sprint_r
 .text._vfprintf_r
                0x08003a10      0x224 C:\Program Files (x86)\Arm\GNU Toolchain mingw-w64-i686-arm-none-eabi\arm-none-eabi\lib\thumb\v6-m\nofp\libc_nano.a(libc_a-nano-vfprintf.o)
                0x08003a10                _vfprintf_r
                0x08003a10                _vfiprintf_r
 .text.vfprintf
                0x08003c34       0x18 C:\Program Files (x86)\Arm\GNU Toolchain mingw-w64-i686-arm-none-eabi\arm-none-eabi\lib\thumb\v6-m\nofp\libc_nano.a(libc_a-nano-vfprintf.o)
                0x08003c34                vfprintf
                0x08003c34                vfiprintf
 .text          0x08003c4c        0x0 C:\Program Files (x86)\Arm\GNU Toolchain mingw-w64-i686-arm-none-eabi\arm-none-eabi\lib\thumb\v6-m\nofp\libc_nano.a(libc_a-findfp.o)
 .text.std      0x08003c4c       0x6c C:\Program Files (x86)\Arm\GNU Toolchain mingw-w64-i686-arm-none-eabi\arm-none-eabi\lib\thumb\v6-m\nofp\libc_nano.a(libc_a-findfp.o)
 .text.stdio_exit_handler
                0x08003cb8       0x1c C:\Program Files (x86)\Arm\GNU Toolchain mingw-w64-i686-arm-none-eabi\arm-none-eabi\lib\thumb\v6-m\nofp\libc_nano.a(libc_a-findfp.o)
 .text.cleanup_stdio
                0x08003cd4       0x3c C:\Program Files (x86)\Arm\GNU Toolchain mingw-w64-i686-arm-none-eabi\arm-none-eabi\lib\thumb\v6-m\nofp\libc_nano.a(libc_a-findfp.o)
 .text.__fp_lock
                0x08003d10       0x18 C:\Program Files (x86)\Arm\GNU Toolchain mingw-w64-i686-arm-none-eabi\arm-none-eabi\lib\thumb\v6-m\nofp\libc_nano.a(libc_a-findfp.o)
 .text.__fp_unlock
                0x08003d28       0x18 C:\Program Files (x86)\Arm\GNU Toolchain mingw-w64-i686-arm-none-eabi\arm-none-eabi\lib\thumb\v6-m\nofp\libc_nano.a(libc_a-findfp.o)
 .text.global_stdio_init.part.0
                0x08003d40       0x3c C:\Program Files (x86)\Arm\GNU Toolchain mingw-w64-i686-arm-none-eabi\arm-none-eabi\lib\thumb\v6-m\nofp\libc_nano.a(libc_a-findfp.o)
 .text.__sfp_lock_acquire
                0x08003d7c       0x10 C:\Program Files (x86)\Arm\GNU Toolchain mingw-w64-i686-arm-none-eabi\arm-none-eabi\lib\thumb\v6-m\nofp\libc_nano.a(libc_a-findfp.o)
                0x08003d7c                __sfp_lock_acquire
 .text.__sfp_lock_release
                0x08003d8c       0x10 C:\Program Files (x86)\Arm\GNU Toolchain mingw-w64-i686-arm-none-eabi\arm-none-eabi\lib\thumb\v6-m\nofp\libc_nano.a(libc_a-findfp.o)
                0x08003d8c                __sfp_lock_release
 .text.__sfp    0x08003d9c       0xac C:\Program Files (x86)\Arm\GNU Toolchain mingw-w64-i686-arm-none-eabi\arm-none-eabi\lib\thumb\v6-m\nofp\libc_nano.a(libc_a-findfp.o)
                0x08003d9c                __sfp
 .text.__sinit  0x08003e48       0x30 C:\Program Files (x86)\Arm\GNU Toolchain mingw-w64-i686-arm-none-eabi\arm-none-eabi\lib\thumb\v6-m\nofp\libc_nano.a(libc_a-findfp.o)
                0x08003e48                __sinit
 .text.__fp_lock_all
                0x08003e78       0x1c C:\Program Files (x86)\Arm\GNU Toolchain mingw-w64-i686-arm-none-eabi\arm-none-eabi\lib\thumb\v6-m\nofp\libc_nano.a(libc_a-findfp.o)
                0x08003e78                __fp_lock_all
 .text.__fp_unlock_all
                0x08003e94       0x1c C:\Program Files (x86)\Arm\GNU Toolchain mingw-w64-i686-arm-none-eabi\arm-none-eabi\lib\thumb\v6-m\nofp\libc_nano.a(libc_a-findfp.o)
                0x08003e94                __fp_unlock_all
 .text          0x08003eb0        0x0 C:\Program Files (x86)\Arm\GNU Toolchain mingw-w64-i686-arm-none-eabi\arm-none-eabi\lib\thumb\v6-m\nofp\libc_nano.a(libc_a-fvwrite.o)
 .text.__sfvwrite_r
                0x08003eb0      0x2c0 C:\Program Files (x86)\Arm\GNU Toolchain mingw-w64-i686-arm-none-eabi\arm-none-eabi\lib\thumb\v6-m\nofp\libc_nano.a(libc_a-fvwrite.o)
                0x08003eb0                __sfvwrite_r
 .text          0x08004170        0x0 C:\Program Files (x86)\Arm\GNU Toolchain mingw-w64-i686-arm-none-eabi\arm-none-eabi\lib\thumb\v6-m\nofp\libc_nano.a(libc_a-fwalk.o)
 .text._fwalk_sglue
                0x08004170       0x38 C:\Program Files (x86)\Arm\GNU Toolchain mingw-w64-i686-arm-none-eabi\arm-none-eabi\lib\thumb\v6-m\nofp\libc_nano.a(libc_a-fwalk.o)
                0x08004170                _fwalk_sglue
 .text          0x080041a8        0x0 C:\Program Files (x86)\Arm\GNU Toolchain mingw-w64-i686-arm-none-eabi\arm-none-eabi\lib\thumb\v6-m\nofp\libc_nano.a(libc_a-stdio.o)
 .text.__sread  0x080041a8       0x28 C:\Program Files (x86)\Arm\GNU Toolchain mingw-w64-i686-arm-none-eabi\arm-none-eabi\lib\thumb\v6-m\nofp\libc_nano.a(libc_a-stdio.o)
                0x080041a8                __sread
 .text.__seofread
                0x080041d0        0x4 C:\Program Files (x86)\Arm\GNU Toolchain mingw-w64-i686-arm-none-eabi\arm-none-eabi\lib\thumb\v6-m\nofp\libc_nano.a(libc_a-stdio.o)
                0x080041d0                __seofread
 .text.__swrite
                0x080041d4       0x38 C:\Program Files (x86)\Arm\GNU Toolchain mingw-w64-i686-arm-none-eabi\arm-none-eabi\lib\thumb\v6-m\nofp\libc_nano.a(libc_a-stdio.o)
                0x080041d4                __swrite
 .text.__sseek  0x0800420c       0x2c C:\Program Files (x86)\Arm\GNU Toolchain mingw-w64-i686-arm-none-eabi\arm-none-eabi\lib\thumb\v6-m\nofp\libc_nano.a(libc_a-stdio.o)
                0x0800420c                __sseek
 .text.__sclose
                0x08004238        0xc C:\Program Files (x86)\Arm\GNU Toolchain mingw-w64-i686-arm-none-eabi\arm-none-eabi\lib\thumb\v6-m\nofp\libc_nano.a(libc_a-stdio.o)
                0x08004238                __sclose
 .text          0x08004244        0x0 C:\Program Files (x86)\Arm\GNU Toolchain mingw-w64-i686-arm-none-eabi\arm-none-eabi\lib\thumb\v6-m\nofp\libc_nano.a(libc_a-wbuf.o)
 .text.__swbuf_r
                0x08004244       0x82 C:\Program Files (x86)\Arm\GNU Toolchain mingw-w64-i686-arm-none-eabi\arm-none-eabi\lib\thumb\v6-m\nofp\libc_nano.a(libc_a-wbuf.o)
                0x08004244                __swbuf_r
 *fill*         0x080042c6        0x2 
 .text.__swbuf  0x080042c8       0x14 C:\Program Files (x86)\Arm\GNU Toolchain mingw-w64-i686-arm-none-eabi\arm-none-eabi\lib\thumb\v6-m\nofp\libc_nano.a(libc_a-wbuf.o)
                0x080042c8                __swbuf
 .text          0x080042dc        0x0 C:\Program Files (x86)\Arm\GNU Toolchain mingw-w64-i686-arm-none-eabi\arm-none-eabi\lib\thumb\v6-m\nofp\libc_nano.a(libc_a-wsetup.o)
 .text.__swsetup_r
                0x080042dc       0xb8 C:\Program Files (x86)\Arm\GNU Toolchain mingw-w64-i686-arm-none-eabi\arm-none-eabi\lib\thumb\v6-m\nofp\libc_nano.a(libc_a-wsetup.o)
                0x080042dc                __swsetup_r
 .text          0x08004394        0x0 C:\Program Files (x86)\Arm\GNU Toolchain mingw-w64-i686-arm-none-eabi\arm-none-eabi\lib\thumb\v6-m\nofp\libc_nano.a(libc_a-memmove.o)
 .text.memmove  0x08004394       0x26 C:\Program Files (x86)\Arm\GNU Toolchain mingw-w64-i686-arm-none-eabi\arm-none-eabi\lib\thumb\v6-m\nofp\libc_nano.a(libc_a-memmove.o)
                0x08004394                memmove
 .text          0x080043ba        0x0 C:\Program Files (x86)\Arm\GNU Toolchain mingw-w64-i686-arm-none-eabi\arm-none-eabi\lib\thumb\v6-m\nofp\libc_nano.a(libc_a-signal.o)
 .text._init_signal_r
                0x080043ba       0x2a C:\Program Files (x86)\Arm\GNU Toolchain mingw-w64-i686-arm-none-eabi\arm-none-eabi\lib\thumb\v6-m\nofp\libc_nano.a(libc_a-signal.o)
                0x080043ba                _init_signal_r
 .text._signal_r
                0x080043e4       0x30 C:\Program Files (x86)\Arm\GNU Toolchain mingw-w64-i686-arm-none-eabi\arm-none-eabi\lib\thumb\v6-m\nofp\libc_nano.a(libc_a-signal.o)
                0x080043e4                _signal_r
 .text._raise_r
                0x08004414       0x52 C:\Program Files (x86)\Arm\GNU Toolchain mingw-w64-i686-arm-none-eabi\arm-none-eabi\lib\thumb\v6-m\nofp\libc_nano.a(libc_a-signal.o)
                0x08004414                _raise_r
 .text.__sigtramp_r
                0x08004466       0x46 C:\Program Files (x86)\Arm\GNU Toolchain mingw-w64-i686-arm-none-eabi\arm-none-eabi\lib\thumb\v6-m\nofp\libc_nano.a(libc_a-signal.o)
                0x08004466                __sigtramp_r
 .text.raise    0x080044ac       0x14 C:\Program Files (x86)\Arm\GNU Toolchain mingw-w64-i686-arm-none-eabi\arm-none-eabi\lib\thumb\v6-m\nofp\libc_nano.a(libc_a-signal.o)
                0x080044ac                raise
 .text.signal   0x080044c0       0x14 C:\Program Files (x86)\Arm\GNU Toolchain mingw-w64-i686-arm-none-eabi\arm-none-eabi\lib\thumb\v6-m\nofp\libc_nano.a(libc_a-signal.o)
                0x080044c0                signal
 .text._init_signal
                0x080044d4       0x10 C:\Program Files (x86)\Arm\GNU Toolchain mingw-w64-i686-arm-none-eabi\arm-none-eabi\lib\thumb\v6-m\nofp\libc_nano.a(libc_a-signal.o)
                0x080044d4                _init_signal
 .text.__sigtramp
                0x080044e4       0x14 C:\Program Files (x86)\Arm\GNU Toolchain mingw-w64-i686-arm-none-eabi\arm-none-eabi\lib\thumb\v6-m\nofp\libc_nano.a(libc_a-signal.o)
                0x080044e4                __sigtramp
 .text          0x080044f8        0x0 C:\Program Files (x86)\Arm\GNU Toolchain mingw-w64-i686-arm-none-eabi\arm-none-eabi\lib\thumb\v6-m\nofp\libc_nano.a(libc_a-closer.o)
 .text._close_r
                0x080044f8       0x24 C:\Program Files (x86)\Arm\GNU Toolchain mingw-w64-i686-arm-none-eabi\arm-none-eabi\lib\thumb\v6-m\nofp\libc_nano.a(libc_a-closer.o)
                0x080044f8                _close_r
 .text          0x0800451c        0x0 C:\Program Files (x86)\Arm\GNU Toolchain mingw-w64-i686-arm-none-eabi\arm-none-eabi\lib\thumb\v6-m\nofp\libc_nano.a(libc_a-lseekr.o)
 .text._lseek_r
                0x0800451c       0x28 C:\Program Files (x86)\Arm\GNU Toolchain mingw-w64-i686-arm-none-eabi\arm-none-eabi\lib\thumb\v6-m\nofp\libc_nano.a(libc_a-lseekr.o)
                0x0800451c                _lseek_r
 .text          0x08004544        0x0 C:\Program Files (x86)\Arm\GNU Toolchain mingw-w64-i686-arm-none-eabi\arm-none-eabi\lib\thumb\v6-m\nofp\libc_nano.a(libc_a-readr.o)
 .text._read_r  0x08004544       0x28 C:\Program Files (x86)\Arm\GNU Toolchain mingw-w64-i686-arm-none-eabi\arm-none-eabi\lib\thumb\v6-m\nofp\libc_nano.a(libc_a-readr.o)
                0x08004544                _read_r
 .text          0x0800456c        0x0 C:\Program Files (x86)\Arm\GNU Toolchain mingw-w64-i686-arm-none-eabi\arm-none-eabi\lib\thumb\v6-m\nofp\libc_nano.a(libc_a-signalr.o)
 .text._kill_r  0x0800456c       0x24 C:\Program Files (x86)\Arm\GNU Toolchain mingw-w64-i686-arm-none-eabi\arm-none-eabi\lib\thumb\v6-m\nofp\libc_nano.a(libc_a-signalr.o)
                0x0800456c                _kill_r
 .text._getpid_r
                0x08004590        0x8 C:\Program Files (x86)\Arm\GNU Toolchain mingw-w64-i686-arm-none-eabi\arm-none-eabi\lib\thumb\v6-m\nofp\libc_nano.a(libc_a-signalr.o)
                0x08004590                _getpid_r
 .text          0x08004598        0x0 C:\Program Files (x86)\Arm\GNU Toolchain mingw-w64-i686-arm-none-eabi\arm-none-eabi\lib\thumb\v6-m\nofp\libc_nano.a(libc_a-writer.o)
 .text._write_r
                0x08004598       0x28 C:\Program Files (x86)\Arm\GNU Toolchain mingw-w64-i686-arm-none-eabi\arm-none-eabi\lib\thumb\v6-m\nofp\libc_nano.a(libc_a-writer.o)
                0x08004598                _write_r
 .text          0x080045c0        0x0 C:\Program Files (x86)\Arm\GNU Toolchain mingw-w64-i686-arm-none-eabi\arm-none-eabi\lib\thumb\v6-m\nofp\libc_nano.a(libc_a-reallocr.o)
 .text._realloc_r
                0x080045c0       0x60 C:\Program Files (x86)\Arm\GNU Toolchain mingw-w64-i686-arm-none-eabi\arm-none-eabi\lib\thumb\v6-m\nofp\libc_nano.a(libc_a-reallocr.o)
                0x080045c0                _realloc_r
 .text          0x08004620        0x0 C:\Program Files (x86)\Arm\GNU Toolchain mingw-w64-i686-arm-none-eabi\arm-none-eabi\lib\thumb\v6-m\nofp\libc_nano.a(libc_a-fflush.o)
 .text.__sflush_r
                0x08004620      0x10c C:\Program Files (x86)\Arm\GNU Toolchain mingw-w64-i686-arm-none-eabi\arm-none-eabi\lib\thumb\v6-m\nofp\libc_nano.a(libc_a-fflush.o)
                0x08004620                __sflush_r
 .text._fflush_r
                0x0800472c       0x56 C:\Program Files (x86)\Arm\GNU Toolchain mingw-w64-i686-arm-none-eabi\arm-none-eabi\lib\thumb\v6-m\nofp\libc_nano.a(libc_a-fflush.o)
                0x0800472c                _fflush_r
 *fill*         0x08004782        0x2 
 .text.fflush   0x08004784       0x30 C:\Program Files (x86)\Arm\GNU Toolchain mingw-w64-i686-arm-none-eabi\arm-none-eabi\lib\thumb\v6-m\nofp\libc_nano.a(libc_a-fflush.o)
                0x08004784                fflush
 .text          0x080047b4        0x0 C:\Program Files (x86)\Arm\GNU Toolchain mingw-w64-i686-arm-none-eabi\arm-none-eabi\lib\thumb\v6-m\nofp\libc_nano.a(libc_a-makebuf.o)
 .text.__swhatbuf_r
                0x080047b4       0x54 C:\Program Files (x86)\Arm\GNU Toolchain mingw-w64-i686-arm-none-eabi\arm-none-eabi\lib\thumb\v6-m\nofp\libc_nano.a(libc_a-makebuf.o)
                0x080047b4                __swhatbuf_r
 .text.__smakebuf_r
                0x08004808       0x72 C:\Program Files (x86)\Arm\GNU Toolchain mingw-w64-i686-arm-none-eabi\arm-none-eabi\lib\thumb\v6-m\nofp\libc_nano.a(libc_a-makebuf.o)
                0x08004808                __smakebuf_r
 .text          0x0800487a        0x0 C:\Program Files (x86)\Arm\GNU Toolchain mingw-w64-i686-arm-none-eabi\arm-none-eabi\lib\thumb\v6-m\nofp\libc_nano.a(libc_a-fstatr.o)
 *fill*         0x0800487a        0x2 
 .text._fstat_r
                0x0800487c       0x24 C:\Program Files (x86)\Arm\GNU Toolchain mingw-w64-i686-arm-none-eabi\arm-none-eabi\lib\thumb\v6-m\nofp\libc_nano.a(libc_a-fstatr.o)
                0x0800487c                _fstat_r
 .text          0x080048a0        0x0 C:\Program Files (x86)\Arm\GNU Toolchain mingw-w64-i686-arm-none-eabi\arm-none-eabi\lib\thumb\v6-m\nofp\libc_nano.a(libc_a-isattyr.o)
 .text._isatty_r
                0x080048a0       0x24 C:\Program Files (x86)\Arm\GNU Toolchain mingw-w64-i686-arm-none-eabi\arm-none-eabi\lib\thumb\v6-m\nofp\libc_nano.a(libc_a-isattyr.o)
                0x080048a0                _isatty_r
 .text          0x080048c4        0x0 C:\Program Files (x86)\Arm\GNU Toolchain mingw-w64-i686-arm-none-eabi\arm-none-eabi\lib\thumb\v6-m\nofp\libc_nano.a(libc_a-msizer.o)
 .text._malloc_usable_size_r
                0x080048c4       0x10 C:\Program Files (x86)\Arm\GNU Toolchain mingw-w64-i686-arm-none-eabi\arm-none-eabi\lib\thumb\v6-m\nofp\libc_nano.a(libc_a-msizer.o)
                0x080048c4                _malloc_usable_size_r
 .text          0x080048d4       0x14 C:\Program Files (x86)\Arm\GNU Toolchain mingw-w64-i686-arm-none-eabi\lib\gcc\arm-none-eabi\15.2.1\thumb\v6-m\nofp\libgcc.a(_thumb1_case_uqi.o)
                0x080048d4                __gnu_thumb1_case_uqi
 .text          0x080048e8       0x14 C:\Program Files (x86)\Arm\GNU Toolchain mingw-w64-i686-arm-none-eabi\lib\gcc\arm-none-eabi\15.2.1\thumb\v6-m\nofp\libgcc.a(_thumb1_case_shi.o)
                0x080048e8                __gnu_thumb1_case_shi
 .text          0x080048fc      0x114 C:\Program Files (x86)\Arm\GNU Toolchain mingw-w64-i686-arm-none-eabi\lib\gcc\arm-none-eabi\15.2.1\thumb\v6-m\nofp\libgcc.a(_udivsi3.o)
                0x080048fc                __aeabi_uidiv
                0x080048fc                __udivsi3
                0x08004a08                __aeabi_uidivmod
 .text          0x08004a10       0x7c C:\Program Files (x86)\Arm\GNU Toolchain mingw-w64-i686-arm-none-eabi\lib\gcc\arm-none-eabi\15.2.1\thumb\v6-m\nofp\libgcc.a(_arm_cmpdf2.o)
                0x08004a10                __aeabi_cdrcmple
                0x08004a20                __aeabi_cdcmple
                0x08004a20                __aeabi_cdcmpeq
                0x08004a30                __aeabi_dcmpeq
                0x08004a3c                __aeabi_dcmplt
                0x08004a50                __aeabi_dcmple
                0x08004a64                __aeabi_dcmpgt
                0x08004a78                __aeabi_dcmpge
 .text          0x08004a8c        0x0 C:\Program Files (x86)\Arm\GNU Toolchain mingw-w64-i686-arm-none-eabi\lib\gcc\arm-none-eabi\15.2.1\thumb\v6-m\nofp\libgcc.a(adddf3.o)
 .text.__aeabi_dadd
                0x08004a8c      0x828 C:\Program Files (x86)\Arm\GNU Toolchain mingw-w64-i686-arm-none-eabi\lib\gcc\arm-none-eabi\15.2.1\thumb\v6-m\nofp\libgcc.a(adddf3.o)
                0x08004a8c                __aeabi_dadd
 .text          0x080052b4        0x0 C:\Program Files (x86)\Arm\GNU Toolchain mingw-w64-i686-arm-none-eabi\lib\gcc\arm-none-eabi\15.2.1\thumb\v6-m\nofp\libgcc.a(divdf3.o)
 .text.__aeabi_ddiv
                0x080052b4      0x630 C:\Program Files (x86)\Arm\GNU Toolchain mingw-w64-i686-arm-none-eabi\lib\gcc\arm-none-eabi\15.2.1\thumb\v6-m\nofp\libgcc.a(divdf3.o)
                0x080052b4                __aeabi_ddiv
 .text          0x080058e4        0x0 C:\Program Files (x86)\Arm\GNU Toolchain mingw-w64-i686-arm-none-eabi\lib\gcc\arm-none-eabi\15.2.1\thumb\v6-m\nofp\libgcc.a(eqdf2.o)
 .text.__eqdf2  0x080058e4       0x94 C:\Program Files (x86)\Arm\GNU Toolchain mingw-w64-i686-arm-none-eabi\lib\gcc\arm-none-eabi\15.2.1\thumb\v6-m\nofp\libgcc.a(eqdf2.o)
                0x080058e4                __nedf2
                0x080058e4                __eqdf2
 .text          0x08005978        0x0 C:\Program Files (x86)\Arm\GNU Toolchain mingw-w64-i686-arm-none-eabi\lib\gcc\arm-none-eabi\15.2.1\thumb\v6-m\nofp\libgcc.a(gedf2.o)
 .text.__gedf2  0x08005978       0xd4 C:\Program Files (x86)\Arm\GNU Toolchain mingw-w64-i686-arm-none-eabi\lib\gcc\arm-none-eabi\15.2.1\thumb\v6-m\nofp\libgcc.a(gedf2.o)
                0x08005978                __gedf2
                0x08005978                __gtdf2
 .text          0x08005a4c        0x0 C:\Program Files (x86)\Arm\GNU Toolchain mingw-w64-i686-arm-none-eabi\lib\gcc\arm-none-eabi\15.2.1\thumb\v6-m\nofp\libgcc.a(ledf2.o)
 .text.__ledf2  0x08005a4c       0xd4 C:\Program Files (x86)\Arm\GNU Toolchain mingw-w64-i686-arm-none-eabi\lib\gcc\arm-none-eabi\15.2.1\thumb\v6-m\nofp\libgcc.a(ledf2.o)
                0x08005a4c                __ledf2
                0x08005a4c                __ltdf2
 .text          0x08005b20        0x0 C:\Program Files (x86)\Arm\GNU Toolchain mingw-w64-i686-arm-none-eabi\lib\gcc\arm-none-eabi\15.2.1\thumb\v6-m\nofp\libgcc.a(muldf3.o)
 .text.__aeabi_dmul
                0x08005b20      0x570 C:\Program Files (x86)\Arm\GNU Toolchain mingw-w64-i686-arm-none-eabi\lib\gcc\arm-none-eabi\15.2.1\thumb\v6-m\nofp\libgcc.a(muldf3.o)
                0x08005b20                __aeabi_dmul
 .text          0x08006090        0x0 C:\Program Files (x86)\Arm\GNU Toolchain mingw-w64-i686-arm-none-eabi\lib\gcc\arm-none-eabi\15.2.1\thumb\v6-m\nofp\libgcc.a(subdf3.o)
 .text.__aeabi_dsub
                0x08006090      0x814 C:\Program Files (x86)\Arm\GNU Toolchain mingw-w64-i686-arm-none-eabi\lib\gcc\arm-none-eabi\15.2.1\thumb\v6-m\nofp\libgcc.a(subdf3.o)
                0x08006090                __aeabi_dsub
 .text          0x080068a4        0x0 C:\Program Files (x86)\Arm\GNU Toolchain mingw-w64-i686-arm-none-eabi\lib\gcc\arm-none-eabi\15.2.1\thumb\v6-m\nofp\libgcc.a(unorddf2.o)
 .text.__aeabi_dcmpun
                0x080068a4       0x40 C:\Program Files (x86)\Arm\GNU Toolchain mingw-w64-i686-arm-none-eabi\lib\gcc\arm-none-eabi\15.2.1\thumb\v6-m\nofp\libgcc.a(unorddf2.o)
                0x080068a4                __aeabi_dcmpun
 .text          0x080068e4        0x0 C:\Program Files (x86)\Arm\GNU Toolchain mingw-w64-i686-arm-none-eabi\lib\gcc\arm-none-eabi\15.2.1\thumb\v6-m\nofp\libgcc.a(fixdfsi.o)
 .text.__aeabi_d2iz
                0x080068e4       0x70 C:\Program Files (x86)\Arm\GNU Toolchain mingw-w64-i686-arm-none-eabi\lib\gcc\arm-none-eabi\15.2.1\thumb\v6-m\nofp\libgcc.a(fixdfsi.o)
                0x080068e4                __aeabi_d2iz
 .text          0x08006954        0x0 C:\Program Files (x86)\Arm\GNU Toolchain mingw-w64-i686-arm-none-eabi\lib\gcc\arm-none-eabi\15.2.1\thumb\v6-m\nofp\libgcc.a(floatsidf.o)
 .text.__aeabi_i2d
                0x08006954       0x68 C:\Program Files (x86)\Arm\GNU Toolchain mingw-w64-i686-arm-none-eabi\lib\gcc\arm-none-eabi\15.2.1\thumb\v6-m\nofp\libgcc.a(floatsidf.o)
                0x08006954                __aeabi_i2d
 .text          0x080069bc        0x0 C:\Program Files (x86)\Arm\GNU Toolchain mingw-w64-i686-arm-none-eabi\lib\gcc\arm-none-eabi\15.2.1\thumb\v6-m\nofp\libgcc.a(floatunsidf.o)
 .text.__aeabi_ui2d
                0x080069bc       0x48 C:\Program Files (x86)\Arm\GNU Toolchain mingw-w64-i686-arm-none-eabi\lib\gcc\arm-none-eabi\15.2.1\thumb\v6-m\nofp\libgcc.a(floatunsidf.o)
                0x080069bc                __aeabi_ui2d
 .text          0x08006a04       0x3c C:\Program Files (x86)\Arm\GNU Toolchain mingw-w64-i686-arm-none-eabi\lib\gcc\arm-none-eabi\15.2.1\thumb\v6-m\nofp\libgcc.a(_clzsi2.o)
                0x08006a04                __clzsi2
 *(.rodata*)
 .rodata        0x08006a40       0x18 robot_control.o
 .rodata        0x08006a58       0x7c startup.o
 .rodata._printf_float.str1.1
                0x08006ad4      0x173 C:\Program Files (x86)\Arm\GNU Toolchain mingw-w64-i686-arm-none-eabi\arm-none-eabi\lib\thumb\v6-m\nofp\libc_nano.a(libc_a-nano-vfprintf_float.o)
                                 0x12 (size before relaxing)
 .rodata._printf_i.str1.1
                0x08006c47        0x0 C:\Program Files (x86)\Arm\GNU Toolchain mingw-w64-i686-arm-none-eabi\arm-none-eabi\lib\thumb\v6-m\nofp\libc_nano.a(libc_a-nano-vfprintf_i.o)
                                 0x22 (size before relaxing)
 .rodata._dtoa_r.str1.1
                0x08006c47        0x0 C:\Program Files (x86)\Arm\GNU Toolchain mingw-w64-i686-arm-none-eabi\arm-none-eabi\lib\thumb\v6-m\nofp\libc_nano.a(libc_a-dtoa.o)
                                 0x90 (size before relaxing)
 .rodata._Balloc.str1.1
                0x08006c47        0x0 C:\Program Files (x86)\Arm\GNU Toolchain mingw-w64-i686-arm-none-eabi\arm-none-eabi\lib\thumb\v6-m\nofp\libc_nano.a(libc_a-mprec.o)
                                 0x71 (size before relaxing)
 .rodata.__multadd.str1.1
                0x08006c47        0x0 C:\Program Files (x86)\Arm\GNU Toolchain mingw-w64-i686-arm-none-eabi\arm-none-eabi\lib\thumb\v6-m\nofp\libc_nano.a(libc_a-mprec.o)
                                 0x11 (size before relaxing)
 *fill*         0x08006c47        0x1 
 .rodata.p05.0  0x08006c48        0xc C:\Program Files (x86)\Arm\GNU Toolchain mingw-w64-i686-arm-none-eabi\arm-none-eabi\lib\thumb\v6-m\nofp\libc_nano.a(libc_a-mprec.o)
 *fill*         0x08006c54        0x4 
 .rodata.__mprec_tinytens
                0x08006c58       0x28 C:\Program Files (x86)\Arm\GNU Toolchain mingw-w64-i686-arm-none-eabi\arm-none-eabi\lib\thumb\v6-m\nofp\libc_nano.a(libc_a-mprec.o)
                0x08006c58                __mprec_tinytens
 .rodata.__mprec_bigtens
                0x08006c80       0x28 C:\Program Files (x86)\Arm\GNU Toolchain mingw-w64-i686-arm-none-eabi\arm-none-eabi\lib\thumb\v6-m\nofp\libc_nano.a(libc_a-mprec.o)
                0x08006c80                __mprec_bigtens
 .rodata.__mprec_tens
                0x08006ca8       0xc8 C:\Program Files (x86)\Arm\GNU Toolchain mingw-w64-i686-arm-none-eabi\arm-none-eabi\lib\thumb\v6-m\nofp\libc_nano.a(libc_a-mprec.o)
                0x08006ca8                __mprec_tens
 .rodata._setlocale_r.str1.1
                0x08006d70        0x0 C:\Program Files (x86)\Arm\GNU Toolchain mingw-w64-i686-arm-none-eabi\arm-none-eabi\lib\thumb\v6-m\nofp\libc_nano.a(libc_a-locale.o)
                                  0x9 (size before relaxing)
 .rodata.str1.1
                0x08006d70        0x0 C:\Program Files (x86)\Arm\GNU Toolchain mingw-w64-i686-arm-none-eabi\arm-none-eabi\lib\thumb\v6-m\nofp\libc_nano.a(libc_a-locale.o)
                                  0x2 (size before relaxing)
 .rodata.__assert_func.str1.1
                0x08006d70        0x0 C:\Program Files (x86)\Arm\GNU Toolchain mingw-w64-i686-arm-none-eabi\arm-none-eabi\lib\thumb\v6-m\nofp\libc_nano.a(libc_a-assert.o)
                                 0x3d (size before relaxing)
 .rodata._ctype_
                0x08006d70      0x101 C:\Program Files (x86)\Arm\GNU Toolchain mingw-w64-i686-arm-none-eabi\arm-none-eabi\lib\thumb\v6-m\nofp\libc_nano.a(libc_a-ctype_.o)
                0x08006d70                _ctype_
 .rodata._vfprintf_r.str1.1
                0x08006e71        0x0 C:\Program Files (x86)\Arm\GNU Toolchain mingw-w64-i686-arm-none-eabi\arm-none-eabi\lib\thumb\v6-m\nofp\libc_nano.a(libc_a-nano-vfprintf.o)
                                 0x11 (size before relaxing)
 *fill*         0x08006e71        0x3 
 .rodata.__aeabi_ddiv
                0x08006e74       0x40 C:\Program Files (x86)\Arm\GNU Toolchain mingw-w64-i686-arm-none-eabi\lib\gcc\arm-none-eabi\15.2.1\thumb\v6-m\nofp\libgcc.a(divdf3.o)
                0x08006eb4                        . = ALIGN (0x4)
                0x08006eb4                        PROVIDE (__init_array_start = .)
 *(SORT_BY_NAME(.init_array.*))
 *(.init_array)
                0x08006eb4                        PROVIDE (__init_array_end = .)
                0x08006eb4                        . = ALIGN (0x4)
                0x08006eb4                        _etext = .

.glue_7         0x08006eb4        0x0
 .glue_7        0x08006eb4        0x0 linker stubs

.glue_7t        0x08006eb4        0x0
 .glue_7t       0x08006eb4        0x0 linker stubs

.vfp11_veneer   0x08006eb4        0x0
 .vfp11_veneer  0x08006eb4        0x0 linker stubs

.v4_bx          0x08006eb4        0x0
 .v4_bx         0x08006eb4        0x0 linker stubs

.iplt           0x08006eb4        0x0
 .iplt          0x08006eb4        0x0 main.o

.rel.dyn        0x08006eb4        0x0
 .rel.iplt      0x08006eb4        0x0 main.o

.data           0x20000000      0x1d0 load address 0x08006eb4
                0x20000000                        . = ALIGN (0x4)
                0x20000000                        _data = .
 *(.data*)
 .data          0x20000000        0x1 main.o
                0x20000000                path_number
 .data          0x20000001        0x0 robot_control.o
 .data          0x20000001        0x0 adc.o
 .data          0x20000001        0x0 startup.o
 .data          0x20000001        0x0 serial.o
 *fill*         0x20000001        0x3 
 .data          0x20000004        0x4 newlib_stubs.o
                0x20000004                environ
 .data          0x20000008        0x0 C:\Program Files (x86)\Arm\GNU Toolchain mingw-w64-i686-arm-none-eabi\arm-none-eabi\lib\thumb\v6-m\nofp\libnosys.a(errno.o)
 .data          0x20000008        0x0 C:\Program Files (x86)\Arm\GNU Toolchain mingw-w64-i686-arm-none-eabi\lib\gcc\arm-none-eabi\15.2.1\thumb\v6-m\nofp\libgcc.a(_divsi3.o)
 .data          0x20000008        0x0 C:\Program Files (x86)\Arm\GNU Toolchain mingw-w64-i686-arm-none-eabi\lib\gcc\arm-none-eabi\15.2.1\thumb\v6-m\nofp\libgcc.a(_dvmd_tls.o)
 .data          0x20000008        0x0 C:\Program Files (x86)\Arm\GNU Toolchain mingw-w64-i686-arm-none-eabi\arm-none-eabi\lib\thumb\v6-m\nofp\libc_nano.a(libc_a-nano-vfprintf_float.o)
 .data          0x20000008        0x0 C:\Program Files (x86)\Arm\GNU Toolchain mingw-w64-i686-arm-none-eabi\arm-none-eabi\lib\thumb\v6-m\nofp\libc_nano.a(libc_a-nano-vfprintf_i.o)
 .data          0x20000008        0x0 C:\Program Files (x86)\Arm\GNU Toolchain mingw-w64-i686-arm-none-eabi\arm-none-eabi\lib\thumb\v6-m\nofp\libc_nano.a(libc_a-localeconv.o)
 .data          0x20000008        0x0 C:\Program Files (x86)\Arm\GNU Toolchain mingw-w64-i686-arm-none-eabi\arm-none-eabi\lib\thumb\v6-m\nofp\libc_nano.a(libc_a-memchr-stub.o)
 .data          0x20000008        0x0 C:\Program Files (x86)\Arm\GNU Toolchain mingw-w64-i686-arm-none-eabi\arm-none-eabi\lib\thumb\v6-m\nofp\libc_nano.a(libc_a-strlen.o)
 .data          0x20000008        0x0 C:\Program Files (x86)\Arm\GNU Toolchain mingw-w64-i686-arm-none-eabi\arm-none-eabi\lib\thumb\v6-m\nofp\libc_nano.a(libc_a-dtoa.o)
 .data          0x20000008        0x0 C:\Program Files (x86)\Arm\GNU Toolchain mingw-w64-i686-arm-none-eabi\arm-none-eabi\lib\thumb\v6-m\nofp\libc_nano.a(libc_a-malloc.o)
 .data          0x20000008        0x0 C:\Program Files (x86)\Arm\GNU Toolchain mingw-w64-i686-arm-none-eabi\arm-none-eabi\lib\thumb\v6-m\nofp\libc_nano.a(libc_a-mallocr.o)
 .data          0x20000008        0x0 C:\Program Files (x86)\Arm\GNU Toolchain mingw-w64-i686-arm-none-eabi\arm-none-eabi\lib\thumb\v6-m\nofp\libc_nano.a(libc_a-mlock.o)
 .data          0x20000008        0x0 C:\Program Files (x86)\Arm\GNU Toolchain mingw-w64-i686-arm-none-eabi\arm-none-eabi\lib\thumb\v6-m\nofp\libc_nano.a(libc_a-mprec.o)
 .data          0x20000008        0x0 C:\Program Files (x86)\Arm\GNU Toolchain mingw-w64-i686-arm-none-eabi\arm-none-eabi\lib\thumb\v6-m\nofp\libc_nano.a(libc_a-locale.o)
 .data.__global_locale
                0x20000008      0x16c C:\Program Files (x86)\Arm\GNU Toolchain mingw-w64-i686-arm-none-eabi\arm-none-eabi\lib\thumb\v6-m\nofp\libc_nano.a(libc_a-locale.o)
                0x20000008                __global_locale
 .data          0x20000174        0x0 C:\Program Files (x86)\Arm\GNU Toolchain mingw-w64-i686-arm-none-eabi\arm-none-eabi\lib\thumb\v6-m\nofp\libc_nano.a(libc_a-impure.o)
 .data._impure_ptr
                0x20000174        0x4 C:\Program Files (x86)\Arm\GNU Toolchain mingw-w64-i686-arm-none-eabi\arm-none-eabi\lib\thumb\v6-m\nofp\libc_nano.a(libc_a-impure.o)
                0x20000174                _impure_ptr
 .data._impure_data
                0x20000178       0x4c C:\Program Files (x86)\Arm\GNU Toolchain mingw-w64-i686-arm-none-eabi\arm-none-eabi\lib\thumb\v6-m\nofp\libc_nano.a(libc_a-impure.o)
                0x20000178                _impure_data
 .data          0x200001c4        0x0 C:\Program Files (x86)\Arm\GNU Toolchain mingw-w64-i686-arm-none-eabi\arm-none-eabi\lib\thumb\v6-m\nofp\libc_nano.a(libc_a-sbrkr.o)
 .data          0x200001c4        0x0 C:\Program Files (x86)\Arm\GNU Toolchain mingw-w64-i686-arm-none-eabi\arm-none-eabi\lib\thumb\v6-m\nofp\libc_nano.a(libc_a-lock.o)
 .data          0x200001c4        0x0 C:\Program Files (x86)\Arm\GNU Toolchain mingw-w64-i686-arm-none-eabi\arm-none-eabi\lib\thumb\v6-m\nofp\libc_nano.a(libc_a-strcmp.o)
 .data          0x200001c4        0x0 C:\Program Files (x86)\Arm\GNU Toolchain mingw-w64-i686-arm-none-eabi\arm-none-eabi\lib\thumb\v6-m\nofp\libc_nano.a(libc_a-memcpy-stub.o)
 .data          0x200001c4        0x0 C:\Program Files (x86)\Arm\GNU Toolchain mingw-w64-i686-arm-none-eabi\arm-none-eabi\lib\thumb\v6-m\nofp\libc_nano.a(libc_a-assert.o)
 .data          0x200001c4        0x0 C:\Program Files (x86)\Arm\GNU Toolchain mingw-w64-i686-arm-none-eabi\arm-none-eabi\lib\thumb\v6-m\nofp\libc_nano.a(libc_a-callocr.o)
 .data          0x200001c4        0x0 C:\Program Files (x86)\Arm\GNU Toolchain mingw-w64-i686-arm-none-eabi\arm-none-eabi\lib\thumb\v6-m\nofp\libc_nano.a(libc_a-freer.o)
 .data          0x200001c4        0x0 C:\Program Files (x86)\Arm\GNU Toolchain mingw-w64-i686-arm-none-eabi\arm-none-eabi\lib\thumb\v6-m\nofp\libc_nano.a(libc_a-mbtowc_r.o)
 .data          0x200001c4        0x0 C:\Program Files (x86)\Arm\GNU Toolchain mingw-w64-i686-arm-none-eabi\arm-none-eabi\lib\thumb\v6-m\nofp\libc_nano.a(libc_a-wctomb_r.o)
 .data          0x200001c4        0x0 C:\Program Files (x86)\Arm\GNU Toolchain mingw-w64-i686-arm-none-eabi\arm-none-eabi\lib\thumb\v6-m\nofp\libc_nano.a(libc_a-ctype_.o)
 .data          0x200001c4        0x0 C:\Program Files (x86)\Arm\GNU Toolchain mingw-w64-i686-arm-none-eabi\arm-none-eabi\lib\thumb\v6-m\nofp\libc_nano.a(libc_a-fprintf.o)
 .data          0x200001c4        0x0 C:\Program Files (x86)\Arm\GNU Toolchain mingw-w64-i686-arm-none-eabi\arm-none-eabi\lib\thumb\v6-m\nofp\libc_nano.a(libc_a-memset.o)
 .data          0x200001c4        0x0 C:\Program Files (x86)\Arm\GNU Toolchain mingw-w64-i686-arm-none-eabi\arm-none-eabi\lib\thumb\v6-m\nofp\libc_nano.a(libc_a-abort.o)
 .data          0x200001c4        0x0 C:\Program Files (x86)\Arm\GNU Toolchain mingw-w64-i686-arm-none-eabi\arm-none-eabi\lib\thumb\v6-m\nofp\libc_nano.a(libc_a-nano-vfprintf.o)
 .data          0x200001c4        0x0 C:\Program Files (x86)\Arm\GNU Toolchain mingw-w64-i686-arm-none-eabi\arm-none-eabi\lib\thumb\v6-m\nofp\libc_nano.a(libc_a-findfp.o)
 .data.__sglue  0x200001c4        0xc C:\Program Files (x86)\Arm\GNU Toolchain mingw-w64-i686-arm-none-eabi\arm-none-eabi\lib\thumb\v6-m\nofp\libc_nano.a(libc_a-findfp.o)
                0x200001c4                __sglue
 .data          0x200001d0        0x0 C:\Program Files (x86)\Arm\GNU Toolchain mingw-w64-i686-arm-none-eabi\arm-none-eabi\lib\thumb\v6-m\nofp\libc_nano.a(libc_a-fvwrite.o)
 .data          0x200001d0        0x0 C:\Program Files (x86)\Arm\GNU Toolchain mingw-w64-i686-arm-none-eabi\arm-none-eabi\lib\thumb\v6-m\nofp\libc_nano.a(libc_a-fwalk.o)
 .data          0x200001d0        0x0 C:\Program Files (x86)\Arm\GNU Toolchain mingw-w64-i686-arm-none-eabi\arm-none-eabi\lib\thumb\v6-m\nofp\libc_nano.a(libc_a-stdio.o)
 .data          0x200001d0        0x0 C:\Program Files (x86)\Arm\GNU Toolchain mingw-w64-i686-arm-none-eabi\arm-none-eabi\lib\thumb\v6-m\nofp\libc_nano.a(libc_a-wbuf.o)
 .data          0x200001d0        0x0 C:\Program Files (x86)\Arm\GNU Toolchain mingw-w64-i686-arm-none-eabi\arm-none-eabi\lib\thumb\v6-m\nofp\libc_nano.a(libc_a-wsetup.o)
 .data          0x200001d0        0x0 C:\Program Files (x86)\Arm\GNU Toolchain mingw-w64-i686-arm-none-eabi\arm-none-eabi\lib\thumb\v6-m\nofp\libc_nano.a(libc_a-memmove.o)
 .data          0x200001d0        0x0 C:\Program Files (x86)\Arm\GNU Toolchain mingw-w64-i686-arm-none-eabi\arm-none-eabi\lib\thumb\v6-m\nofp\libc_nano.a(libc_a-signal.o)
 .data          0x200001d0        0x0 C:\Program Files (x86)\Arm\GNU Toolchain mingw-w64-i686-arm-none-eabi\arm-none-eabi\lib\thumb\v6-m\nofp\libc_nano.a(libc_a-closer.o)
 .data          0x200001d0        0x0 C:\Program Files (x86)\Arm\GNU Toolchain mingw-w64-i686-arm-none-eabi\arm-none-eabi\lib\thumb\v6-m\nofp\libc_nano.a(libc_a-lseekr.o)
 .data          0x200001d0        0x0 C:\Program Files (x86)\Arm\GNU Toolchain mingw-w64-i686-arm-none-eabi\arm-none-eabi\lib\thumb\v6-m\nofp\libc_nano.a(libc_a-readr.o)
 .data          0x200001d0        0x0 C:\Program Files (x86)\Arm\GNU Toolchain mingw-w64-i686-arm-none-eabi\arm-none-eabi\lib\thumb\v6-m\nofp\libc_nano.a(libc_a-signalr.o)
 .data          0x200001d0        0x0 C:\Program Files (x86)\Arm\GNU Toolchain mingw-w64-i686-arm-none-eabi\arm-none-eabi\lib\thumb\v6-m\nofp\libc_nano.a(libc_a-writer.o)
 .data          0x200001d0        0x0 C:\Program Files (x86)\Arm\GNU Toolchain mingw-w64-i686-arm-none-eabi\arm-none-eabi\lib\thumb\v6-m\nofp\libc_nano.a(libc_a-reallocr.o)
 .data          0x200001d0        0x0 C:\Program Files (x86)\Arm\GNU Toolchain mingw-w64-i686-arm-none-eabi\arm-none-eabi\lib\thumb\v6-m\nofp\libc_nano.a(libc_a-fflush.o)
 .data          0x200001d0        0x0 C:\Program Files (x86)\Arm\GNU Toolchain mingw-w64-i686-arm-none-eabi\arm-none-eabi\lib\thumb\v6-m\nofp\libc_nano.a(libc_a-makebuf.o)
 .data          0x200001d0        0x0 C:\Program Files (x86)\Arm\GNU Toolchain mingw-w64-i686-arm-none-eabi\arm-none-eabi\lib\thumb\v6-m\nofp\libc_nano.a(libc_a-fstatr.o)
 .data          0x200001d0        0x0 C:\Program Files (x86)\Arm\GNU Toolchain mingw-w64-i686-arm-none-eabi\arm-none-eabi\lib\thumb\v6-m\nofp\libc_nano.a(libc_a-isattyr.o)
 .data          0x200001d0        0x0 C:\Program Files (x86)\Arm\GNU Toolchain mingw-w64-i686-arm-none-eabi\arm-none-eabi\lib\thumb\v6-m\nofp\libc_nano.a(libc_a-msizer.o)
 .data          0x200001d0        0x0 C:\Program Files (x86)\Arm\GNU Toolchain mingw-w64-i686-arm-none-eabi\lib\gcc\arm-none-eabi\15.2.1\thumb\v6-m\nofp\libgcc.a(_thumb1_case_uqi.o)
 .data          0x200001d0        0x0 C:\Program Files (x86)\Arm\GNU Toolchain mingw-w64-i686-arm-none-eabi\lib\gcc\arm-none-eabi\15.2.1\thumb\v6-m\nofp\libgcc.a(_thumb1_case_shi.o)
 .data          0x200001d0        0x0 C:\Program Files (x86)\Arm\GNU Toolchain mingw-w64-i686-arm-none-eabi\lib\gcc\arm-none-eabi\15.2.1\thumb\v6-m\nofp\libgcc.a(_udivsi3.o)
 .data          0x200001d0        0x0 C:\Program Files (x86)\Arm\GNU Toolchain mingw-w64-i686-arm-none-eabi\lib\gcc\arm-none-eabi\15.2.1\thumb\v6-m\nofp\libgcc.a(_arm_cmpdf2.o)
 .data          0x200001d0        0x0 C:\Program Files (x86)\Arm\GNU Toolchain mingw-w64-i686-arm-none-eabi\lib\gcc\arm-none-eabi\15.2.1\thumb\v6-m\nofp\libgcc.a(adddf3.o)
 .data          0x200001d0        0x0 C:\Program Files (x86)\Arm\GNU Toolchain mingw-w64-i686-arm-none-eabi\lib\gcc\arm-none-eabi\15.2.1\thumb\v6-m\nofp\libgcc.a(divdf3.o)
 .data          0x200001d0        0x0 C:\Program Files (x86)\Arm\GNU Toolchain mingw-w64-i686-arm-none-eabi\lib\gcc\arm-none-eabi\15.2.1\thumb\v6-m\nofp\libgcc.a(eqdf2.o)
 .data          0x200001d0        0x0 C:\Program Files (x86)\Arm\GNU Toolchain mingw-w64-i686-arm-none-eabi\lib\gcc\arm-none-eabi\15.2.1\thumb\v6-m\nofp\libgcc.a(gedf2.o)
 .data          0x200001d0        0x0 C:\Program Files (x86)\Arm\GNU Toolchain mingw-w64-i686-arm-none-eabi\lib\gcc\arm-none-eabi\15.2.1\thumb\v6-m\nofp\libgcc.a(ledf2.o)
 .data          0x200001d0        0x0 C:\Program Files (x86)\Arm\GNU Toolchain mingw-w64-i686-arm-none-eabi\lib\gcc\arm-none-eabi\15.2.1\thumb\v6-m\nofp\libgcc.a(muldf3.o)
 .data          0x200001d0        0x0 C:\Program Files (x86)\Arm\GNU Toolchain mingw-w64-i686-arm-none-eabi\lib\gcc\arm-none-eabi\15.2.1\thumb\v6-m\nofp\libgcc.a(subdf3.o)
 .data          0x200001d0        0x0 C:\Program Files (x86)\Arm\GNU Toolchain mingw-w64-i686-arm-none-eabi\lib\gcc\arm-none-eabi\15.2.1\thumb\v6-m\nofp\libgcc.a(unorddf2.o)
 .data          0x200001d0        0x0 C:\Program Files (x86)\Arm\GNU Toolchain mingw-w64-i686-arm-none-eabi\lib\gcc\arm-none-eabi\15.2.1\thumb\v6-m\nofp\libgcc.a(fixdfsi.o)
 .data          0x200001d0        0x0 C:\Program Files (x86)\Arm\GNU Toolchain mingw-w64-i686-arm-none-eabi\lib\gcc\arm-none-eabi\15.2.1\thumb\v6-m\nofp\libgcc.a(floatsidf.o)
 .data          0x200001d0        0x0 C:\Program Files (x86)\Arm\GNU Toolchain mingw-w64-i686-arm-none-eabi\lib\gcc\arm-none-eabi\15.2.1\thumb\v6-m\nofp\libgcc.a(floatunsidf.o)
 .data          0x200001d0        0x0 C:\Program Files (x86)\Arm\GNU Toolchain mingw-w64-i686-arm-none-eabi\lib\gcc\arm-none-eabi\15.2.1\thumb\v6-m\nofp\libgcc.a(_clzsi2.o)
                0x200001d0                        . = ALIGN (0x4)
                0x200001d0                        _edata = .

.igot.plt       0x200001d0        0x0 load address 0x08007084
 .igot.plt      0x200001d0        0x0 main.o

.bss            0x200001d0      0x208 load address 0x08007084
                0x200001d0                        _bss = .
 *(.bss*)
 .bss           0x200001d0        0x2 main.o
                0x200001d0                current_mode
                0x200001d1                intersection_count
 .bss           0x200001d2        0x6 robot_control.o
                0x200001d2                pwm_left
                0x200001d3                pwm_right
                0x200001d4                pwm_counter
                0x200001d5                left_dir
                0x200001d6                right_dir
 .bss           0x200001d8        0x0 adc.o
 .bss           0x200001d8        0x0 startup.o
 .bss           0x200001d8       0xa4 serial.o
                0x200001d8                ComRXBuffer
                0x20000224                ComTXBuffer
                0x20000270                ComOpen
                0x20000274                ComError
                0x20000278                ComBusy
 .bss           0x2000027c        0x8 newlib_stubs.o
                0x2000027c                __env
 .bss           0x20000284        0x0 C:\Program Files (x86)\Arm\GNU Toolchain mingw-w64-i686-arm-none-eabi\arm-none-eabi\lib\thumb\v6-m\nofp\libnosys.a(errno.o)
 .bss.errno     0x20000284        0x4 C:\Program Files (x86)\Arm\GNU Toolchain mingw-w64-i686-arm-none-eabi\arm-none-eabi\lib\thumb\v6-m\nofp\libnosys.a(errno.o)
                0x20000284                errno
 .bss           0x20000288        0x0 C:\Program Files (x86)\Arm\GNU Toolchain mingw-w64-i686-arm-none-eabi\lib\gcc\arm-none-eabi\15.2.1\thumb\v6-m\nofp\libgcc.a(_divsi3.o)
 .bss           0x20000288        0x0 C:\Program Files (x86)\Arm\GNU Toolchain mingw-w64-i686-arm-none-eabi\lib\gcc\arm-none-eabi\15.2.1\thumb\v6-m\nofp\libgcc.a(_dvmd_tls.o)
 .bss           0x20000288        0x0 C:\Program Files (x86)\Arm\GNU Toolchain mingw-w64-i686-arm-none-eabi\arm-none-eabi\lib\thumb\v6-m\nofp\libc_nano.a(libc_a-nano-vfprintf_float.o)
 .bss           0x20000288        0x0 C:\Program Files (x86)\Arm\GNU Toolchain mingw-w64-i686-arm-none-eabi\arm-none-eabi\lib\thumb\v6-m\nofp\libc_nano.a(libc_a-nano-vfprintf_i.o)
 .bss           0x20000288        0x0 C:\Program Files (x86)\Arm\GNU Toolchain mingw-w64-i686-arm-none-eabi\arm-none-eabi\lib\thumb\v6-m\nofp\libc_nano.a(libc_a-localeconv.o)
 .bss           0x20000288        0x0 C:\Program Files (x86)\Arm\GNU Toolchain mingw-w64-i686-arm-none-eabi\arm-none-eabi\lib\thumb\v6-m\nofp\libc_nano.a(libc_a-memchr-stub.o)
 .bss           0x20000288        0x0 C:\Program Files (x86)\Arm\GNU Toolchain mingw-w64-i686-arm-none-eabi\arm-none-eabi\lib\thumb\v6-m\nofp\libc_nano.a(libc_a-strlen.o)
 .bss           0x20000288        0x0 C:\Program Files (x86)\Arm\GNU Toolchain mingw-w64-i686-arm-none-eabi\arm-none-eabi\lib\thumb\v6-m\nofp\libc_nano.a(libc_a-dtoa.o)
 .bss           0x20000288        0x0 C:\Program Files (x86)\Arm\GNU Toolchain mingw-w64-i686-arm-none-eabi\arm-none-eabi\lib\thumb\v6-m\nofp\libc_nano.a(libc_a-malloc.o)
 .bss           0x20000288        0x0 C:\Program Files (x86)\Arm\GNU Toolchain mingw-w64-i686-arm-none-eabi\arm-none-eabi\lib\thumb\v6-m\nofp\libc_nano.a(libc_a-mallocr.o)
 .bss.__malloc_sbrk_start
                0x20000288        0x4 C:\Program Files (x86)\Arm\GNU Toolchain mingw-w64-i686-arm-none-eabi\arm-none-eabi\lib\thumb\v6-m\nofp\libc_nano.a(libc_a-mallocr.o)
                0x20000288                __malloc_sbrk_start
 .bss.__malloc_free_list
                0x2000028c        0x4 C:\Program Files (x86)\Arm\GNU Toolchain mingw-w64-i686-arm-none-eabi\arm-none-eabi\lib\thumb\v6-m\nofp\libc_nano.a(libc_a-mallocr.o)
                0x2000028c                __malloc_free_list
 .bss           0x20000290        0x0 C:\Program Files (x86)\Arm\GNU Toolchain mingw-w64-i686-arm-none-eabi\arm-none-eabi\lib\thumb\v6-m\nofp\libc_nano.a(libc_a-mlock.o)
 .bss           0x20000290        0x0 C:\Program Files (x86)\Arm\GNU Toolchain mingw-w64-i686-arm-none-eabi\arm-none-eabi\lib\thumb\v6-m\nofp\libc_nano.a(libc_a-mprec.o)
 .bss           0x20000290        0x0 C:\Program Files (x86)\Arm\GNU Toolchain mingw-w64-i686-arm-none-eabi\arm-none-eabi\lib\thumb\v6-m\nofp\libc_nano.a(libc_a-locale.o)
 .bss._PathLocale
                0x20000290        0x4 C:\Program Files (x86)\Arm\GNU Toolchain mingw-w64-i686-arm-none-eabi\arm-none-eabi\lib\thumb\v6-m\nofp\libc_nano.a(libc_a-locale.o)
                0x20000290                _PathLocale
 .bss           0x20000294        0x0 C:\Program Files (x86)\Arm\GNU Toolchain mingw-w64-i686-arm-none-eabi\arm-none-eabi\lib\thumb\v6-m\nofp\libc_nano.a(libc_a-impure.o)
 .bss           0x20000294        0x0 C:\Program Files (x86)\Arm\GNU Toolchain mingw-w64-i686-arm-none-eabi\arm-none-eabi\lib\thumb\v6-m\nofp\libc_nano.a(libc_a-sbrkr.o)
 .bss           0x20000294        0x0 C:\Program Files (x86)\Arm\GNU Toolchain mingw-w64-i686-arm-none-eabi\arm-none-eabi\lib\thumb\v6-m\nofp\libc_nano.a(libc_a-lock.o)
 .bss.__lock___arc4random_mutex
                0x20000294        0x1 C:\Program Files (x86)\Arm\GNU Toolchain mingw-w64-i686-arm-none-eabi\arm-none-eabi\lib\thumb\v6-m\nofp\libc_nano.a(libc_a-lock.o)
                0x20000294                __lock___arc4random_mutex
 .bss.__lock___dd_hash_mutex
                0x20000295        0x1 C:\Program Files (x86)\Arm\GNU Toolchain mingw-w64-i686-arm-none-eabi\arm-none-eabi\lib\thumb\v6-m\nofp\libc_nano.a(libc_a-lock.o)
                0x20000295                __lock___dd_hash_mutex
 .bss.__lock___tz_mutex
                0x20000296        0x1 C:\Program Files (x86)\Arm\GNU Toolchain mingw-w64-i686-arm-none-eabi\arm-none-eabi\lib\thumb\v6-m\nofp\libc_nano.a(libc_a-lock.o)
                0x20000296                __lock___tz_mutex
 .bss.__lock___env_recursive_mutex
                0x20000297        0x1 C:\Program Files (x86)\Arm\GNU Toolchain mingw-w64-i686-arm-none-eabi\arm-none-eabi\lib\thumb\v6-m\nofp\libc_nano.a(libc_a-lock.o)
                0x20000297                __lock___env_recursive_mutex
 .bss.__lock___malloc_recursive_mutex
                0x20000298        0x1 C:\Program Files (x86)\Arm\GNU Toolchain mingw-w64-i686-arm-none-eabi\arm-none-eabi\lib\thumb\v6-m\nofp\libc_nano.a(libc_a-lock.o)
                0x20000298                __lock___malloc_recursive_mutex
 .bss.__lock___at_quick_exit_mutex
                0x20000299        0x1 C:\Program Files (x86)\Arm\GNU Toolchain mingw-w64-i686-arm-none-eabi\arm-none-eabi\lib\thumb\v6-m\nofp\libc_nano.a(libc_a-lock.o)
                0x20000299                __lock___at_quick_exit_mutex
 .bss.__lock___atexit_recursive_mutex
                0x2000029a        0x1 C:\Program Files (x86)\Arm\GNU Toolchain mingw-w64-i686-arm-none-eabi\arm-none-eabi\lib\thumb\v6-m\nofp\libc_nano.a(libc_a-lock.o)
                0x2000029a                __lock___atexit_recursive_mutex
 .bss.__lock___sfp_recursive_mutex
                0x2000029b        0x1 C:\Program Files (x86)\Arm\GNU Toolchain mingw-w64-i686-arm-none-eabi\arm-none-eabi\lib\thumb\v6-m\nofp\libc_nano.a(libc_a-lock.o)
                0x2000029b                __lock___sfp_recursive_mutex
 .bss           0x2000029c        0x0 C:\Program Files (x86)\Arm\GNU Toolchain mingw-w64-i686-arm-none-eabi\arm-none-eabi\lib\thumb\v6-m\nofp\libc_nano.a(libc_a-strcmp.o)
 .bss           0x2000029c        0x0 C:\Program Files (x86)\Arm\GNU Toolchain mingw-w64-i686-arm-none-eabi\arm-none-eabi\lib\thumb\v6-m\nofp\libc_nano.a(libc_a-memcpy-stub.o)
 .bss           0x2000029c        0x0 C:\Program Files (x86)\Arm\GNU Toolchain mingw-w64-i686-arm-none-eabi\arm-none-eabi\lib\thumb\v6-m\nofp\libc_nano.a(libc_a-assert.o)
 .bss           0x2000029c        0x0 C:\Program Files (x86)\Arm\GNU Toolchain mingw-w64-i686-arm-none-eabi\arm-none-eabi\lib\thumb\v6-m\nofp\libc_nano.a(libc_a-callocr.o)
 .bss           0x2000029c        0x0 C:\Program Files (x86)\Arm\GNU Toolchain mingw-w64-i686-arm-none-eabi\arm-none-eabi\lib\thumb\v6-m\nofp\libc_nano.a(libc_a-freer.o)
 .bss           0x2000029c        0x0 C:\Program Files (x86)\Arm\GNU Toolchain mingw-w64-i686-arm-none-eabi\arm-none-eabi\lib\thumb\v6-m\nofp\libc_nano.a(libc_a-mbtowc_r.o)
 .bss           0x2000029c        0x0 C:\Program Files (x86)\Arm\GNU Toolchain mingw-w64-i686-arm-none-eabi\arm-none-eabi\lib\thumb\v6-m\nofp\libc_nano.a(libc_a-wctomb_r.o)
 .bss           0x2000029c        0x0 C:\Program Files (x86)\Arm\GNU Toolchain mingw-w64-i686-arm-none-eabi\arm-none-eabi\lib\thumb\v6-m\nofp\libc_nano.a(libc_a-ctype_.o)
 .bss           0x2000029c        0x0 C:\Program Files (x86)\Arm\GNU Toolchain mingw-w64-i686-arm-none-eabi\arm-none-eabi\lib\thumb\v6-m\nofp\libc_nano.a(libc_a-fprintf.o)
 .bss           0x2000029c        0x0 C:\Program Files (x86)\Arm\GNU Toolchain mingw-w64-i686-arm-none-eabi\arm-none-eabi\lib\thumb\v6-m\nofp\libc_nano.a(libc_a-memset.o)
 .bss           0x2000029c        0x0 C:\Program Files (x86)\Arm\GNU Toolchain mingw-w64-i686-arm-none-eabi\arm-none-eabi\lib\thumb\v6-m\nofp\libc_nano.a(libc_a-abort.o)
 .bss           0x2000029c        0x0 C:\Program Files (x86)\Arm\GNU Toolchain mingw-w64-i686-arm-none-eabi\arm-none-eabi\lib\thumb\v6-m\nofp\libc_nano.a(libc_a-nano-vfprintf.o)
 .bss           0x2000029c        0x0 C:\Program Files (x86)\Arm\GNU Toolchain mingw-w64-i686-arm-none-eabi\arm-none-eabi\lib\thumb\v6-m\nofp\libc_nano.a(libc_a-findfp.o)
 .bss.__sf      0x2000029c      0x138 C:\Program Files (x86)\Arm\GNU Toolchain mingw-w64-i686-arm-none-eabi\arm-none-eabi\lib\thumb\v6-m\nofp\libc_nano.a(libc_a-findfp.o)
                0x2000029c                __sf
 .bss.__stdio_exit_handler
                0x200003d4        0x4 C:\Program Files (x86)\Arm\GNU Toolchain mingw-w64-i686-arm-none-eabi\arm-none-eabi\lib\thumb\v6-m\nofp\libc_nano.a(libc_a-findfp.o)
                0x200003d4                __stdio_exit_handler
 .bss           0x200003d8        0x0 C:\Program Files (x86)\Arm\GNU Toolchain mingw-w64-i686-arm-none-eabi\arm-none-eabi\lib\thumb\v6-m\nofp\libc_nano.a(libc_a-fvwrite.o)
 .bss           0x200003d8        0x0 C:\Program Files (x86)\Arm\GNU Toolchain mingw-w64-i686-arm-none-eabi\arm-none-eabi\lib\thumb\v6-m\nofp\libc_nano.a(libc_a-fwalk.o)
 .bss           0x200003d8        0x0 C:\Program Files (x86)\Arm\GNU Toolchain mingw-w64-i686-arm-none-eabi\arm-none-eabi\lib\thumb\v6-m\nofp\libc_nano.a(libc_a-stdio.o)
 .bss           0x200003d8        0x0 C:\Program Files (x86)\Arm\GNU Toolchain mingw-w64-i686-arm-none-eabi\arm-none-eabi\lib\thumb\v6-m\nofp\libc_nano.a(libc_a-wbuf.o)
 .bss           0x200003d8        0x0 C:\Program Files (x86)\Arm\GNU Toolchain mingw-w64-i686-arm-none-eabi\arm-none-eabi\lib\thumb\v6-m\nofp\libc_nano.a(libc_a-wsetup.o)
 .bss           0x200003d8        0x0 C:\Program Files (x86)\Arm\GNU Toolchain mingw-w64-i686-arm-none-eabi\arm-none-eabi\lib\thumb\v6-m\nofp\libc_nano.a(libc_a-memmove.o)
 .bss           0x200003d8        0x0 C:\Program Files (x86)\Arm\GNU Toolchain mingw-w64-i686-arm-none-eabi\arm-none-eabi\lib\thumb\v6-m\nofp\libc_nano.a(libc_a-signal.o)
 .bss           0x200003d8        0x0 C:\Program Files (x86)\Arm\GNU Toolchain mingw-w64-i686-arm-none-eabi\arm-none-eabi\lib\thumb\v6-m\nofp\libc_nano.a(libc_a-closer.o)
 .bss           0x200003d8        0x0 C:\Program Files (x86)\Arm\GNU Toolchain mingw-w64-i686-arm-none-eabi\arm-none-eabi\lib\thumb\v6-m\nofp\libc_nano.a(libc_a-lseekr.o)
 .bss           0x200003d8        0x0 C:\Program Files (x86)\Arm\GNU Toolchain mingw-w64-i686-arm-none-eabi\arm-none-eabi\lib\thumb\v6-m\nofp\libc_nano.a(libc_a-readr.o)
 .bss           0x200003d8        0x0 C:\Program Files (x86)\Arm\GNU Toolchain mingw-w64-i686-arm-none-eabi\arm-none-eabi\lib\thumb\v6-m\nofp\libc_nano.a(libc_a-signalr.o)
 .bss           0x200003d8        0x0 C:\Program Files (x86)\Arm\GNU Toolchain mingw-w64-i686-arm-none-eabi\arm-none-eabi\lib\thumb\v6-m\nofp\libc_nano.a(libc_a-writer.o)
 .bss           0x200003d8        0x0 C:\Program Files (x86)\Arm\GNU Toolchain mingw-w64-i686-arm-none-eabi\arm-none-eabi\lib\thumb\v6-m\nofp\libc_nano.a(libc_a-reallocr.o)
 .bss           0x200003d8        0x0 C:\Program Files (x86)\Arm\GNU Toolchain mingw-w64-i686-arm-none-eabi\arm-none-eabi\lib\thumb\v6-m\nofp\libc_nano.a(libc_a-fflush.o)
 .bss           0x200003d8        0x0 C:\Program Files (x86)\Arm\GNU Toolchain mingw-w64-i686-arm-none-eabi\arm-none-eabi\lib\thumb\v6-m\nofp\libc_nano.a(libc_a-makebuf.o)
 .bss           0x200003d8        0x0 C:\Program Files (x86)\Arm\GNU Toolchain mingw-w64-i686-arm-none-eabi\arm-none-eabi\lib\thumb\v6-m\nofp\libc_nano.a(libc_a-fstatr.o)
 .bss           0x200003d8        0x0 C:\Program Files (x86)\Arm\GNU Toolchain mingw-w64-i686-arm-none-eabi\arm-none-eabi\lib\thumb\v6-m\nofp\libc_nano.a(libc_a-isattyr.o)
 .bss           0x200003d8        0x0 C:\Program Files (x86)\Arm\GNU Toolchain mingw-w64-i686-arm-none-eabi\arm-none-eabi\lib\thumb\v6-m\nofp\libc_nano.a(libc_a-msizer.o)
 .bss           0x200003d8        0x0 C:\Program Files (x86)\Arm\GNU Toolchain mingw-w64-i686-arm-none-eabi\lib\gcc\arm-none-eabi\15.2.1\thumb\v6-m\nofp\libgcc.a(_thumb1_case_uqi.o)
 .bss           0x200003d8        0x0 C:\Program Files (x86)\Arm\GNU Toolchain mingw-w64-i686-arm-none-eabi\lib\gcc\arm-none-eabi\15.2.1\thumb\v6-m\nofp\libgcc.a(_thumb1_case_shi.o)
 .bss           0x200003d8        0x0 C:\Program Files (x86)\Arm\GNU Toolchain mingw-w64-i686-arm-none-eabi\lib\gcc\arm-none-eabi\15.2.1\thumb\v6-m\nofp\libgcc.a(_udivsi3.o)
 .bss           0x200003d8        0x0 C:\Program Files (x86)\Arm\GNU Toolchain mingw-w64-i686-arm-none-eabi\lib\gcc\arm-none-eabi\15.2.1\thumb\v6-m\nofp\libgcc.a(_arm_cmpdf2.o)
 .bss           0x200003d8        0x0 C:\Program Files (x86)\Arm\GNU Toolchain mingw-w64-i686-arm-none-eabi\lib\gcc\arm-none-eabi\15.2.1\thumb\v6-m\nofp\libgcc.a(adddf3.o)
 .bss           0x200003d8        0x0 C:\Program Files (x86)\Arm\GNU Toolchain mingw-w64-i686-arm-none-eabi\lib\gcc\arm-none-eabi\15.2.1\thumb\v6-m\nofp\libgcc.a(divdf3.o)
 .bss           0x200003d8        0x0 C:\Program Files (x86)\Arm\GNU Toolchain mingw-w64-i686-arm-none-eabi\lib\gcc\arm-none-eabi\15.2.1\thumb\v6-m\nofp\libgcc.a(eqdf2.o)
 .bss           0x200003d8        0x0 C:\Program Files (x86)\Arm\GNU Toolchain mingw-w64-i686-arm-none-eabi\lib\gcc\arm-none-eabi\15.2.1\thumb\v6-m\nofp\libgcc.a(gedf2.o)
 .bss           0x200003d8        0x0 C:\Program Files (x86)\Arm\GNU Toolchain mingw-w64-i686-arm-none-eabi\lib\gcc\arm-none-eabi\15.2.1\thumb\v6-m\nofp\libgcc.a(ledf2.o)
 .bss           0x200003d8        0x0 C:\Program Files (x86)\Arm\GNU Toolchain mingw-w64-i686-arm-none-eabi\lib\gcc\arm-none-eabi\15.2.1\thumb\v6-m\nofp\libgcc.a(muldf3.o)
 .bss           0x200003d8        0x0 C:\Program Files (x86)\Arm\GNU Toolchain mingw-w64-i686-arm-none-eabi\lib\gcc\arm-none-eabi\15.2.1\thumb\v6-m\nofp\libgcc.a(subdf3.o)
 .bss           0x200003d8        0x0 C:\Program Files (x86)\Arm\GNU Toolchain mingw-w64-i686-arm-none-eabi\lib\gcc\arm-none-eabi\15.2.1\thumb\v6-m\nofp\libgcc.a(unorddf2.o)
 .bss           0x200003d8        0x0 C:\Program Files (x86)\Arm\GNU Toolchain mingw-w64-i686-arm-none-eabi\lib\gcc\arm-none-eabi\15.2.1\thumb\v6-m\nofp\libgcc.a(fixdfsi.o)
 .bss           0x200003d8        0x0 C:\Program Files (x86)\Arm\GNU Toolchain mingw-w64-i686-arm-none-eabi\lib\gcc\arm-none-eabi\15.2.1\thumb\v6-m\nofp\libgcc.a(floatsidf.o)
 .bss           0x200003d8        0x0 C:\Program Files (x86)\Arm\GNU Toolchain mingw-w64-i686-arm-none-eabi\lib\gcc\arm-none-eabi\15.2.1\thumb\v6-m\nofp\libgcc.a(floatunsidf.o)
 .bss           0x200003d8        0x0 C:\Program Files (x86)\Arm\GNU Toolchain mingw-w64-i686-arm-none-eabi\lib\gcc\arm-none-eabi\15.2.1\thumb\v6-m\nofp\libgcc.a(_clzsi2.o)
 *(COMMON)
                0x200003d8                        . = ALIGN (0x4)
                0x200003d8                        _ebss = .
                [!provide]                        PROVIDE (end = .)
                0x200003d8                        PROVIDE (_HeapStart = .)
                0x20002000                        PROVIDE (_StackTop = (ORIGIN (ram) + LENGTH (ram)))
OUTPUT(main.elf elf32-littlearm)
LOAD linker stubs

.debug_info     0x00000000     0x1f87
 .debug_info    0x00000000      0x1e9 main.o
 .debug_info    0x000001e9      0x796 robot_control.o
 .debug_info    0x0000097f      0x3c6 adc.o
 .debug_info    0x00000d45      0x396 startup.o
 .debug_info    0x000010db      0x7a3 serial.o
 .debug_info    0x0000187e      0x709 newlib_stubs.o

.debug_abbrev   0x00000000      0xa91
 .debug_abbrev  0x00000000      0x15a main.o
 .debug_abbrev  0x0000015a      0x26b robot_control.o
 .debug_abbrev  0x000003c5      0x13b adc.o
 .debug_abbrev  0x00000500      0x1c8 startup.o
 .debug_abbrev  0x000006c8      0x20e serial.o
 .debug_abbrev  0x000008d6      0x1bb newlib_stubs.o

.debug_aranges  0x00000000       0xc8
 .debug_aranges
                0x00000000       0x20 main.o
 .debug_aranges
                0x00000020       0x20 robot_control.o
 .debug_aranges
                0x00000040       0x20 adc.o
 .debug_aranges
                0x00000060       0x28 startup.o
 .debug_aranges
                0x00000088       0x20 serial.o
 .debug_aranges
                0x000000a8       0x20 newlib_stubs.o

.debug_line     0x00000000     0x128e
 .debug_line    0x00000000      0x1c2 main.o
 .debug_line    0x000001c2      0x3cf robot_control.o
 .debug_line    0x00000591      0x21b adc.o
 .debug_line    0x000007ac      0x2cb startup.o
 .debug_line    0x00000a77      0x52a serial.o
 .debug_line    0x00000fa1      0x2ed newlib_stubs.o

.debug_str      0x00000000      0x9a0
 .debug_str     0x00000000      0x9a0 main.o
                                0x21b (size before relaxing)
 .debug_str     0x000009a0        0x0 robot_control.o
                                0x4ba (size before relaxing)
 .debug_str     0x000009a0        0x0 adc.o
                                0x2b8 (size before relaxing)
 .debug_str     0x000009a0        0x0 startup.o
                                0x2cb (size before relaxing)
 .debug_str     0x000009a0        0x0 serial.o
                                0x38a (size before relaxing)
 .debug_str     0x000009a0        0x0 newlib_stubs.o
                                0x3bc (size before relaxing)

.comment        0x00000000       0x45
 .comment       0x00000000       0x45 main.o
                                 0x46 (size before relaxing)
 .comment       0x00000045        0x0 robot_control.o
                                 0x46 (size before relaxing)
 .comment       0x00000045        0x0 adc.o
                                 0x46 (size before relaxing)
 .comment       0x00000045        0x0 startup.o
                                 0x46 (size before relaxing)
 .comment       0x00000045        0x0 serial.o
                                 0x46 (size before relaxing)
 .comment       0x00000045        0x0 newlib_stubs.o
                                 0x46 (size before relaxing)

.ARM.attributes
                0x00000000       0x2a
 .ARM.attributes
                0x00000000       0x2c main.o
 .ARM.attributes
                0x0000002c       0x2c robot_control.o
 .ARM.attributes
                0x00000058       0x2c adc.o
 .ARM.attributes
                0x00000084       0x2c startup.o
 .ARM.attributes
                0x000000b0       0x2c serial.o
 .ARM.attributes
                0x000000dc       0x2c newlib_stubs.o
 .ARM.attributes
                0x00000108       0x2c C:\Program Files (x86)\Arm\GNU Toolchain mingw-w64-i686-arm-none-eabi\arm-none-eabi\lib\thumb\v6-m\nofp\libnosys.a(errno.o)
 .ARM.attributes
                0x00000134       0x1e C:\Program Files (x86)\Arm\GNU Toolchain mingw-w64-i686-arm-none-eabi\lib\gcc\arm-none-eabi\15.2.1\thumb\v6-m\nofp\libgcc.a(_divsi3.o)
 .ARM.attributes
                0x00000152       0x1e C:\Program Files (x86)\Arm\GNU Toolchain mingw-w64-i686-arm-none-eabi\lib\gcc\arm-none-eabi\15.2.1\thumb\v6-m\nofp\libgcc.a(_dvmd_tls.o)
 .ARM.attributes
                0x00000170       0x2c C:\Program Files (x86)\Arm\GNU Toolchain mingw-w64-i686-arm-none-eabi\arm-none-eabi\lib\thumb\v6-m\nofp\libc_nano.a(libc_a-nano-vfprintf_float.o)
 .ARM.attributes
                0x0000019c       0x2c C:\Program Files (x86)\Arm\GNU Toolchain mingw-w64-i686-arm-none-eabi\arm-none-eabi\lib\thumb\v6-m\nofp\libc_nano.a(libc_a-nano-vfprintf_i.o)
 .ARM.attributes
                0x000001c8       0x2c C:\Program Files (x86)\Arm\GNU Toolchain mingw-w64-i686-arm-none-eabi\arm-none-eabi\lib\thumb\v6-m\nofp\libc_nano.a(libc_a-localeconv.o)
 .ARM.attributes
                0x000001f4       0x2c C:\Program Files (x86)\Arm\GNU Toolchain mingw-w64-i686-arm-none-eabi\arm-none-eabi\lib\thumb\v6-m\nofp\libc_nano.a(libc_a-memchr-stub.o)
 .ARM.attributes
                0x00000220       0x1c C:\Program Files (x86)\Arm\GNU Toolchain mingw-w64-i686-arm-none-eabi\arm-none-eabi\lib\thumb\v6-m\nofp\libc_nano.a(libc_a-strlen.o)
 .ARM.attributes
                0x0000023c       0x2c C:\Program Files (x86)\Arm\GNU Toolchain mingw-w64-i686-arm-none-eabi\arm-none-eabi\lib\thumb\v6-m\nofp\libc_nano.a(libc_a-dtoa.o)
 .ARM.attributes
                0x00000268       0x2c C:\Program Files (x86)\Arm\GNU Toolchain mingw-w64-i686-arm-none-eabi\arm-none-eabi\lib\thumb\v6-m\nofp\libc_nano.a(libc_a-malloc.o)
 .ARM.attributes
                0x00000294       0x2c C:\Program Files (x86)\Arm\GNU Toolchain mingw-w64-i686-arm-none-eabi\arm-none-eabi\lib\thumb\v6-m\nofp\libc_nano.a(libc_a-mallocr.o)
 .ARM.attributes
                0x000002c0       0x2c C:\Program Files (x86)\Arm\GNU Toolchain mingw-w64-i686-arm-none-eabi\arm-none-eabi\lib\thumb\v6-m\nofp\libc_nano.a(libc_a-mlock.o)
 .ARM.attributes
                0x000002ec       0x2c C:\Program Files (x86)\Arm\GNU Toolchain mingw-w64-i686-arm-none-eabi\arm-none-eabi\lib\thumb\v6-m\nofp\libc_nano.a(libc_a-mprec.o)
 .ARM.attributes
                0x00000318       0x2c C:\Program Files (x86)\Arm\GNU Toolchain mingw-w64-i686-arm-none-eabi\arm-none-eabi\lib\thumb\v6-m\nofp\libc_nano.a(libc_a-locale.o)
 .ARM.attributes
                0x00000344       0x2c C:\Program Files (x86)\Arm\GNU Toolchain mingw-w64-i686-arm-none-eabi\arm-none-eabi\lib\thumb\v6-m\nofp\libc_nano.a(libc_a-impure.o)
 .ARM.attributes
                0x00000370       0x2c C:\Program Files (x86)\Arm\GNU Toolchain mingw-w64-i686-arm-none-eabi\arm-none-eabi\lib\thumb\v6-m\nofp\libc_nano.a(libc_a-sbrkr.o)
 .ARM.attributes
                0x0000039c       0x2c C:\Program Files (x86)\Arm\GNU Toolchain mingw-w64-i686-arm-none-eabi\arm-none-eabi\lib\thumb\v6-m\nofp\libc_nano.a(libc_a-lock.o)
 .ARM.attributes
                0x000003c8       0x1c C:\Program Files (x86)\Arm\GNU Toolchain mingw-w64-i686-arm-none-eabi\arm-none-eabi\lib\thumb\v6-m\nofp\libc_nano.a(libc_a-strcmp.o)
 .ARM.attributes
                0x000003e4       0x2c C:\Program Files (x86)\Arm\GNU Toolchain mingw-w64-i686-arm-none-eabi\arm-none-eabi\lib\thumb\v6-m\nofp\libc_nano.a(libc_a-memcpy-stub.o)
 .ARM.attributes
                0x00000410       0x2c C:\Program Files (x86)\Arm\GNU Toolchain mingw-w64-i686-arm-none-eabi\arm-none-eabi\lib\thumb\v6-m\nofp\libc_nano.a(libc_a-assert.o)
 .ARM.attributes
                0x0000043c       0x2c C:\Program Files (x86)\Arm\GNU Toolchain mingw-w64-i686-arm-none-eabi\arm-none-eabi\lib\thumb\v6-m\nofp\libc_nano.a(libc_a-callocr.o)
 .ARM.attributes
                0x00000468       0x2c C:\Program Files (x86)\Arm\GNU Toolchain mingw-w64-i686-arm-none-eabi\arm-none-eabi\lib\thumb\v6-m\nofp\libc_nano.a(libc_a-freer.o)
 .ARM.attributes
                0x00000494       0x2c C:\Program Files (x86)\Arm\GNU Toolchain mingw-w64-i686-arm-none-eabi\arm-none-eabi\lib\thumb\v6-m\nofp\libc_nano.a(libc_a-mbtowc_r.o)
 .ARM.attributes
                0x000004c0       0x2c C:\Program Files (x86)\Arm\GNU Toolchain mingw-w64-i686-arm-none-eabi\arm-none-eabi\lib\thumb\v6-m\nofp\libc_nano.a(libc_a-wctomb_r.o)
 .ARM.attributes
                0x000004ec       0x2c C:\Program Files (x86)\Arm\GNU Toolchain mingw-w64-i686-arm-none-eabi\arm-none-eabi\lib\thumb\v6-m\nofp\libc_nano.a(libc_a-ctype_.o)
 .ARM.attributes
                0x00000518       0x2c C:\Program Files (x86)\Arm\GNU Toolchain mingw-w64-i686-arm-none-eabi\arm-none-eabi\lib\thumb\v6-m\nofp\libc_nano.a(libc_a-fprintf.o)
 .ARM.attributes
                0x00000544       0x2c C:\Program Files (x86)\Arm\GNU Toolchain mingw-w64-i686-arm-none-eabi\arm-none-eabi\lib\thumb\v6-m\nofp\libc_nano.a(libc_a-memset.o)
 .ARM.attributes
                0x00000570       0x2c C:\Program Files (x86)\Arm\GNU Toolchain mingw-w64-i686-arm-none-eabi\arm-none-eabi\lib\thumb\v6-m\nofp\libc_nano.a(libc_a-abort.o)
 .ARM.attributes
                0x0000059c       0x2c C:\Program Files (x86)\Arm\GNU Toolchain mingw-w64-i686-arm-none-eabi\arm-none-eabi\lib\thumb\v6-m\nofp\libc_nano.a(libc_a-nano-vfprintf.o)
 .ARM.attributes
                0x000005c8       0x2c C:\Program Files (x86)\Arm\GNU Toolchain mingw-w64-i686-arm-none-eabi\arm-none-eabi\lib\thumb\v6-m\nofp\libc_nano.a(libc_a-findfp.o)
 .ARM.attributes
                0x000005f4       0x2c C:\Program Files (x86)\Arm\GNU Toolchain mingw-w64-i686-arm-none-eabi\arm-none-eabi\lib\thumb\v6-m\nofp\libc_nano.a(libc_a-fvwrite.o)
 .ARM.attributes
                0x00000620       0x2c C:\Program Files (x86)\Arm\GNU Toolchain mingw-w64-i686-arm-none-eabi\arm-none-eabi\lib\thumb\v6-m\nofp\libc_nano.a(libc_a-fwalk.o)
 .ARM.attributes
                0x0000064c       0x2c C:\Program Files (x86)\Arm\GNU Toolchain mingw-w64-i686-arm-none-eabi\arm-none-eabi\lib\thumb\v6-m\nofp\libc_nano.a(libc_a-stdio.o)
 .ARM.attributes
                0x00000678       0x2c C:\Program Files (x86)\Arm\GNU Toolchain mingw-w64-i686-arm-none-eabi\arm-none-eabi\lib\thumb\v6-m\nofp\libc_nano.a(libc_a-wbuf.o)
 .ARM.attributes
                0x000006a4       0x2c C:\Program Files (x86)\Arm\GNU Toolchain mingw-w64-i686-arm-none-eabi\arm-none-eabi\lib\thumb\v6-m\nofp\libc_nano.a(libc_a-wsetup.o)
 .ARM.attributes
                0x000006d0       0x2c C:\Program Files (x86)\Arm\GNU Toolchain mingw-w64-i686-arm-none-eabi\arm-none-eabi\lib\thumb\v6-m\nofp\libc_nano.a(libc_a-memmove.o)
 .ARM.attributes
                0x000006fc       0x2c C:\Program Files (x86)\Arm\GNU Toolchain mingw-w64-i686-arm-none-eabi\arm-none-eabi\lib\thumb\v6-m\nofp\libc_nano.a(libc_a-signal.o)
 .ARM.attributes
                0x00000728       0x2c C:\Program Files (x86)\Arm\GNU Toolchain mingw-w64-i686-arm-none-eabi\arm-none-eabi\lib\thumb\v6-m\nofp\libc_nano.a(libc_a-closer.o)
 .ARM.attributes
                0x00000754       0x2c C:\Program Files (x86)\Arm\GNU Toolchain mingw-w64-i686-arm-none-eabi\arm-none-eabi\lib\thumb\v6-m\nofp\libc_nano.a(libc_a-lseekr.o)
 .ARM.attributes
                0x00000780       0x2c C:\Program Files (x86)\Arm\GNU Toolchain mingw-w64-i686-arm-none-eabi\arm-none-eabi\lib\thumb\v6-m\nofp\libc_nano.a(libc_a-readr.o)
 .ARM.attributes
                0x000007ac       0x2c C:\Program Files (x86)\Arm\GNU Toolchain mingw-w64-i686-arm-none-eabi\arm-none-eabi\lib\thumb\v6-m\nofp\libc_nano.a(libc_a-signalr.o)
 .ARM.attributes
                0x000007d8       0x2c C:\Program Files (x86)\Arm\GNU Toolchain mingw-w64-i686-arm-none-eabi\arm-none-eabi\lib\thumb\v6-m\nofp\libc_nano.a(libc_a-writer.o)
 .ARM.attributes