Archive member included to satisfy reference by file (symbol)

C:/Program Files/avr-gcc-15.2.0-x64-windows/avr-gcc-15.2.0-x64-windows/bin/../lib/gcc/avr/15.2.0/avr5\libgcc.a(_exit.o)
                              C:/Program Files/avr-gcc-15.2.0-x64-windows/avr-gcc-15.2.0-x64-windows/bin/../lib/gcc/avr/15.2.0/../../../../avr/lib/avr5/crtatmega328p.o (exit)
C:/Program Files/avr-gcc-15.2.0-x64-windows/avr-gcc-15.2.0-x64-windows/bin/../lib/gcc/avr/15.2.0/avr5\libgcc.a(_copy_data.o)
                              main.o (__do_copy_data)
C:/Program Files/avr-gcc-15.2.0-x64-windows/avr-gcc-15.2.0-x64-windows/bin/../lib/gcc/avr/15.2.0/../../../../avr/lib/avr5\libc.a(iob.o)
                              usart.o (__iob)
C:/Program Files/avr-gcc-15.2.0-x64-windows/avr-gcc-15.2.0-x64-windows/bin/../lib/gcc/avr/15.2.0/../../../../avr/lib/avr5\libc.a(printf.o)
                              main.o (printf)
C:/Program Files/avr-gcc-15.2.0-x64-windows/avr-gcc-15.2.0-x64-windows/bin/../lib/gcc/avr/15.2.0/../../../../avr/lib/avr5\libc.a(puts.o)
                              main.o (puts)
C:/Program Files/avr-gcc-15.2.0-x64-windows/avr-gcc-15.2.0-x64-windows/bin/../lib/gcc/avr/15.2.0/../../../../avr/lib/avr5\libc.a(vfprintf_std.o)
                              C:/Program Files/avr-gcc-15.2.0-x64-windows/avr-gcc-15.2.0-x64-windows/bin/../lib/gcc/avr/15.2.0/../../../../avr/lib/avr5\libc.a(printf.o) (vfprintf)
C:/Program Files/avr-gcc-15.2.0-x64-windows/avr-gcc-15.2.0-x64-windows/bin/../lib/gcc/avr/15.2.0/../../../../avr/lib/avr5\libc.a(strnlen_P.o)
                              C:/Program Files/avr-gcc-15.2.0-x64-windows/avr-gcc-15.2.0-x64-windows/bin/../lib/gcc/avr/15.2.0/../../../../avr/lib/avr5\libc.a(vfprintf_std.o) (strnlen_P)
C:/Program Files/avr-gcc-15.2.0-x64-windows/avr-gcc-15.2.0-x64-windows/bin/../lib/gcc/avr/15.2.0/../../../../avr/lib/avr5\libc.a(strnlen.o)
                              C:/Program Files/avr-gcc-15.2.0-x64-windows/avr-gcc-15.2.0-x64-windows/bin/../lib/gcc/avr/15.2.0/../../../../avr/lib/avr5\libc.a(vfprintf_std.o) (strnlen)
C:/Program Files/avr-gcc-15.2.0-x64-windows/avr-gcc-15.2.0-x64-windows/bin/../lib/gcc/avr/15.2.0/../../../../avr/lib/avr5\libc.a(fputc.o)
                              C:/Program Files/avr-gcc-15.2.0-x64-windows/avr-gcc-15.2.0-x64-windows/bin/../lib/gcc/avr/15.2.0/../../../../avr/lib/avr5\libc.a(vfprintf_std.o) (fputc)
C:/Program Files/avr-gcc-15.2.0-x64-windows/avr-gcc-15.2.0-x64-windows/bin/../lib/gcc/avr/15.2.0/../../../../avr/lib/avr5\libc.a(ultoa_invert.o)
                              C:/Program Files/avr-gcc-15.2.0-x64-windows/avr-gcc-15.2.0-x64-windows/bin/../lib/gcc/avr/15.2.0/../../../../avr/lib/avr5\libc.a(vfprintf_std.o) (__ultoa_invert)
C:/Program Files/avr-gcc-15.2.0-x64-windows/avr-gcc-15.2.0-x64-windows/bin/../lib/gcc/avr/15.2.0/avr5\libgcc.a(_negsi2.o)
                              C:/Program Files/avr-gcc-15.2.0-x64-windows/avr-gcc-15.2.0-x64-windows/bin/../lib/gcc/avr/15.2.0/../../../../avr/lib/avr5\libc.a(vfprintf_std.o) (__negsi2)
C:/Program Files/avr-gcc-15.2.0-x64-windows/avr-gcc-15.2.0-x64-windows/bin/../lib/gcc/avr/15.2.0/avr5\libgcc.a(_clear_bss.o)
                              C:/Program Files/avr-gcc-15.2.0-x64-windows/avr-gcc-15.2.0-x64-windows/bin/../lib/gcc/avr/15.2.0/../../../../avr/lib/avr5\libc.a(iob.o) (__do_clear_bss)
C:/Program Files/avr-gcc-15.2.0-x64-windows/avr-gcc-15.2.0-x64-windows/bin/../lib/gcc/avr/15.2.0/avr5\libgcc.a(_prologue.o)
                              C:/Program Files/avr-gcc-15.2.0-x64-windows/avr-gcc-15.2.0-x64-windows/bin/../lib/gcc/avr/15.2.0/../../../../avr/lib/avr5\libc.a(printf.o) (__prologue_saves__)
C:/Program Files/avr-gcc-15.2.0-x64-windows/avr-gcc-15.2.0-x64-windows/bin/../lib/gcc/avr/15.2.0/avr5\libgcc.a(_epilogue.o)
                              C:/Program Files/avr-gcc-15.2.0-x64-windows/avr-gcc-15.2.0-x64-windows/bin/../lib/gcc/avr/15.2.0/../../../../avr/lib/avr5\libc.a(printf.o) (__epilogue_restores__)

There are no discarded input sections

Memory Configuration

Name             Origin             Length             Attributes
text             0x00000000         0x00008000         xr
data             0x00800100         0x00000800         rw!x
eeprom           0x00810000         0x00000400         rw!x
fuse             0x00820000         0x00000003         rw!x
lock             0x00830000         0x00000400         rw!x
signature        0x00840000         0x00000400         rw!x
user_signatures  0x00850000         0x00000400         rw!x
*default*        0x00000000         0xffffffff

Linker script and memory map

Address of section .data set to 0x800100
LOAD C:/Program Files/avr-gcc-15.2.0-x64-windows/avr-gcc-15.2.0-x64-windows/bin/../lib/gcc/avr/15.2.0/../../../../avr/lib/avr5/crtatmega328p.o
LOAD main.o
LOAD usart.o
LOAD lcd.o
LOAD pushbutton.o
START GROUP
LOAD C:/Program Files/avr-gcc-15.2.0-x64-windows/avr-gcc-15.2.0-x64-windows/bin/../lib/gcc/avr/15.2.0/avr5\libgcc.a
LOAD C:/Program Files/avr-gcc-15.2.0-x64-windows/avr-gcc-15.2.0-x64-windows/bin/../lib/gcc/avr/15.2.0/../../../../avr/lib/avr5\libm.a
LOAD C:/Program Files/avr-gcc-15.2.0-x64-windows/avr-gcc-15.2.0-x64-windows/bin/../lib/gcc/avr/15.2.0/../../../../avr/lib/avr5\libc.a
LOAD C:/Program Files/avr-gcc-15.2.0-x64-windows/avr-gcc-15.2.0-x64-windows/bin/../lib/gcc/avr/15.2.0/../../../../avr/lib/avr5\libatmega328p.a
END GROUP
                [0x00000000]                      __TEXT_REGION_ORIGIN__ = DEFINED (__TEXT_REGION_ORIGIN__)?__TEXT_REGION_ORIGIN__:0x0
                [0x00008000]                      __TEXT_REGION_LENGTH__ = DEFINED (__TEXT_REGION_LENGTH__)?__TEXT_REGION_LENGTH__:0x20000
                [0x00800100]                      __DATA_REGION_ORIGIN__ = DEFINED (__DATA_REGION_ORIGIN__)?__DATA_REGION_ORIGIN__:0x800060
                [0x00000800]                      __DATA_REGION_LENGTH__ = DEFINED (__DATA_REGION_LENGTH__)?__DATA_REGION_LENGTH__:0xffa0
                [0x00000400]                      __EEPROM_REGION_LENGTH__ = DEFINED (__EEPROM_REGION_LENGTH__)?__EEPROM_REGION_LENGTH__:0x10000
                [0x00000003]                      __FUSE_REGION_LENGTH__ = DEFINED (__FUSE_REGION_LENGTH__)?__FUSE_REGION_LENGTH__:0x400
                0x00000400                        __LOCK_REGION_LENGTH__ = DEFINED (__LOCK_REGION_LENGTH__)?__LOCK_REGION_LENGTH__:0x400
                0x00000400                        __SIGNATURE_REGION_LENGTH__ = DEFINED (__SIGNATURE_REGION_LENGTH__)?__SIGNATURE_REGION_LENGTH__:0x400
                0x00000400                        __USER_SIGNATURE_REGION_LENGTH__ = DEFINED (__USER_SIGNATURE_REGION_LENGTH__)?__USER_SIGNATURE_REGION_LENGTH__:0x400

.hash
 *(.hash)

.dynsym
 *(.dynsym)

.dynstr
 *(.dynstr)

.gnu.version
 *(.gnu.version)

.gnu.version_d
 *(.gnu.version_d)

.gnu.version_r
 *(.gnu.version_r)

.rel.init
 *(.rel.init)

.rela.init
 *(.rela.init)

.rel.text
 *(.rel.text)
 *(.rel.text.*)
 *(.rel.gnu.linkonce.t*)

.rela.text
 *(.rela.text)
 *(.rela.text.*)
 *(.rela.gnu.linkonce.t*)

.rel.fini
 *(.rel.fini)

.rela.fini
 *(.rela.fini)

.rel.rodata
 *(.rel.rodata)
 *(.rel.rodata.*)
 *(.rel.gnu.linkonce.r*)

.rela.rodata
 *(.rela.rodata)
 *(.rela.rodata.*)
 *(.rela.gnu.linkonce.r*)

.rel.data
 *(.rel.data)
 *(.rel.data.*)
 *(.rel.gnu.linkonce.d*)

.rela.data
 *(.rela.data)
 *(.rela.data.*)
 *(.rela.gnu.linkonce.d*)

.rel.ctors
 *(.rel.ctors)

.rela.ctors
 *(.rela.ctors)

.rel.dtors
 *(.rel.dtors)

.rela.dtors
 *(.rela.dtors)

.rel.got
 *(.rel.got)

.rela.got
 *(.rela.got)

.rel.bss
 *(.rel.bss)

.rela.bss
 *(.rela.bss)

.rel.plt
 *(.rel.plt)

.rela.plt
 *(.rela.plt)

.text           0x00000000      0x9e6
 *(.vectors)
 .vectors       0x00000000       0x68 C:/Program Files/avr-gcc-15.2.0-x64-windows/avr-gcc-15.2.0-x64-windows/bin/../lib/gcc/avr/15.2.0/../../../../avr/lib/avr5/crtatmega328p.o
                0x00000000                __vector_default
                0x00000000                __vectors
 *(.vectors)
                0x00000068                        __progmem_start = .
 *(.progmem)
 *(.progmem.*)
                0x00000068                        __progmem_end = .
                0x00000001                        ASSERT (((__progmem_start == __progmem_end) || (__progmem_end <= 0x10000)), .progmem section exceeds 0x10000)
                0x00000068                        . = ALIGN (0x2)
                0x00000068                        __trampolines_start = .
 *(.trampolines)
 .trampolines   0x00000068        0x0 linker stubs
 *(.trampolines*)
                0x00000068                        __trampolines_end = .
                0x00000068                        . = ALIGN (0x2)
 *(.lowtext)
 *(.lowtext*)
                0x00000068                        __ctors_start = .
 *(.ctors)
                0x00000068                        __ctors_end = .
                0x00000068                        __dtors_start = .
 *(.dtors)
                0x00000068                        __dtors_end = .
 SORT_BY_NAME(*)(.ctors)
 SORT_BY_NAME(*)(.dtors)
 *(.init0)
 .init0         0x00000068        0x0 C:/Program Files/avr-gcc-15.2.0-x64-windows/avr-gcc-15.2.0-x64-windows/bin/../lib/gcc/avr/15.2.0/../../../../avr/lib/avr5/crtatmega328p.o
                0x00000068                __init
 *(.init0)
 *(.init1)
 *(.init1)
 *(.init2)
 .init2         0x00000068        0xc C:/Program Files/avr-gcc-15.2.0-x64-windows/avr-gcc-15.2.0-x64-windows/bin/../lib/gcc/avr/15.2.0/../../../../avr/lib/avr5/crtatmega328p.o
 *(.init2)
 *(.init3)
 *(.init3)
 *(.init4)
 .init4         0x00000074       0x16 C:/Program Files/avr-gcc-15.2.0-x64-windows/avr-gcc-15.2.0-x64-windows/bin/../lib/gcc/avr/15.2.0/avr5\libgcc.a(_copy_data.o)
                0x00000074                __do_copy_data
 .init4         0x0000008a       0x10 C:/Program Files/avr-gcc-15.2.0-x64-windows/avr-gcc-15.2.0-x64-windows/bin/../lib/gcc/avr/15.2.0/avr5\libgcc.a(_clear_bss.o)
                0x0000008a                __do_clear_bss
 *(.init4)
 *(.init5)
 *(.init5)
 *(.init6)
 *(.init6)
 *(.init7)
 *(.init7)
 *(.init8)
 *(.init8)
 *(.init9)
 .init9         0x0000009a        0x8 C:/Program Files/avr-gcc-15.2.0-x64-windows/avr-gcc-15.2.0-x64-windows/bin/../lib/gcc/avr/15.2.0/../../../../avr/lib/avr5/crtatmega328p.o
 *(.init9)
 *(.text)
 .text          0x000000a2        0x4 C:/Program Files/avr-gcc-15.2.0-x64-windows/avr-gcc-15.2.0-x64-windows/bin/../lib/gcc/avr/15.2.0/../../../../avr/lib/avr5/crtatmega328p.o
                0x000000a2                __vector_22
                0x000000a2                __vector_1
                0x000000a2                __vector_24
                0x000000a2                __vector_12
                0x000000a2                __bad_interrupt
                0x000000a2                __vector_6
                0x000000a2                __vector_3
                0x000000a2                __vector_23
                0x000000a2                __vector_25
                0x000000a2                __vector_11
                0x000000a2                __vector_13
                0x000000a2                __vector_17
                0x000000a2                __vector_19
                0x000000a2                __vector_7
                0x000000a2                __vector_5
                0x000000a2                __vector_4
                0x000000a2                __vector_9
                0x000000a2                __vector_2
                0x000000a2                __vector_21
                0x000000a2                __vector_15
                0x000000a2                __vector_8
                0x000000a2                __vector_14
                0x000000a2                __vector_10
                0x000000a2                __vector_16
                0x000000a2                __vector_18
                0x000000a2                __vector_20
 .text          0x000000a6        0xa main.o
                0x000000a6                Configure_Pins
 .text          0x000000b0      0x110 usart.o
                0x000000b0                usart_init
                0x000000ea                usart_putchar
                0x000000f8                usart_putchar_printf
                0x00000120                usart_getchar
                0x0000012e                usart_kbhit
                0x0000013a                usart_pstr
                0x00000154                usart_gets
 .text          0x000001c0      0x16c lcd.o
                0x000001c0                LCD_pulse
                0x000001ce                LCD_byte
                0x00000234                WriteData
                0x00000248                WriteCommand
                0x0000025c                LCD_4BIT
                0x000002a8                LCDprint
 .text          0x0000032c        0x0 pushbutton.o
 .text          0x0000032c        0x0 C:/Program Files/avr-gcc-15.2.0-x64-windows/avr-gcc-15.2.0-x64-windows/bin/../lib/gcc/avr/15.2.0/avr5\libgcc.a(_exit.o)
 .text          0x0000032c        0x0 C:/Program Files/avr-gcc-15.2.0-x64-windows/avr-gcc-15.2.0-x64-windows/bin/../lib/gcc/avr/15.2.0/avr5\libgcc.a(_copy_data.o)
 .text          0x0000032c        0x0 C:/Program Files/avr-gcc-15.2.0-x64-windows/avr-gcc-15.2.0-x64-windows/bin/../lib/gcc/avr/15.2.0/../../../../avr/lib/avr5\libc.a(iob.o)
 .text          0x0000032c        0x0 C:/Program Files/avr-gcc-15.2.0-x64-windows/avr-gcc-15.2.0-x64-windows/bin/../lib/gcc/avr/15.2.0/../../../../avr/lib/avr5\libc.a(printf.o)
 .text          0x0000032c        0x0 C:/Program Files/avr-gcc-15.2.0-x64-windows/avr-gcc-15.2.0-x64-windows/bin/../lib/gcc/avr/15.2.0/../../../../avr/lib/avr5\libc.a(puts.o)
 .text          0x0000032c        0x0 C:/Program Files/avr-gcc-15.2.0-x64-windows/avr-gcc-15.2.0-x64-windows/bin/../lib/gcc/avr/15.2.0/../../../../avr/lib/avr5\libc.a(vfprintf_std.o)
 .text          0x0000032c        0x0 C:/Program Files/avr-gcc-15.2.0-x64-windows/avr-gcc-15.2.0-x64-windows/bin/../lib/gcc/avr/15.2.0/../../../../avr/lib/avr5\libc.a(strnlen_P.o)
 .text          0x0000032c        0x0 C:/Program Files/avr-gcc-15.2.0-x64-windows/avr-gcc-15.2.0-x64-windows/bin/../lib/gcc/avr/15.2.0/../../../../avr/lib/avr5\libc.a(strnlen.o)
 .text          0x0000032c        0x0 C:/Program Files/avr-gcc-15.2.0-x64-windows/avr-gcc-15.2.0-x64-windows/bin/../lib/gcc/avr/15.2.0/../../../../avr/lib/avr5\libc.a(fputc.o)
 .text          0x0000032c        0x0 C:/Program Files/avr-gcc-15.2.0-x64-windows/avr-gcc-15.2.0-x64-windows/bin/../lib/gcc/avr/15.2.0/../../../../avr/lib/avr5\libc.a(ultoa_invert.o)
 .text          0x0000032c        0x0 C:/Program Files/avr-gcc-15.2.0-x64-windows/avr-gcc-15.2.0-x64-windows/bin/../lib/gcc/avr/15.2.0/avr5\libgcc.a(_negsi2.o)
 .text          0x0000032c        0x0 C:/Program Files/avr-gcc-15.2.0-x64-windows/avr-gcc-15.2.0-x64-windows/bin/../lib/gcc/avr/15.2.0/avr5\libgcc.a(_clear_bss.o)
 .text          0x0000032c        0x0 C:/Program Files/avr-gcc-15.2.0-x64-windows/avr-gcc-15.2.0-x64-windows/bin/../lib/gcc/avr/15.2.0/avr5\libgcc.a(_prologue.o)
 .text          0x0000032c        0x0 C:/Program Files/avr-gcc-15.2.0-x64-windows/avr-gcc-15.2.0-x64-windows/bin/../lib/gcc/avr/15.2.0/avr5\libgcc.a(_epilogue.o)
                0x0000032c                        . = ALIGN (0x2)
 *(.text.*)
 .text.startup  0x0000032c       0x80 main.o
                0x0000032c                main
 .text.libgcc.mul
                0x000003ac        0x0 C:/Program Files/avr-gcc-15.2.0-x64-windows/avr-gcc-15.2.0-x64-windows/bin/../lib/gcc/avr/15.2.0/avr5\libgcc.a(_exit.o)
 .text.libgcc.div
                0x000003ac        0x0 C:/Program Files/avr-gcc-15.2.0-x64-windows/avr-gcc-15.2.0-x64-windows/bin/../lib/gcc/avr/15.2.0/avr5\libgcc.a(_exit.o)
 .text.libgcc   0x000003ac        0x0 C:/Program Files/avr-gcc-15.2.0-x64-windows/avr-gcc-15.2.0-x64-windows/bin/../lib/gcc/avr/15.2.0/avr5\libgcc.a(_exit.o)
 .text.libgcc.prologue
                0x000003ac        0x0 C:/Program Files/avr-gcc-15.2.0-x64-windows/avr-gcc-15.2.0-x64-windows/bin/../lib/gcc/avr/15.2.0/avr5\libgcc.a(_exit.o)
 .text.libgcc.builtins
                0x000003ac        0x0 C:/Program Files/avr-gcc-15.2.0-x64-windows/avr-gcc-15.2.0-x64-windows/bin/../lib/gcc/avr/15.2.0/avr5\libgcc.a(_exit.o)
 .text.libgcc.fmul
                0x000003ac        0x0 C:/Program Files/avr-gcc-15.2.0-x64-windows/avr-gcc-15.2.0-x64-windows/bin/../lib/gcc/avr/15.2.0/avr5\libgcc.a(_exit.o)
 .text.libgcc.fixed
                0x000003ac        0x0 C:/Program Files/avr-gcc-15.2.0-x64-windows/avr-gcc-15.2.0-x64-windows/bin/../lib/gcc/avr/15.2.0/avr5\libgcc.a(_exit.o)
 .text.libgcc.mul
                0x000003ac        0x0 C:/Program Files/avr-gcc-15.2.0-x64-windows/avr-gcc-15.2.0-x64-windows/bin/../lib/gcc/avr/15.2.0/avr5\libgcc.a(_copy_data.o)
 .text.libgcc.div
                0x000003ac        0x0 C:/Program Files/avr-gcc-15.2.0-x64-windows/avr-gcc-15.2.0-x64-windows/bin/../lib/gcc/avr/15.2.0/avr5\libgcc.a(_copy_data.o)
 .text.libgcc   0x000003ac        0x0 C:/Program Files/avr-gcc-15.2.0-x64-windows/avr-gcc-15.2.0-x64-windows/bin/../lib/gcc/avr/15.2.0/avr5\libgcc.a(_copy_data.o)
 .text.libgcc.prologue
                0x000003ac        0x0 C:/Program Files/avr-gcc-15.2.0-x64-windows/avr-gcc-15.2.0-x64-windows/bin/../lib/gcc/avr/15.2.0/avr5\libgcc.a(_copy_data.o)
 .text.libgcc.builtins
                0x000003ac        0x0 C:/Program Files/avr-gcc-15.2.0-x64-windows/avr-gcc-15.2.0-x64-windows/bin/../lib/gcc/avr/15.2.0/avr5\libgcc.a(_copy_data.o)
 .text.libgcc.fmul
                0x000003ac        0x0 C:/Program Files/avr-gcc-15.2.0-x64-windows/avr-gcc-15.2.0-x64-windows/bin/../lib/gcc/avr/15.2.0/avr5\libgcc.a(_copy_data.o)
 .text.libgcc.fixed
                0x000003ac        0x0 C:/Program Files/avr-gcc-15.2.0-x64-windows/avr-gcc-15.2.0-x64-windows/bin/../lib/gcc/avr/15.2.0/avr5\libgcc.a(_copy_data.o)
 .text.avr-libc
                0x000003ac       0x2c C:/Program Files/avr-gcc-15.2.0-x64-windows/avr-gcc-15.2.0-x64-windows/bin/../lib/gcc/avr/15.2.0/../../../../avr/lib/avr5\libc.a(printf.o)
                0x000003ac                printf
 .text.avr-libc
                0x000003d8       0x58 C:/Program Files/avr-gcc-15.2.0-x64-windows/avr-gcc-15.2.0-x64-windows/bin/../lib/gcc/avr/15.2.0/../../../../avr/lib/avr5\libc.a(puts.o)
                0x000003d8                puts
 .text.avr-libc
                0x00000430      0x3ca C:/Program Files/avr-gcc-15.2.0-x64-windows/avr-gcc-15.2.0-x64-windows/bin/../lib/gcc/avr/15.2.0/../../../../avr/lib/avr5\libc.a(vfprintf_std.o)
                0x00000430                vfprintf
 .text.avr-libc
                0x000007fa       0x16 C:/Program Files/avr-gcc-15.2.0-x64-windows/avr-gcc-15.2.0-x64-windows/bin/../lib/gcc/avr/15.2.0/../../../../avr/lib/avr5\libc.a(strnlen_P.o)
                0x000007fa                strnlen_P
 .text.avr-libc
                0x00000810       0x16 C:/Program Files/avr-gcc-15.2.0-x64-windows/avr-gcc-15.2.0-x64-windows/bin/../lib/gcc/avr/15.2.0/../../../../avr/lib/avr5\libc.a(strnlen.o)
                0x00000810                strnlen
 .text.avr-libc
                0x00000826       0x82 C:/Program Files/avr-gcc-15.2.0-x64-windows/avr-gcc-15.2.0-x64-windows/bin/../lib/gcc/avr/15.2.0/../../../../avr/lib/avr5\libc.a(fputc.o)
                0x00000826                fputc
 .text.avr-libc
                0x000008a8       0xbc C:/Program Files/avr-gcc-15.2.0-x64-windows/avr-gcc-15.2.0-x64-windows/bin/../lib/gcc/avr/15.2.0/../../../../avr/lib/avr5\libc.a(ultoa_invert.o)
                0x000008a8                __ultoa_invert
 .text.libgcc.mul
                0x00000964        0x0 C:/Program Files/avr-gcc-15.2.0-x64-windows/avr-gcc-15.2.0-x64-windows/bin/../lib/gcc/avr/15.2.0/avr5\libgcc.a(_negsi2.o)
 .text.libgcc.div
                0x00000964       0x10 C:/Program Files/avr-gcc-15.2.0-x64-windows/avr-gcc-15.2.0-x64-windows/bin/../lib/gcc/avr/15.2.0/avr5\libgcc.a(_negsi2.o)
                0x00000964                __negsi2
 .text.libgcc   0x00000974        0x0 C:/Program Files/avr-gcc-15.2.0-x64-windows/avr-gcc-15.2.0-x64-windows/bin/../lib/gcc/avr/15.2.0/avr5\libgcc.a(_negsi2.o)
 .text.libgcc.prologue
                0x00000974        0x0 C:/Program Files/avr-gcc-15.2.0-x64-windows/avr-gcc-15.2.0-x64-windows/bin/../lib/gcc/avr/15.2.0/avr5\libgcc.a(_negsi2.o)
 .text.libgcc.builtins
                0x00000974        0x0 C:/Program Files/avr-gcc-15.2.0-x64-windows/avr-gcc-15.2.0-x64-windows/bin/../lib/gcc/avr/15.2.0/avr5\libgcc.a(_negsi2.o)
 .text.libgcc.fmul
                0x00000974        0x0 C:/Program Files/avr-gcc-15.2.0-x64-windows/avr-gcc-15.2.0-x64-windows/bin/../lib/gcc/avr/15.2.0/avr5\libgcc.a(_negsi2.o)
 .text.libgcc.fixed
                0x00000974        0x0 C:/Program Files/avr-gcc-15.2.0-x64-windows/avr-gcc-15.2.0-x64-windows/bin/../lib/gcc/avr/15.2.0/avr5\libgcc.a(_negsi2.o)
 .text.libgcc.mul
                0x00000974        0x0 C:/Program Files/avr-gcc-15.2.0-x64-windows/avr-gcc-15.2.0-x64-windows/bin/../lib/gcc/avr/15.2.0/avr5\libgcc.a(_clear_bss.o)
 .text.libgcc.div
                0x00000974        0x0 C:/Program Files/avr-gcc-15.2.0-x64-windows/avr-gcc-15.2.0-x64-windows/bin/../lib/gcc/avr/15.2.0/avr5\libgcc.a(_clear_bss.o)
 .text.libgcc   0x00000974        0x0 C:/Program Files/avr-gcc-15.2.0-x64-windows/avr-gcc-15.2.0-x64-windows/bin/../lib/gcc/avr/15.2.0/avr5\libgcc.a(_clear_bss.o)
 .text.libgcc.prologue
                0x00000974        0x0 C:/Program Files/avr-gcc-15.2.0-x64-windows/avr-gcc-15.2.0-x64-windows/bin/../lib/gcc/avr/15.2.0/avr5\libgcc.a(_clear_bss.o)
 .text.libgcc.builtins
                0x00000974        0x0 C:/Program Files/avr-gcc-15.2.0-x64-windows/avr-gcc-15.2.0-x64-windows/bin/../lib/gcc/avr/15.2.0/avr5\libgcc.a(_clear_bss.o)
 .text.libgcc.fmul
                0x00000974        0x0 C:/Program Files/avr-gcc-15.2.0-x64-windows/avr-gcc-15.2.0-x64-windows/bin/../lib/gcc/avr/15.2.0/avr5\libgcc.a(_clear_bss.o)
 .text.libgcc.fixed
                0x00000974        0x0 C:/Program Files/avr-gcc-15.2.0-x64-windows/avr-gcc-15.2.0-x64-windows/bin/../lib/gcc/avr/15.2.0/avr5\libgcc.a(_clear_bss.o)
 .text.libgcc.mul
                0x00000974        0x0 C:/Program Files/avr-gcc-15.2.0-x64-windows/avr-gcc-15.2.0-x64-windows/bin/../lib/gcc/avr/15.2.0/avr5\libgcc.a(_prologue.o)
 .text.libgcc.div
                0x00000974        0x0 C:/Program Files/avr-gcc-15.2.0-x64-windows/avr-gcc-15.2.0-x64-windows/bin/../lib/gcc/avr/15.2.0/avr5\libgcc.a(_prologue.o)
 .text.libgcc   0x00000974        0x0 C:/Program Files/avr-gcc-15.2.0-x64-windows/avr-gcc-15.2.0-x64-windows/bin/../lib/gcc/avr/15.2.0/avr5\libgcc.a(_prologue.o)
 .text.libgcc.prologue
                0x00000974       0x38 C:/Program Files/avr-gcc-15.2.0-x64-windows/avr-gcc-15.2.0-x64-windows/bin/../lib/gcc/avr/15.2.0/avr5\libgcc.a(_prologue.o)
                0x00000974                __prologue_saves__
 .text.libgcc.builtins
                0x000009ac        0x0 C:/Program Files/avr-gcc-15.2.0-x64-windows/avr-gcc-15.2.0-x64-windows/bin/../lib/gcc/avr/15.2.0/avr5\libgcc.a(_prologue.o)
 .text.libgcc.fmul
                0x000009ac        0x0 C:/Program Files/avr-gcc-15.2.0-x64-windows/avr-gcc-15.2.0-x64-windows/bin/../lib/gcc/avr/15.2.0/avr5\libgcc.a(_prologue.o)
 .text.libgcc.fixed
                0x000009ac        0x0 C:/Program Files/avr-gcc-15.2.0-x64-windows/avr-gcc-15.2.0-x64-windows/bin/../lib/gcc/avr/15.2.0/avr5\libgcc.a(_prologue.o)
 .text.libgcc.mul
                0x000009ac        0x0 C:/Program Files/avr-gcc-15.2.0-x64-windows/avr-gcc-15.2.0-x64-windows/bin/../lib/gcc/avr/15.2.0/avr5\libgcc.a(_epilogue.o)
 .text.libgcc.div
                0x000009ac        0x0 C:/Program Files/avr-gcc-15.2.0-x64-windows/avr-gcc-15.2.0-x64-windows/bin/../lib/gcc/avr/15.2.0/avr5\libgcc.a(_epilogue.o)
 .text.libgcc   0x000009ac        0x0 C:/Program Files/avr-gcc-15.2.0-x64-windows/avr-gcc-15.2.0-x64-windows/bin/../lib/gcc/avr/15.2.0/avr5\libgcc.a(_epilogue.o)
 .text.libgcc.prologue
                0x000009ac       0x36 C:/Program Files/avr-gcc-15.2.0-x64-windows/avr-gcc-15.2.0-x64-windows/bin/../lib/gcc/avr/15.2.0/avr5\libgcc.a(_epilogue.o)
                0x000009ac                __epilogue_restores__
 .text.libgcc.builtins
                0x000009e2        0x0 C:/Program Files/avr-gcc-15.2.0-x64-windows/avr-gcc-15.2.0-x64-windows/bin/../lib/gcc/avr/15.2.0/avr5\libgcc.a(_epilogue.o)
 .text.libgcc.fmul
                0x000009e2        0x0 C:/Program Files/avr-gcc-15.2.0-x64-windows/avr-gcc-15.2.0-x64-windows/bin/../lib/gcc/avr/15.2.0/avr5\libgcc.a(_epilogue.o)
 .text.libgcc.fixed
                0x000009e2        0x0 C:/Program Files/avr-gcc-15.2.0-x64-windows/avr-gcc-15.2.0-x64-windows/bin/../lib/gcc/avr/15.2.0/avr5\libgcc.a(_epilogue.o)
                0x000009e2                        . = ALIGN (0x2)
 *(.fini9)
 .fini9         0x000009e2        0x0 C:/Program Files/avr-gcc-15.2.0-x64-windows/avr-gcc-15.2.0-x64-windows/bin/../lib/gcc/avr/15.2.0/avr5\libgcc.a(_exit.o)
                0x000009e2                _exit
                0x000009e2                exit
 *(.fini9)
 *(.fini8)
 *(.fini8)
 *(.fini7)
 *(.fini7)
 *(.fini6)
 *(.fini6)
 *(.fini5)
 *(.fini5)
 *(.fini4)
 *(.fini4)
 *(.fini3)
 *(.fini3)
 *(.fini2)
 *(.fini2)
 *(.fini1)
 *(.fini1)
 *(.fini0)
 .fini0         0x000009e2        0x4 C:/Program Files/avr-gcc-15.2.0-x64-windows/avr-gcc-15.2.0-x64-windows/bin/../lib/gcc/avr/15.2.0/avr5\libgcc.a(_exit.o)
 *(.fini0)
 *(.hightext)
 *(.hightext*)
 *(.progmemx)
 *(.progmemx.*)
                0x000009e6                        . = ALIGN (0x2)
 *(.jumptables)
 *(.jumptables*)
                0x000009e6                        _etext = .

.data           0x00800100       0x82 load address 0x000009e6
                0x00800100                        PROVIDE (__data_start = .)
 *(.data)
 .data          0x00800100        0x0 C:/Program Files/avr-gcc-15.2.0-x64-windows/avr-gcc-15.2.0-x64-windows/bin/../lib/gcc/avr/15.2.0/../../../../avr/lib/avr5/crtatmega328p.o
 .data          0x00800100        0x0 main.o
 .data          0x00800100        0xe usart.o
 .data          0x0080010e        0x0 lcd.o
 .data          0x0080010e        0x0 pushbutton.o
 .data          0x0080010e        0x0 C:/Program Files/avr-gcc-15.2.0-x64-windows/avr-gcc-15.2.0-x64-windows/bin/../lib/gcc/avr/15.2.0/avr5\libgcc.a(_exit.o)
 .data          0x0080010e        0x0 C:/Program Files/avr-gcc-15.2.0-x64-windows/avr-gcc-15.2.0-x64-windows/bin/../lib/gcc/avr/15.2.0/avr5\libgcc.a(_copy_data.o)
 .data          0x0080010e        0x0 C:/Program Files/avr-gcc-15.2.0-x64-windows/avr-gcc-15.2.0-x64-windows/bin/../lib/gcc/avr/15.2.0/../../../../avr/lib/avr5\libc.a(iob.o)
 .data          0x0080010e        0x0 C:/Program Files/avr-gcc-15.2.0-x64-windows/avr-gcc-15.2.0-x64-windows/bin/../lib/gcc/avr/15.2.0/../../../../avr/lib/avr5\libc.a(printf.o)
 .data          0x0080010e        0x0 C:/Program Files/avr-gcc-15.2.0-x64-windows/avr-gcc-15.2.0-x64-windows/bin/../lib/gcc/avr/15.2.0/../../../../avr/lib/avr5\libc.a(puts.o)
 .data          0x0080010e        0x0 C:/Program Files/avr-gcc-15.2.0-x64-windows/avr-gcc-15.2.0-x64-windows/bin/../lib/gcc/avr/15.2.0/../../../../avr/lib/avr5\libc.a(vfprintf_std.o)
 .data          0x0080010e        0x0 C:/Program Files/avr-gcc-15.2.0-x64-windows/avr-gcc-15.2.0-x64-windows/bin/../lib/gcc/avr/15.2.0/../../../../avr/lib/avr5\libc.a(strnlen_P.o)
 .data          0x0080010e        0x0 C:/Program Files/avr-gcc-15.2.0-x64-windows/avr-gcc-15.2.0-x64-windows/bin/../lib/gcc/avr/15.2.0/../../../../avr/lib/avr5\libc.a(strnlen.o)
 .data          0x0080010e        0x0 C:/Program Files/avr-gcc-15.2.0-x64-windows/avr-gcc-15.2.0-x64-windows/bin/../lib/gcc/avr/15.2.0/../../../../avr/lib/avr5\libc.a(fputc.o)
 .data          0x0080010e        0x0 C:/Program Files/avr-gcc-15.2.0-x64-windows/avr-gcc-15.2.0-x64-windows/bin/../lib/gcc/avr/15.2.0/../../../../avr/lib/avr5\libc.a(ultoa_invert.o)
 .data          0x0080010e        0x0 C:/Program Files/avr-gcc-15.2.0-x64-windows/avr-gcc-15.2.0-x64-windows/bin/../lib/gcc/avr/15.2.0/avr5\libgcc.a(_negsi2.o)
 .data          0x0080010e        0x0 C:/Program Files/avr-gcc-15.2.0-x64-windows/avr-gcc-15.2.0-x64-windows/bin/../lib/gcc/avr/15.2.0/avr5\libgcc.a(_clear_bss.o)
 .data          0x0080010e        0x0 C:/Program Files/avr-gcc-15.2.0-x64-windows/avr-gcc-15.2.0-x64-windows/bin/../lib/gcc/avr/15.2.0/avr5\libgcc.a(_prologue.o)
 .data          0x0080010e        0x0 C:/Program Files/avr-gcc-15.2.0-x64-windows/avr-gcc-15.2.0-x64-windows/bin/../lib/gcc/avr/15.2.0/avr5\libgcc.a(_epilogue.o)
 *(.data*)
 *(.gnu.linkonce.d*)
 *(.rodata)
 *(.rodata*)
 .rodata.str1.1
                0x0080010e       0x73 main.o
 *(.gnu.linkonce.r*)
                0x00800182                        . = ALIGN (0x2)
 *fill*         0x00800181        0x1 
                0x00800182                        _edata = .
                0x00800182                        PROVIDE (__data_end = .)

.bss            0x00800182        0x6
                0x00800182                        PROVIDE (__bss_start = .)
 *(.bss)
 .bss           0x00800182        0x0 C:/Program Files/avr-gcc-15.2.0-x64-windows/avr-gcc-15.2.0-x64-windows/bin/../lib/gcc/avr/15.2.0/../../../../avr/lib/avr5/crtatmega328p.o
 .bss           0x00800182        0x0 main.o
 .bss           0x00800182        0x0 usart.o
 .bss           0x00800182        0x0 lcd.o
 .bss           0x00800182        0x0 pushbutton.o
 .bss           0x00800182        0x0 C:/Program Files/avr-gcc-15.2.0-x64-windows/avr-gcc-15.2.0-x64-windows/bin/../lib/gcc/avr/15.2.0/avr5\libgcc.a(_exit.o)
 .bss           0x00800182        0x0 C:/Program Files/avr-gcc-15.2.0-x64-windows/avr-gcc-15.2.0-x64-windows/bin/../lib/gcc/avr/15.2.0/avr5\libgcc.a(_copy_data.o)
 .bss           0x00800182        0x6 C:/Program Files/avr-gcc-15.2.0-x64-windows/avr-gcc-15.2.0-x64-windows/bin/../lib/gcc/avr/15.2.0/../../../../avr/lib/avr5\libc.a(iob.o)
                0x00800182                __iob
 .bss           0x00800188        0x0 C:/Program Files/avr-gcc-15.2.0-x64-windows/avr-gcc-15.2.0-x64-windows/bin/../lib/gcc/avr/15.2.0/../../../../avr/lib/avr5\libc.a(printf.o)
 .bss           0x00800188        0x0 C:/Program Files/avr-gcc-15.2.0-x64-windows/avr-gcc-15.2.0-x64-windows/bin/../lib/gcc/avr/15.2.0/../../../../avr/lib/avr5\libc.a(puts.o)
 .bss           0x00800188        0x0 C:/Program Files/avr-gcc-15.2.0-x64-windows/avr-gcc-15.2.0-x64-windows/bin/../lib/gcc/avr/15.2.0/../../../../avr/lib/avr5\libc.a(vfprintf_std.o)
 .bss           0x00800188        0x0 C:/Program Files/avr-gcc-15.2.0-x64-windows/avr-gcc-15.2.0-x64-windows/bin/../lib/gcc/avr/15.2.0/../../../../avr/lib/avr5\libc.a(strnlen_P.o)
 .bss           0x00800188        0x0 C:/Program Files/avr-gcc-15.2.0-x64-windows/avr-gcc-15.2.0-x64-windows/bin/../lib/gcc/avr/15.2.0/../../../../avr/lib/avr5\libc.a(strnlen.o)
 .bss           0x00800188        0x0 C:/Program Files/avr-gcc-15.2.0-x64-windows/avr-gcc-15.2.0-x64-windows/bin/../lib/gcc/avr/15.2.0/../../../../avr/lib/avr5\libc.a(fputc.o)
 .bss           0x00800188        0x0 C:/Program Files/avr-gcc-15.2.0-x64-windows/avr-gcc-15.2.0-x64-windows/bin/../lib/gcc/avr/15.2.0/../../../../avr/lib/avr5\libc.a(ultoa_invert.o)
 .bss           0x00800188        0x0 C:/Program Files/avr-gcc-15.2.0-x64-windows/avr-gcc-15.2.0-x64-windows/bin/../lib/gcc/avr/15.2.0/avr5\libgcc.a(_negsi2.o)
 .bss           0x00800188        0x0 C:/Program Files/avr-gcc-15.2.0-x64-windows/avr-gcc-15.2.0-x64-windows/bin/../lib/gcc/avr/15.2.0/avr5\libgcc.a(_clear_bss.o)
 .bss           0x00800188        0x0 C:/Program Files/avr-gcc-15.2.0-x64-windows/avr-gcc-15.2.0-x64-windows/bin/../lib/gcc/avr/15.2.0/avr5\libgcc.a(_prologue.o)
 .bss           0x00800188        0x0 C:/Program Files/avr-gcc-15.2.0-x64-windows/avr-gcc-15.2.0-x64-windows/bin/../lib/gcc/avr/15.2.0/avr5\libgcc.a(_epilogue.o)
 *(.bss*)
 *(COMMON)
                0x00800188                        PROVIDE (__bss_end = .)
                0x000009e6                        __data_load_start = LOADADDR (.data)
                0x00000a68                        __data_load_end = (__data_load_start + SIZEOF (.data))

.noinit         0x00800188        0x0
                [!provide]                        PROVIDE (__noinit_start = .)
 *(.noinit .noinit.* .gnu.linkonce.n.*)
                [!provide]                        PROVIDE (__noinit_end = .)
                0x00800188                        _end = .
                [!provide]                        PROVIDE (__heap_start = .)
                0x00000000                        __flmap_init_label = DEFINED (__flmap_noinit_start)?__flmap_noinit_start:0x0
                0x00000000                        __flmap = DEFINED (__flmap)?__flmap:0x0

.eeprom         0x00810000        0x0
 *(.eeprom*)
                0x00810000                        __eeprom_end = .

.fuse
 *(.fuse)
 *(.lfuse)
 *(.hfuse)
 *(.efuse)

.lock
 *(.lock*)

.signature
 *(.signature*)

.stab
 *(.stab)

.stabstr
 *(.stabstr)

.stab.excl
 *(.stab.excl)

.stab.exclstr
 *(.stab.exclstr)

.stab.index
 *(.stab.index)

.stab.indexstr
 *(.stab.indexstr)

.comment        0x00000000       0x12
 *(.comment)
 .comment       0x00000000       0x12 main.o
                                 0x13 (size before relaxing)
 .comment       0x00000012        0x0 usart.o
                                 0x13 (size before relaxing)
 .comment       0x00000012        0x0 lcd.o
                                 0x13 (size before relaxing)
 .comment       0x00000012        0x0 pushbutton.o
                                 0x13 (size before relaxing)
 .comment       0x00000012        0x0 C:/Program Files/avr-gcc-15.2.0-x64-windows/avr-gcc-15.2.0-x64-windows/bin/../lib/gcc/avr/15.2.0/../../../../avr/lib/avr5\libc.a(iob.o)
                                 0x13 (size before relaxing)
 .comment       0x00000012        0x0 C:/Program Files/avr-gcc-15.2.0-x64-windows/avr-gcc-15.2.0-x64-windows/bin/../lib/gcc/avr/15.2.0/../../../../avr/lib/avr5\libc.a(printf.o)
                                 0x13 (size before relaxing)
 .comment       0x00000012        0x0 C:/Program Files/avr-gcc-15.2.0-x64-windows/avr-gcc-15.2.0-x64-windows/bin/../lib/gcc/avr/15.2.0/../../../../avr/lib/avr5\libc.a(puts.o)
                                 0x13 (size before relaxing)
 .comment       0x00000012        0x0 C:/Program Files/avr-gcc-15.2.0-x64-windows/avr-gcc-15.2.0-x64-windows/bin/../lib/gcc/avr/15.2.0/../../../../avr/lib/avr5\libc.a(vfprintf_std.o)
                                 0x13 (size before relaxing)
 .comment       0x00000012        0x0 C:/Program Files/avr-gcc-15.2.0-x64-windows/avr-gcc-15.2.0-x64-windows/bin/../lib/gcc/avr/15.2.0/../../../../avr/lib/avr5\libc.a(fputc.o)
                                 0x13 (size before relaxing)

.note.gnu.avr.deviceinfo
                0x00000000       0x40
 .note.gnu.avr.deviceinfo
                0x00000000       0x40 C:/Program Files/avr-gcc-15.2.0-x64-windows/avr-gcc-15.2.0-x64-windows/bin/../lib/gcc/avr/15.2.0/../../../../avr/lib/avr5/crtatmega328p.o

.gnu.build.attributes
 *(.gnu.build.attributes .gnu.build.attributes.*)

.note.gnu.build-id
 *(.note.gnu.build-id)

.debug
 *(.debug)

.line
 *(.line)

.debug_srcinfo
 *(.debug_srcinfo)

.debug_sfnames
 *(.debug_sfnames)

.debug_aranges  0x00000000      0x140
 *(.debug_aranges)
 .debug_aranges
                0x00000000       0x28 main.o
 .debug_aranges
                0x00000028       0x20 usart.o
 .debug_aranges
                0x00000048       0x20 lcd.o
 .debug_aranges
                0x00000068       0x18 pushbutton.o
 .debug_aranges
                0x00000080       0x20 C:/Program Files/avr-gcc-15.2.0-x64-windows/avr-gcc-15.2.0-x64-windows/bin/../lib/gcc/avr/15.2.0/avr5\libgcc.a(_exit.o)
 .debug_aranges
                0x000000a0       0x20 C:/Program Files/avr-gcc-15.2.0-x64-windows/avr-gcc-15.2.0-x64-windows/bin/../lib/gcc/avr/15.2.0/avr5\libgcc.a(_copy_data.o)
 .debug_aranges
                0x000000c0       0x20 C:/Program Files/avr-gcc-15.2.0-x64-windows/avr-gcc-15.2.0-x64-windows/bin/../lib/gcc/avr/15.2.0/avr5\libgcc.a(_negsi2.o)
 .debug_aranges
                0x000000e0       0x20 C:/Program Files/avr-gcc-15.2.0-x64-windows/avr-gcc-15.2.0-x64-windows/bin/../lib/gcc/avr/15.2.0/avr5\libgcc.a(_clear_bss.o)
 .debug_aranges
                0x00000100       0x20 C:/Program Files/avr-gcc-15.2.0-x64-windows/avr-gcc-15.2.0-x64-windows/bin/../lib/gcc/avr/15.2.0/avr5\libgcc.a(_prologue.o)
 .debug_aranges
                0x00000120       0x20 C:/Program Files/avr-gcc-15.2.0-x64-windows/avr-gcc-15.2.0-x64-windows/bin/../lib/gcc/avr/15.2.0/avr5\libgcc.a(_epilogue.o)

.debug_pubnames
 *(.debug_pubnames)

.debug_info     0x00000000     0x1152
 *(.debug_info .gnu.linkonce.wi.*)
 .debug_info    0x00000000      0x5f4 C:/Program Files/avr-gcc-15.2.0-x64-windows/avr-gcc-15.2.0-x64-windows/bin/../lib/gcc/avr/15.2.0/../../../../avr/lib/avr5/crtatmega328p.o
 .debug_info    0x000005f4      0x2ba main.o
 .debug_info    0x000008ae      0x2d7 usart.o
 .debug_info    0x00000b85      0x492 lcd.o
 .debug_info    0x00001017       0x63 pushbutton.o
 .debug_info    0x0000107a       0x24 C:/Program Files/avr-gcc-15.2.0-x64-windows/avr-gcc-15.2.0-x64-windows/bin/../lib/gcc/avr/15.2.0/avr5\libgcc.a(_exit.o)
 .debug_info    0x0000109e       0x24 C:/Program Files/avr-gcc-15.2.0-x64-windows/avr-gcc-15.2.0-x64-windows/bin/../lib/gcc/avr/15.2.0/avr5\libgcc.a(_copy_data.o)
 .debug_info    0x000010c2       0x24 C:/Program Files/avr-gcc-15.2.0-x64-windows/avr-gcc-15.2.0-x64-windows/bin/../lib/gcc/avr/15.2.0/avr5\libgcc.a(_negsi2.o)
 .debug_info    0x000010e6       0x24 C:/Program Files/avr-gcc-15.2.0-x64-windows/avr-gcc-15.2.0-x64-windows/bin/../lib/gcc/avr/15.2.0/avr5\libgcc.a(_clear_bss.o)
 .debug_info    0x0000110a       0x24 C:/Program Files/avr-gcc-15.2.0-x64-windows/avr-gcc-15.2.0-x64-windows/bin/../lib/gcc/avr/15.2.0/avr5\libgcc.a(_prologue.o)
 .debug_info    0x0000112e       0x24 C:/Program Files/avr-gcc-15.2.0-x64-windows/avr-gcc-15.2.0-x64-windows/bin/../lib/gcc/avr/15.2.0/avr5\libgcc.a(_epilogue.o)

.debug_abbrev   0x00000000      0xb66
 *(.debug_abbrev)
 .debug_abbrev  0x00000000      0x5a2 C:/Program Files/avr-gcc-15.2.0-x64-windows/avr-gcc-15.2.0-x64-windows/bin/../lib/gcc/avr/15.2.0/../../../../avr/lib/avr5/crtatmega328p.o
 .debug_abbrev  0x000005a2      0x1ba main.o
 .debug_abbrev  0x0000075c      0x1d0 usart.o
 .debug_abbrev  0x0000092c      0x196 lcd.o
 .debug_abbrev  0x00000ac2       0x2c pushbutton.o
 .debug_abbrev  0x00000aee       0x14 C:/Program Files/avr-gcc-15.2.0-x64-windows/avr-gcc-15.2.0-x64-windows/bin/../lib/gcc/avr/15.2.0/avr5\libgcc.a(_exit.o)
 .debug_abbrev  0x00000b02       0x14 C:/Program Files/avr-gcc-15.2.0-x64-windows/avr-gcc-15.2.0-x64-windows/bin/../lib/gcc/avr/15.2.0/avr5\libgcc.a(_copy_data.o)
 .debug_abbrev  0x00000b16       0x14 C:/Program Files/avr-gcc-15.2.0-x64-windows/avr-gcc-15.2.0-x64-windows/bin/../lib/gcc/avr/15.2.0/avr5\libgcc.a(_negsi2.o)
 .debug_abbrev  0x00000b2a       0x14 C:/Program Files/avr-gcc-15.2.0-x64-windows/avr-gcc-15.2.0-x64-windows/bin/../lib/gcc/avr/15.2.0/avr5\libgcc.a(_clear_bss.o)
 .debug_abbrev  0x00000b3e       0x14 C:/Program Files/avr-gcc-15.2.0-x64-windows/avr-gcc-15.2.0-x64-windows/bin/../lib/gcc/avr/15.2.0/avr5\libgcc.a(_prologue.o)
 .debug_abbrev  0x00000b52       0x14 C:/Program Files/avr-gcc-15.2.0-x64-windows/avr-gcc-15.2.0-x64-windows/bin/../lib/gcc/avr/15.2.0/avr5\libgcc.a(_epilogue.o)

.debug_line     0x00000000      0xd5b
 *(.debug_line .debug_line.* .debug_line_end)
 .debug_line    0x00000000       0x1d C:/Program Files/avr-gcc-15.2.0-x64-windows/avr-gcc-15.2.0-x64-windows/bin/../lib/gcc/avr/15.2.0/../../../../avr/lib/avr5/crtatmega328p.o
 .debug_line    0x0000001d      0x162 main.o
 .debug_line    0x0000017f      0x309 usart.o
 .debug_line    0x00000488      0x530 lcd.o
 .debug_line    0x000009b8       0x31 pushbutton.o
 .debug_line    0x000009e9       0x51 C:/Program Files/avr-gcc-15.2.0-x64-windows/avr-gcc-15.2.0-x64-windows/bin/../lib/gcc/avr/15.2.0/avr5\libgcc.a(_exit.o)
 .debug_line    0x00000a3a       0x87 C:/Program Files/avr-gcc-15.2.0-x64-windows/avr-gcc-15.2.0-x64-windows/bin/../lib/gcc/avr/15.2.0/avr5\libgcc.a(_copy_data.o)
 .debug_line    0x00000ac1       0x51 C:/Program Files/avr-gcc-15.2.0-x64-windows/avr-gcc-15.2.0-x64-windows/bin/../lib/gcc/avr/15.2.0/avr5\libgcc.a(_negsi2.o)
 .debug_line    0x00000b12       0x75 C:/Program Files/avr-gcc-15.2.0-x64-windows/avr-gcc-15.2.0-x64-windows/bin/../lib/gcc/avr/15.2.0/avr5\libgcc.a(_clear_bss.o)
 .debug_line    0x00000b87       0xed C:/Program Files/avr-gcc-15.2.0-x64-windows/avr-gcc-15.2.0-x64-windows/bin/../lib/gcc/avr/15.2.0/avr5\libgcc.a(_prologue.o)
 .debug_line    0x00000c74       0xe7 C:/Program Files/avr-gcc-15.2.0-x64-windows/avr-gcc-15.2.0-x64-windows/bin/../lib/gcc/avr/15.2.0/avr5\libgcc.a(_epilogue.o)

.debug_frame    0x00000000      0x198
 *(.debug_frame)
 .debug_frame   0x00000000       0x3c main.o
 .debug_frame   0x0000003c       0xc4 usart.o
 .debug_frame   0x00000100       0x98 lcd.o

.debug_str      0x00000000      0x46a
 *(.debug_str)
 .debug_str     0x00000000      0x208 C:/Program Files/avr-gcc-15.2.0-x64-windows/avr-gcc-15.2.0-x64-windows/bin/../lib/gcc/avr/15.2.0/../../../../avr/lib/avr5/crtatmega328p.o
 .debug_str     0x00000208      0x262 main.o
                                0x173 (size before relaxing)
 .debug_str     0x0000046a        0x0 usart.o
                                0x168 (size before relaxing)
 .debug_str     0x0000046a        0x0 lcd.o
                                0x174 (size before relaxing)
 .debug_str     0x0000046a        0x0 pushbutton.o
                                 0xc4 (size before relaxing)
 .debug_str     0x0000046a        0x0 C:/Program Files/avr-gcc-15.2.0-x64-windows/avr-gcc-15.2.0-x64-windows/bin/../lib/gcc/avr/15.2.0/avr5\libgcc.a(_exit.o)
                                 0x68 (size before relaxing)
 .debug_str     0x0000046a        0x0 C:/Program Files/avr-gcc-15.2.0-x64-windows/avr-gcc-15.2.0-x64-windows/bin/../lib/gcc/avr/15.2.0/avr5\libgcc.a(_copy_data.o)
                                 0x68 (size before relaxing)
 .debug_str     0x0000046a        0x0 C:/Program Files/avr-gcc-15.2.0-x64-windows/avr-gcc-15.2.0-x64-windows/bin/../lib/gcc/avr/15.2.0/avr5\libgcc.a(_negsi2.o)
                                 0x68 (size before relaxing)
 .debug_str     0x0000046a        0x0 C:/Program Files/avr-gcc-15.2.0-x64-windows/avr-gcc-15.2.0-x64-windows/bin/../lib/gcc/avr/15.2.0/avr5\libgcc.a(_clear_bss.o)
                                 0x68 (size before relaxing)
 .debug_str     0x0000046a        0x0 C:/Program Files/avr-gcc-15.2.0-x64-windows/avr-gcc-15.2.0-x64-windows/bin/../lib/gcc/avr/15.2.0/avr5\libgcc.a(_prologue.o)
                                 0x68 (size before relaxing)
 .debug_str     0x0000046a        0x0 C:/Program Files/avr-gcc-15.2.0-x64-windows/avr-gcc-15.2.0-x64-windows/bin/../lib/gcc/avr/15.2.0/avr5\libgcc.a(_epilogue.o)
                                 0x68 (size before relaxing)

.debug_loc
 *(.debug_loc)

.debug_macinfo
 *(.debug_macinfo)

.debug_weaknames
 *(.debug_weaknames)

.debug_funcnames
 *(.debug_funcnames)

.debug_typenames
 *(.debug_typenames)

.debug_varnames
 *(.debug_varnames)

.debug_pubtypes
 *(.debug_pubtypes)

.debug_ranges
 *(.debug_ranges)

.debug_addr
 *(.debug_addr)

.debug_line_str
                0x00000000      0x1af
 *(.debug_line_str)
 .debug_line_str
                0x00000000      0x1af main.o
                                0x19a (size before relaxing)
 .debug_line_str
                0x000001af        0x0 usart.o
                                0x124 (size before relaxing)
 .debug_line_str
                0x000001af        0x0 lcd.o
                                0x176 (size before relaxing)
 .debug_line_str
                0x000001af        0x0 pushbutton.o
                                 0xc2 (size before relaxing)
 .debug_line_str
                0x000001af        0x0 C:/Program Files/avr-gcc-15.2.0-x64-windows/avr-gcc-15.2.0-x64-windows/bin/../lib/gcc/avr/15.2.0/avr5\libgcc.a(_exit.o)
                                 0x5c (size before relaxing)
 .debug_line_str
                0x000001af        0x0 C:/Program Files/avr-gcc-15.2.0-x64-windows/avr-gcc-15.2.0-x64-windows/bin/../lib/gcc/avr/15.2.0/avr5\libgcc.a(_copy_data.o)
                                 0x5c (size before relaxing)
 .debug_line_str
                0x000001af        0x0 C:/Program Files/avr-gcc-15.2.0-x64-windows/avr-gcc-15.2.0-x64-windows/bin/../lib/gcc/avr/15.2.0/avr5\libgcc.a(_negsi2.o)
                                 0x5c (size before relaxing)
 .debug_line_str
                0x000001af        0x0 C:/Program Files/avr-gcc-15.2.0-x64-windows/avr-gcc-15.2.0-x64-windows/bin/../lib/gcc/avr/15.2.0/avr5\libgcc.a(_clear_bss.o)
                                 0x5c (size before relaxing)
 .debug_line_str
                0x000001af        0x0 C:/Program Files/avr-gcc-15.2.0-x64-windows/avr-gcc-15.2.0-x64-windows/bin/../lib/gcc/avr/15.2.0/avr5\libgcc.a(_prologue.o)
                                 0x5c (size before relaxing)
 .debug_line_str
                0x000001af        0x0 C:/Program Files/avr-gcc-15.2.0-x64-windows/avr-gcc-15.2.0-x64-windows/bin/../lib/gcc/avr/15.2.0/avr5\libgcc.a(_epilogue.o)
                                 0x5c (size before relaxing)

.debug_loclists
                0x00000000      0x3a1
 *(.debug_loclists)
 .debug_loclists
                0x00000000       0x3c main.o
 .debug_loclists
                0x0000003c      0x145 usart.o
 .debug_loclists
                0x00000181      0x220 lcd.o

.debug_macro
 *(.debug_macro)

.debug_names
 *(.debug_names)

.debug_rnglists
                0x00000000       0x1a
 *(.debug_rnglists)
 .debug_rnglists
                0x00000000       0x1a main.o

.debug_str_offsets
 *(.debug_str_offsets)

.debug_sup
 *(.debug_sup)
OUTPUT(main.elf elf32-avr)
LOAD linker stubs
